Archive member included to satisfy reference by file (symbol)

/Users/hdm/cypress/vscode/cortex-debug-samples/blink2/psoc6pdl_Cortex-M4/Debug/libpsoc6pdl_Cortex-M4.a(cy_syslib_gcc.o)
                              ./psoc6sw-1.2/components/psoc6pdl/devices/bsp/COMPONENT_MTB/startup/system_psoc6_cm4.o (Cy_SysLib_EnterCriticalSection)
/Users/hdm/cypress/vscode/cortex-debug-samples/blink2/psoc6pdl_Cortex-M4/Debug/libpsoc6pdl_Cortex-M4.a(cy_device.o)
                              ./psoc6sw-1.2/components/psoc6pdl/devices/bsp/COMPONENT_MTB/startup/system_psoc6_cm4.o (Cy_PDL_Init)
/Users/hdm/cypress/vscode/cortex-debug-samples/blink2/psoc6pdl_Cortex-M4/Debug/libpsoc6pdl_Cortex-M4.a(cy_flash.o)
                              ./psoc6sw-1.2/components/psoc6pdl/devices/bsp/COMPONENT_MTB/startup/system_psoc6_cm4.o (Cy_Flash_Init)
/Users/hdm/cypress/vscode/cortex-debug-samples/blink2/psoc6pdl_Cortex-M4/Debug/libpsoc6pdl_Cortex-M4.a(cy_gpio.o)
                              ./GeneratedSource/cycfg_pins.o (Cy_GPIO_Pin_Init)
/Users/hdm/cypress/vscode/cortex-debug-samples/blink2/psoc6pdl_Cortex-M4/Debug/libpsoc6pdl_Cortex-M4.a(cy_ipc_drv.o)
                              /Users/hdm/cypress/vscode/cortex-debug-samples/blink2/psoc6pdl_Cortex-M4/Debug/libpsoc6pdl_Cortex-M4.a(cy_flash.o) (Cy_IPC_Drv_SendMsgWord)
/Users/hdm/cypress/vscode/cortex-debug-samples/blink2/psoc6pdl_Cortex-M4/Debug/libpsoc6pdl_Cortex-M4.a(cy_ipc_pipe.o)
                              ./psoc6sw-1.2/components/psoc6pdl/devices/bsp/COMPONENT_MTB/startup/system_psoc6_cm4.o (Cy_IPC_Pipe_Config)
/Users/hdm/cypress/vscode/cortex-debug-samples/blink2/psoc6pdl_Cortex-M4/Debug/libpsoc6pdl_Cortex-M4.a(cy_ipc_sema.o)
                              ./psoc6sw-1.2/components/psoc6pdl/devices/bsp/COMPONENT_MTB/startup/system_psoc6_cm4.o (Cy_IPC_Sema_Init)
/Users/hdm/cypress/vscode/cortex-debug-samples/blink2/psoc6pdl_Cortex-M4/Debug/libpsoc6pdl_Cortex-M4.a(cy_sysclk.o)
                              ./GeneratedSource/cycfg_system.o (Cy_SysClk_ClkPathSetSource)
/Users/hdm/cypress/vscode/cortex-debug-samples/blink2/psoc6pdl_Cortex-M4/Debug/libpsoc6pdl_Cortex-M4.a(cy_sysint.o)
                              /Users/hdm/cypress/vscode/cortex-debug-samples/blink2/psoc6pdl_Cortex-M4/Debug/libpsoc6pdl_Cortex-M4.a(cy_flash.o) (Cy_SysInt_Init)
/Users/hdm/cypress/vscode/cortex-debug-samples/blink2/psoc6pdl_Cortex-M4/Debug/libpsoc6pdl_Cortex-M4.a(cy_syslib.o)
                              ./Source/main.o (Cy_SysLib_Delay)
/Users/hdm/cypress/vscode/cortex-debug-samples/blink2/psoc6pdl_Cortex-M4/Debug/libpsoc6pdl_Cortex-M4.a(cy_syspm.o)
                              ./GeneratedSource/cycfg_system.o (Cy_SysPm_LdoSetVoltage)
/Users/hdm/cypress/vscode/cortex-debug-samples/blink2/psoc6pdl_Cortex-M4/Debug/libpsoc6pdl_Cortex-M4.a(cy_prot.o)
                              /Users/hdm/cypress/vscode/cortex-debug-samples/blink2/psoc6pdl_Cortex-M4/Debug/libpsoc6pdl_Cortex-M4.a(cy_syspm.o) (Cy_Prot_GetActivePC)
/Applications/ModusToolbox_2.0/tools/gcc-7.2.1-1.0/bin/../lib/gcc/arm-none-eabi/7.2.1/thumb/v7e-m/fpv4-sp/softfp/libgcc.a(_aeabi_uldivmod.o)
                              /Users/hdm/cypress/vscode/cortex-debug-samples/blink2/psoc6pdl_Cortex-M4/Debug/libpsoc6pdl_Cortex-M4.a(cy_sysclk.o) (__aeabi_uldivmod)
/Applications/ModusToolbox_2.0/tools/gcc-7.2.1-1.0/bin/../lib/gcc/arm-none-eabi/7.2.1/thumb/v7e-m/fpv4-sp/softfp/libgcc.a(_udivmoddi4.o)
                              /Applications/ModusToolbox_2.0/tools/gcc-7.2.1-1.0/bin/../lib/gcc/arm-none-eabi/7.2.1/thumb/v7e-m/fpv4-sp/softfp/libgcc.a(_aeabi_uldivmod.o) (__udivmoddi4)
/Applications/ModusToolbox_2.0/tools/gcc-7.2.1-1.0/bin/../lib/gcc/arm-none-eabi/7.2.1/thumb/v7e-m/fpv4-sp/softfp/libgcc.a(_dvmd_tls.o)
                              /Applications/ModusToolbox_2.0/tools/gcc-7.2.1-1.0/bin/../lib/gcc/arm-none-eabi/7.2.1/thumb/v7e-m/fpv4-sp/softfp/libgcc.a(_aeabi_uldivmod.o) (__aeabi_ldiv0)
/Applications/ModusToolbox_2.0/tools/gcc-7.2.1-1.0/bin/../lib/gcc/arm-none-eabi/7.2.1/../../../../arm-none-eabi/lib/thumb/v7e-m/fpv4-sp/softfp/libg_nano.a(lib_a-exit.o)
                              /Applications/ModusToolbox_2.0/tools/gcc-7.2.1-1.0/bin/../lib/gcc/arm-none-eabi/7.2.1/../../../../arm-none-eabi/lib/thumb/v7e-m/fpv4-sp/softfp/crt0.o (exit)
/Applications/ModusToolbox_2.0/tools/gcc-7.2.1-1.0/bin/../lib/gcc/arm-none-eabi/7.2.1/../../../../arm-none-eabi/lib/thumb/v7e-m/fpv4-sp/softfp/libg_nano.a(lib_a-impure.o)
                              /Applications/ModusToolbox_2.0/tools/gcc-7.2.1-1.0/bin/../lib/gcc/arm-none-eabi/7.2.1/../../../../arm-none-eabi/lib/thumb/v7e-m/fpv4-sp/softfp/libg_nano.a(lib_a-exit.o) (_global_impure_ptr)
/Applications/ModusToolbox_2.0/tools/gcc-7.2.1-1.0/bin/../lib/gcc/arm-none-eabi/7.2.1/../../../../arm-none-eabi/lib/thumb/v7e-m/fpv4-sp/softfp/libg_nano.a(lib_a-init.o)
[...]
Memory Configuration

Name             Origin             Length             Attributes
ram              0x0000000008002000 0x0000000000045800 xrw
flash            0x0000000010000000 0x0000000000100000 xr
em_eeprom        0x0000000014000000 0x0000000000008000 xr
sflash_user_data 0x0000000016000800 0x0000000000000800 xr
sflash_nar       0x0000000016001a00 0x0000000000000200 xr
sflash_public_key 0x0000000016005a00 0x0000000000000c00 xr
sflash_toc_2     0x0000000016007c00 0x0000000000000200 xr
sflash_rtoc_2    0x0000000016007e00 0x0000000000000200 xr
xip              0x0000000018000000 0x0000000008000000 xr
efuse            0x0000000090700000 0x0000000000100000 r
*default*        0x0000000000000000 0xffffffffffffffff

Linker script and memory map

LOAD /Applications/ModusToolbox_2.0/tools/gcc-7.2.1-1.0/bin/../lib/gcc/arm-none-eabi/7.2.1/thumb/v7e-m/fpv4-sp/softfp/crti.o
LOAD /Applications/ModusToolbox_2.0/tools/gcc-7.2.1-1.0/bin/../lib/gcc/arm-none-eabi/7.2.1/thumb/v7e-m/fpv4-sp/softfp/crtbegin.o
LOAD /Applications/ModusToolbox_2.0/tools/gcc-7.2.1-1.0/bin/../lib/gcc/arm-none-eabi/7.2.1/../../../../arm-none-eabi/lib/thumb/v7e-m/fpv4-sp/softfp/crt0.o
START GROUP
LOAD ./psoc6sw-1.2/components/psoc6pdl/devices/bsp/COMPONENT_MTB/startup/TOOLCHAIN_GCC_ARM/startup_psoc6_01_cm4.o
LOAD ./psoc6sw-1.2/components/psoc6pdl/devices/bsp/COMPONENT_MTB/startup/system_psoc6_cm4.o
LOAD ./psoc6sw-1.2/components/psoc6cm0p/COMPONENT_CM0P_SLEEP/psoc6_01_cm0p_sleep.o
LOAD ./Source/main.o
LOAD ./GeneratedSource/cycfg.o
LOAD ./GeneratedSource/cycfg_pins.o
LOAD ./GeneratedSource/cycfg_routing.o
LOAD ./GeneratedSource/cycfg_system.o
LOAD /Users/hdm/cypress/vscode/cortex-debug-samples/blink2/psoc6pdl_Cortex-M4/Debug/libpsoc6pdl_Cortex-M4.a
END GROUP
START GROUP
LOAD /Applications/ModusToolbox_2.0/tools/gcc-7.2.1-1.0/bin/../lib/gcc/arm-none-eabi/7.2.1/thumb/v7e-m/fpv4-sp/softfp/libgcc.a
LOAD /Applications/ModusToolbox_2.0/tools/gcc-7.2.1-1.0/bin/../lib/gcc/arm-none-eabi/7.2.1/../../../../arm-none-eabi/lib/thumb/v7e-m/fpv4-sp/softfp/libg_nano.a
LOAD /Applications/ModusToolbox_2.0/tools/gcc-7.2.1-1.0/bin/../lib/gcc/arm-none-eabi/7.2.1/../../../../arm-none-eabi/lib/thumb/v7e-m/fpv4-sp/softfp/libc_nano.a
END GROUP
START GROUP
LOAD /Applications/ModusToolbox_2.0/tools/gcc-7.2.1-1.0/bin/../lib/gcc/arm-none-eabi/7.2.1/thumb/v7e-m/fpv4-sp/softfp/libgcc.a
LOAD /Applications/ModusToolbox_2.0/tools/gcc-7.2.1-1.0/bin/../lib/gcc/arm-none-eabi/7.2.1/../../../../arm-none-eabi/lib/thumb/v7e-m/fpv4-sp/softfp/libc_nano.a
END GROUP
LOAD /Applications/ModusToolbox_2.0/tools/gcc-7.2.1-1.0/bin/../lib/gcc/arm-none-eabi/7.2.1/thumb/v7e-m/fpv4-sp/softfp/crtend.o
LOAD /Applications/ModusToolbox_2.0/tools/gcc-7.2.1-1.0/bin/../lib/gcc/arm-none-eabi/7.2.1/thumb/v7e-m/fpv4-sp/softfp/crtn.o
START GROUP
LOAD /Applications/ModusToolbox_2.0/tools/gcc-7.2.1-1.0/bin/../lib/gcc/arm-none-eabi/7.2.1/thumb/v7e-m/fpv4-sp/softfp/libgcc.a
LOAD /Applications/ModusToolbox_2.0/tools/gcc-7.2.1-1.0/bin/../lib/gcc/arm-none-eabi/7.2.1/../../../../arm-none-eabi/lib/thumb/v7e-m/fpv4-sp/softfp/libc.a
LOAD /Applications/ModusToolbox_2.0/tools/gcc-7.2.1-1.0/bin/../lib/gcc/arm-none-eabi/7.2.1/../../../../arm-none-eabi/lib/thumb/v7e-m/fpv4-sp/softfp/libnosys.a
END GROUP
                0x0000000000001000                STACK_SIZE = 0x1000
                0x0000000000002000                FLASH_CM0P_SIZE = 0x2000
                0x0000000010000000                FLASH_CM0P_START = ORIGIN (flash)
                0x00000000000fe000                FLASH_CM4_SIZE = (LENGTH (flash) - FLASH_CM0P_SIZE)
                0x0000000010002000                FLASH_CM4_START = (FLASH_CM0P_START + FLASH_CM0P_SIZE)
START GROUP
LOAD /Applications/ModusToolbox_2.0/tools/gcc-7.2.1-1.0/bin/../lib/gcc/arm-none-eabi/7.2.1/thumb/v7e-m/fpv4-sp/softfp/libgcc.a
LOAD /Applications/ModusToolbox_2.0/tools/gcc-7.2.1-1.0/bin/../lib/gcc/arm-none-eabi/7.2.1/../../../../arm-none-eabi/lib/thumb/v7e-m/fpv4-sp/softfp/libc.a
LOAD /Applications/ModusToolbox_2.0/tools/gcc-7.2.1-1.0/bin/../lib/gcc/arm-none-eabi/7.2.1/../../../../arm-none-eabi/lib/thumb/v7e-m/fpv4-sp/softfp/libm.a
LOAD /Applications/ModusToolbox_2.0/tools/gcc-7.2.1-1.0/bin/../lib/gcc/arm-none-eabi/7.2.1/../../../../arm-none-eabi/lib/thumb/v7e-m/fpv4-sp/softfp/libnosys.a
END GROUP

.cy_m0p_image   0x0000000010000000     0x14d8
                0x0000000010000000                . = ALIGN (0x4)
                0x0000000010000000                __cy_m0p_code_start = .
 *(.cy_m0p_image)
 .cy_m0p_image  0x0000000010000000     0x14d8 ./psoc6sw-1.2/components/psoc6cm0p/COMPONENT_CM0P_SLEEP/psoc6_01_cm0p_sleep.o
                0x0000000010000000                cy_m0p_image
                0x00000000100014d8                __cy_m0p_code_end = .

.text           0x0000000010002000     0x2480
                0x0000000010002000                . = ALIGN (0x4)
                0x0000000010002000                __Vectors = .
 *(.vectors)
 .vectors       0x0000000010002000      0x28c ./psoc6sw-1.2/components/psoc6pdl/devices/bsp/COMPONENT_MTB/startup/TOOLCHAIN_GCC_ARM/startup_psoc6_01_cm4.o
                0x000000001000228c                . = ALIGN (0x4)
                0x000000001000228c                __Vectors_End = .
                0x000000000000028c                __Vectors_Size = (__Vectors_End - __Vectors)
                0x000000001000228c                __end__ = .
                0x000000001000228c                . = ALIGN (0x4)
 *(.text*)
 .text          0x000000001000228c       0x40 /Applications/ModusToolbox_2.0/tools/gcc-7.2.1-1.0/bin/../lib/gcc/arm-none-eabi/7.2.1/thumb/v7e-m/fpv4-sp/softfp/crtbegin.o
 .text          0x00000000100022cc       0x84 ./psoc6sw-1.2/components/psoc6pdl/devices/bsp/COMPONENT_MTB/startup/TOOLCHAIN_GCC_ARM/startup_psoc6_01_cm4.o
                0x00000000100022cc                Cy_OnResetUser
                0x00000000100022ce                Reset_Handler
                0x0000000010002330                cpuss_interrupts_ipc_6_IRQHandler
                0x0000000010002330                DebugMon_Handler
                0x0000000010002330                tcpwm_1_interrupts_11_IRQHandler
                0x0000000010002330                cpuss_interrupts_ipc_0_IRQHandler
                0x0000000010002330                tcpwm_1_interrupts_15_IRQHandler
                0x0000000010002330                tcpwm_1_interrupts_13_IRQHandler
                0x0000000010002330                cpuss_interrupts_dw1_8_IRQHandler
                0x0000000010002330                tcpwm_0_interrupts_0_IRQHandler
                0x0000000010002330                SysTick_Handler
                0x0000000010002330                cpuss_interrupt_fm_IRQHandler
                0x0000000010002330                cpuss_interrupts_ipc_7_IRQHandler
                0x0000000010002330                tcpwm_1_interrupts_14_IRQHandler
                0x0000000010002330                cpuss_interrupts_dw0_11_IRQHandler
                0x0000000010002330                tcpwm_1_interrupts_9_IRQHandler
                0x0000000010002330                cpuss_interrupts_cm0_cti_1_IRQHandler
                0x0000000010002330                tcpwm_1_interrupts_22_IRQHandler
                0x0000000010002330                cpuss_interrupts_dw0_4_IRQHandler
                0x0000000010002330                PendSV_Handler
                0x0000000010002330                NMI_Handler
                0x0000000010002330                cpuss_interrupts_dw1_12_IRQHandler
                0x0000000010002330                tcpwm_1_interrupts_12_IRQHandler
                0x0000000010002330                smif_interrupt_IRQHandler
                0x0000000010002330                tcpwm_1_interrupts_2_IRQHandler
                0x0000000010002330                cpuss_interrupts_ipc_13_IRQHandler
                0x0000000010002330                udb_interrupts_11_IRQHandler
                0x0000000010002330                tcpwm_1_interrupts_18_IRQHandler
                0x0000000010002330                tcpwm_0_interrupts_2_IRQHandler
                0x0000000010002330                cpuss_interrupts_dw0_13_IRQHandler
                0x0000000010002330                udb_interrupts_2_IRQHandler
                0x0000000010002330                cpuss_interrupts_dw1_7_IRQHandler
                0x0000000010002330                ioss_interrupts_gpio_1_IRQHandler
                0x0000000010002330                ioss_interrupts_gpio_7_IRQHandler
                0x0000000010002330                scb_5_interrupt_IRQHandler
                0x0000000010002330                udb_interrupts_6_IRQHandler
                0x0000000010002330                cpuss_interrupts_fault_1_IRQHandler
                0x0000000010002330                cpuss_interrupts_ipc_4_IRQHandler
                0x0000000010002330                cpuss_interrupts_ipc_5_IRQHandler
                0x0000000010002330                cpuss_interrupts_dw1_10_IRQHandler
                0x0000000010002330                udb_interrupts_0_IRQHandler
                0x0000000010002330                tcpwm_1_interrupts_6_IRQHandler
                0x0000000010002330                scb_4_interrupt_IRQHandler
                0x0000000010002330                pass_interrupt_dacs_IRQHandler
                0x0000000010002330                ioss_interrupts_gpio_2_IRQHandler
                0x0000000010002330                cpuss_interrupts_dw1_9_IRQHandler
                0x0000000010002330                cpuss_interrupts_dw1_13_IRQHandler
                0x0000000010002330                scb_2_interrupt_IRQHandler
                0x0000000010002330                cpuss_interrupts_dw0_3_IRQHandler
                0x0000000010002330                cpuss_interrupts_dw0_5_IRQHandler
                0x0000000010002330                cpuss_interrupts_dw1_2_IRQHandler
                0x0000000010002330                cpuss_interrupts_cm0_cti_0_IRQHandler
                0x0000000010002330                ioss_interrupts_gpio_13_IRQHandler
                0x0000000010002330                lpcomp_interrupt_IRQHandler
                0x0000000010002330                udb_interrupts_5_IRQHandler
                0x0000000010002330                srss_interrupt_IRQHandler
                0x0000000010002330                udb_interrupts_12_IRQHandler
                0x0000000010002330                scb_0_interrupt_IRQHandler
                0x0000000010002330                csd_interrupt_IRQHandler
                0x0000000010002330                udb_interrupts_1_IRQHandler
                0x0000000010002330                profile_interrupt_IRQHandler
                0x0000000010002330                tcpwm_1_interrupts_1_IRQHandler
                0x0000000010002330                cpuss_interrupts_ipc_12_IRQHandler
                0x0000000010002330                tcpwm_1_interrupts_3_IRQHandler
                0x0000000010002330                tcpwm_0_interrupts_7_IRQHandler
                0x0000000010002330                cpuss_interrupts_dw1_1_IRQHandler
                0x0000000010002330                cpuss_interrupts_dw1_0_IRQHandler
                0x0000000010002330                cpuss_interrupts_dw0_9_IRQHandler
                0x0000000010002330                tcpwm_1_interrupts_23_IRQHandler
                0x0000000010002330                udb_interrupts_4_IRQHandler
                0x0000000010002330                tcpwm_1_interrupts_20_IRQHandler
                0x0000000010002330                ioss_interrupt_gpio_IRQHandler
                0x0000000010002330                tcpwm_0_interrupts_1_IRQHandler
                0x0000000010002330                ioss_interrupts_gpio_8_IRQHandler
                0x0000000010002330                tcpwm_0_interrupts_6_IRQHandler
                0x0000000010002330                scb_7_interrupt_IRQHandler
                0x0000000010002330                tcpwm_1_interrupts_7_IRQHandler
                0x0000000010002330                cpuss_interrupts_ipc_11_IRQHandler
                0x0000000010002330                udb_interrupts_13_IRQHandler
                0x0000000010002330                cpuss_interrupts_dw0_15_IRQHandler
                0x0000000010002330                udb_interrupts_7_IRQHandler
                0x0000000010002330                cpuss_interrupts_dw1_6_IRQHandler
                0x0000000010002330                cpuss_interrupt_crypto_IRQHandler
                0x0000000010002330                scb_1_interrupt_IRQHandler
                0x0000000010002330                Default_Handler
                0x0000000010002330                usb_interrupt_hi_IRQHandler
                0x0000000010002330                tcpwm_1_interrupts_0_IRQHandler
                0x0000000010002330                udb_interrupts_9_IRQHandler
                0x0000000010002330                audioss_interrupt_pdm_IRQHandler
                0x0000000010002330                srss_interrupt_mcwdt_0_IRQHandler
                0x0000000010002330                scb_3_interrupt_IRQHandler
                0x0000000010002330                pass_interrupt_ctbs_IRQHandler
                0x0000000010002330                udb_interrupts_8_IRQHandler
                0x0000000010002330                ioss_interrupts_gpio_3_IRQHandler
                0x0000000010002330                scb_6_interrupt_IRQHandler
                0x0000000010002330                cpuss_interrupts_cm4_cti_0_IRQHandler
                0x0000000010002330                cpuss_interrupts_dw1_3_IRQHandler
                0x0000000010002330                pass_interrupt_sar_IRQHandler
                0x0000000010002330                ioss_interrupts_gpio_0_IRQHandler
                0x0000000010002330                ioss_interrupts_gpio_14_IRQHandler
                0x0000000010002330                tcpwm_0_interrupts_4_IRQHandler
                0x0000000010002330                udb_interrupts_3_IRQHandler
                0x0000000010002330                tcpwm_0_interrupts_5_IRQHandler
                0x0000000010002330                cpuss_interrupts_ipc_15_IRQHandler
                0x0000000010002330                cpuss_interrupts_cm4_cti_1_IRQHandler
                0x0000000010002330                scb_8_interrupt_IRQHandler
                0x0000000010002330                srss_interrupt_mcwdt_1_IRQHandler
                0x0000000010002330                SVC_Handler
                0x0000000010002330                cpuss_interrupts_dw1_5_IRQHandler
                0x0000000010002330                cpuss_interrupts_ipc_1_IRQHandler
                0x0000000010002330                cpuss_interrupts_dw0_0_IRQHandler
                0x0000000010002330                ioss_interrupts_gpio_12_IRQHandler
                0x0000000010002330                cpuss_interrupts_ipc_3_IRQHandler
                0x0000000010002330                tcpwm_1_interrupts_17_IRQHandler
                0x0000000010002330                srss_interrupt_backup_IRQHandler
                0x0000000010002330                bless_interrupt_IRQHandler
                0x0000000010002330                cpuss_interrupts_ipc_10_IRQHandler
                0x0000000010002330                cpuss_interrupts_ipc_9_IRQHandler
                0x0000000010002330                cpuss_interrupts_dw0_14_IRQHandler
                0x0000000010002330                tcpwm_1_interrupts_4_IRQHandler
                0x0000000010002330                tcpwm_0_interrupts_3_IRQHandler
                0x0000000010002330                cpuss_interrupts_dw1_15_IRQHandler
                0x0000000010002330                ioss_interrupts_gpio_10_IRQHandler
                0x0000000010002330                udb_interrupts_10_IRQHandler
                0x0000000010002330                cpuss_interrupts_dw0_8_IRQHandler
                0x0000000010002330                ioss_interrupts_gpio_11_IRQHandler
                0x0000000010002330                cpuss_interrupts_ipc_14_IRQHandler
                0x0000000010002330                ioss_interrupts_gpio_5_IRQHandler
                0x0000000010002330                ioss_interrupts_gpio_4_IRQHandler
                0x0000000010002330                tcpwm_1_interrupts_8_IRQHandler
                0x0000000010002330                cpuss_interrupts_dw1_14_IRQHandler
                0x0000000010002330                usb_interrupt_med_IRQHandler
                0x0000000010002330                cpuss_interrupts_dw0_2_IRQHandler
                0x0000000010002330                tcpwm_1_interrupts_10_IRQHandler
                0x0000000010002330                cpuss_interrupts_fault_0_IRQHandler
                0x0000000010002330                cpuss_interrupts_dw0_12_IRQHandler
                0x0000000010002330                ioss_interrupts_gpio_6_IRQHandler
                0x0000000010002330                tcpwm_1_interrupts_21_IRQHandler
                0x0000000010002330                tcpwm_1_interrupts_16_IRQHandler
                0x0000000010002330                cpuss_interrupts_dw1_4_IRQHandler
                0x0000000010002330                udb_interrupts_15_IRQHandler
                0x0000000010002330                cpuss_interrupts_dw1_11_IRQHandler
                0x0000000010002330                cpuss_interrupts_dw0_6_IRQHandler
                0x0000000010002330                ioss_interrupt_vdd_IRQHandler
                0x0000000010002330                audioss_interrupt_i2s_IRQHandler
                0x0000000010002330                tcpwm_1_interrupts_5_IRQHandler
                0x0000000010002330                cpuss_interrupts_ipc_2_IRQHandler
                0x0000000010002330                cpuss_interrupts_dw0_10_IRQHandler
                0x0000000010002330                tcpwm_1_interrupts_19_IRQHandler
                0x0000000010002330                cpuss_interrupts_dw0_1_IRQHandler
                0x0000000010002330                ioss_interrupts_gpio_9_IRQHandler
                0x0000000010002330                usb_interrupt_lo_IRQHandler
                0x0000000010002330                cpuss_interrupts_ipc_8_IRQHandler
                0x0000000010002330                udb_interrupts_14_IRQHandler
                0x0000000010002330                cpuss_interrupts_dw0_7_IRQHandler
                0x0000000010002334                UsageFault_Handler
                0x0000000010002334                BusFault_Handler
                0x0000000010002334                MemManage_Handler
                0x0000000010002334                HardFault_Handler
 .text.Cy_SysIpcPipeIsrCm4
                0x0000000010002350        0xa ./psoc6sw-1.2/components/psoc6pdl/devices/bsp/COMPONENT_MTB/startup/system_psoc6_cm4.o
                0x0000000010002350                Cy_SysIpcPipeIsrCm4
 .text.Cy_SystemInit
                0x000000001000235a        0x2 ./psoc6sw-1.2/components/psoc6pdl/devices/bsp/COMPONENT_MTB/startup/system_psoc6_cm4.o
                0x000000001000235a                Cy_SystemInit
 .text.SystemCoreClockUpdate
                0x000000001000235c      0x1bc ./psoc6sw-1.2/components/psoc6pdl/devices/bsp/COMPONENT_MTB/startup/system_psoc6_cm4.o
                0x000000001000235c                SystemCoreClockUpdate
 .text.SystemInit
                0x0000000010002518       0x48 ./psoc6sw-1.2/components/psoc6pdl/devices/bsp/COMPONENT_MTB/startup/system_psoc6_cm4.o
                0x0000000010002518                SystemInit
 .text.Cy_SystemInitFpuEnable
                0x0000000010002560       0x28 ./psoc6sw-1.2/components/psoc6pdl/devices/bsp/COMPONENT_MTB/startup/system_psoc6_cm4.o
                0x0000000010002560                Cy_SystemInitFpuEnable
 .text.f2       0x0000000010002588       0x60 ./Source/main.o
                0x0000000010002588                f2
 .text.f1       0x00000000100025e8       0x3c ./Source/main.o
                0x00000000100025e8                f1
 .text.main     0x0000000010002624       0x20 ./Source/main.o
                0x0000000010002624                main
 .text.init_cycfg_all
                0x0000000010002644       0x10 ./GeneratedSource/cycfg.o
                0x0000000010002644                init_cycfg_all
 .text.init_cycfg_pins
                0x0000000010002654       0x48 ./GeneratedSource/cycfg_pins.o
                0x0000000010002654                init_cycfg_pins
 .text.init_cycfg_routing
                0x000000001000269c        0x2 ./GeneratedSource/cycfg_routing.o
                0x000000001000269c                init_cycfg_routing
 .text.cycfg_ClockStartupError
                0x000000001000269e        0x2 ./GeneratedSource/cycfg_system.o
                0x000000001000269e                cycfg_ClockStartupError
 .text.init_cycfg_system
                0x00000000100026a0      0x2c0 ./GeneratedSource/cycfg_system.o
                0x00000000100026a0                init_cycfg_system
 .text          0x0000000010002960       0x20 /Users/hdm/cypress/vscode/cortex-debug-samples/blink2/psoc6pdl_Cortex-M4/Debug/libpsoc6pdl_Cortex-M4.a(cy_syslib_gcc.o)
                0x0000000010002960                Cy_SysLib_DelayCycles
                0x0000000010002972                Cy_SysLib_EnterCriticalSection
                0x000000001000297a                Cy_SysLib_ExitCriticalSection
 .text.Cy_PDL_Init
                0x0000000010002980        0xc /Users/hdm/cypress/vscode/cortex-debug-samples/blink2/psoc6pdl_Cortex-M4/Debug/libpsoc6pdl_Cortex-M4.a(cy_device.o)
                0x0000000010002980                Cy_PDL_Init
 .text.Cy_Flash_ProcessOpcode
                0x000000001000298c       0xa4 /Users/hdm/cypress/vscode/cortex-debug-samples/blink2/psoc6pdl_Cortex-M4/Debug/libpsoc6pdl_Cortex-M4.a(cy_flash.o)
 .text.Cy_Flash_OperationStatus
                0x0000000010002a30       0x60 /Users/hdm/cypress/vscode/cortex-debug-samples/blink2/psoc6pdl_Cortex-M4/Debug/libpsoc6pdl_Cortex-M4.a(cy_flash.o)
 .text.Cy_Flash_InitExt
                0x0000000010002a90       0x80 /Users/hdm/cypress/vscode/cortex-debug-samples/blink2/psoc6pdl_Cortex-M4/Debug/libpsoc6pdl_Cortex-M4.a(cy_flash.o)
                0x0000000010002a90                Cy_Flash_InitExt
 .text.Cy_Flash_Init
                0x0000000010002b10       0x10 /Users/hdm/cypress/vscode/cortex-debug-samples/blink2/psoc6pdl_Cortex-M4/Debug/libpsoc6pdl_Cortex-M4.a(cy_flash.o)
                0x0000000010002b10                Cy_Flash_Init
 .text.Cy_GPIO_Pin_Init
                0x0000000010002b20      0x360 /Users/hdm/cypress/vscode/cortex-debug-samples/blink2/psoc6pdl_Cortex-M4/Debug/libpsoc6pdl_Cortex-M4.a(cy_gpio.o)
                0x0000000010002b20                Cy_GPIO_Pin_Init
 .text.Cy_IPC_Drv_LockRelease
                0x0000000010002e80       0x40 /Users/hdm/cypress/vscode/cortex-debug-samples/blink2/psoc6pdl_Cortex-M4/Debug/libpsoc6pdl_Cortex-M4.a(cy_ipc_drv.o)
                0x0000000010002e80                Cy_IPC_Drv_LockRelease
 .text.Cy_IPC_Drv_SendMsgWord
                0x0000000010002ec0       0x34 /Users/hdm/cypress/vscode/cortex-debug-samples/blink2/psoc6pdl_Cortex-M4/Debug/libpsoc6pdl_Cortex-M4.a(cy_ipc_drv.o)
                0x0000000010002ec0                Cy_IPC_Drv_SendMsgWord
 .text.Cy_IPC_Drv_ReadMsgWord
                0x0000000010002ef4       0x38 /Users/hdm/cypress/vscode/cortex-debug-samples/blink2/psoc6pdl_Cortex-M4/Debug/libpsoc6pdl_Cortex-M4.a(cy_ipc_drv.o)
                0x0000000010002ef4                Cy_IPC_Drv_ReadMsgWord
 .text.Cy_IPC_Pipe_Config
                0x0000000010002f2c       0x14 /Users/hdm/cypress/vscode/cortex-debug-samples/blink2/psoc6pdl_Cortex-M4/Debug/libpsoc6pdl_Cortex-M4.a(cy_ipc_pipe.o)
                0x0000000010002f2c                Cy_IPC_Pipe_Config
 .text.Cy_IPC_Pipe_EndpointInit
                0x0000000010002f40       0xdc /Users/hdm/cypress/vscode/cortex-debug-samples/blink2/psoc6pdl_Cortex-M4/Debug/libpsoc6pdl_Cortex-M4.a(cy_ipc_pipe.o)
                0x0000000010002f40                Cy_IPC_Pipe_EndpointInit
 .text.Cy_IPC_Pipe_Init
                0x000000001000301c       0xc0 /Users/hdm/cypress/vscode/cortex-debug-samples/blink2/psoc6pdl_Cortex-M4/Debug/libpsoc6pdl_Cortex-M4.a(cy_ipc_pipe.o)
                0x000000001000301c                Cy_IPC_Pipe_Init
 .text.Cy_IPC_Pipe_SendMessage
                0x00000000100030dc       0xa4 /Users/hdm/cypress/vscode/cortex-debug-samples/blink2/psoc6pdl_Cortex-M4/Debug/libpsoc6pdl_Cortex-M4.a(cy_ipc_pipe.o)
                0x00000000100030dc                Cy_IPC_Pipe_SendMessage
 .text.Cy_IPC_Pipe_RegisterCallback
                0x0000000010003180       0x54 /Users/hdm/cypress/vscode/cortex-debug-samples/blink2/psoc6pdl_Cortex-M4/Debug/libpsoc6pdl_Cortex-M4.a(cy_ipc_pipe.o)
                0x0000000010003180                Cy_IPC_Pipe_RegisterCallback
 .text.Cy_IPC_Pipe_ExecCallback
                0x00000000100031d4       0xcc /Users/hdm/cypress/vscode/cortex-debug-samples/blink2/psoc6pdl_Cortex-M4/Debug/libpsoc6pdl_Cortex-M4.a(cy_ipc_pipe.o)
                0x00000000100031d4                Cy_IPC_Pipe_ExecCallback
 .text.Cy_IPC_Pipe_ExecuteCallback
                0x00000000100032a0       0x30 /Users/hdm/cypress/vscode/cortex-debug-samples/blink2/psoc6pdl_Cortex-M4/Debug/libpsoc6pdl_Cortex-M4.a(cy_ipc_pipe.o)
                0x00000000100032a0                Cy_IPC_Pipe_ExecuteCallback
 .text.Cy_IPC_Sema_InitExt
                0x00000000100032d0       0xac /Users/hdm/cypress/vscode/cortex-debug-samples/blink2/psoc6pdl_Cortex-M4/Debug/libpsoc6pdl_Cortex-M4.a(cy_ipc_sema.o)
                0x00000000100032d0                Cy_IPC_Sema_InitExt
 .text.Cy_IPC_Sema_Init
                0x000000001000337c       0x6c /Users/hdm/cypress/vscode/cortex-debug-samples/blink2/psoc6pdl_Cortex-M4/Debug/libpsoc6pdl_Cortex-M4.a(cy_ipc_sema.o)
                0x000000001000337c                Cy_IPC_Sema_Init
 .text.Cy_IPC_Sema_Clear
                0x00000000100033e8       0x7c /Users/hdm/cypress/vscode/cortex-debug-samples/blink2/psoc6pdl_Cortex-M4/Debug/libpsoc6pdl_Cortex-M4.a(cy_ipc_sema.o)
                0x00000000100033e8                Cy_IPC_Sema_Clear
 .text.Cy_IPC_Sema_Status
                0x0000000010003464       0x40 /Users/hdm/cypress/vscode/cortex-debug-samples/blink2/psoc6pdl_Cortex-M4/Debug/libpsoc6pdl_Cortex-M4.a(cy_ipc_sema.o)
                0x0000000010003464                Cy_IPC_Sema_Status
 .text.Cy_SysClk_ClkPathSetSource
                0x00000000100034a4       0x5c /Users/hdm/cypress/vscode/cortex-debug-samples/blink2/psoc6pdl_Cortex-M4/Debug/libpsoc6pdl_Cortex-M4.a(cy_sysclk.o)
                0x00000000100034a4                Cy_SysClk_ClkPathSetSource
 .text.Cy_SysClk_ClkPathGetSource
                0x0000000010003500       0x4c /Users/hdm/cypress/vscode/cortex-debug-samples/blink2/psoc6pdl_Cortex-M4/Debug/libpsoc6pdl_Cortex-M4.a(cy_sysclk.o)
                0x0000000010003500                Cy_SysClk_ClkPathGetSource
 .text.Cy_SysClk_FllManualConfigure
                0x000000001000354c      0x164 /Users/hdm/cypress/vscode/cortex-debug-samples/blink2/psoc6pdl_Cortex-M4/Debug/libpsoc6pdl_Cortex-M4.a(cy_sysclk.o)
                0x000000001000354c                Cy_SysClk_FllManualConfigure
 .text.Cy_SysClk_FllEnable
                0x00000000100036b0       0xc4 /Users/hdm/cypress/vscode/cortex-debug-samples/blink2/psoc6pdl_Cortex-M4/Debug/libpsoc6pdl_Cortex-M4.a(cy_sysclk.o)
                0x00000000100036b0                Cy_SysClk_FllEnable
 .text.Cy_SysInt_SetVector
                0x0000000010003774       0x48 /Users/hdm/cypress/vscode/cortex-debug-samples/blink2/psoc6pdl_Cortex-M4/Debug/libpsoc6pdl_Cortex-M4.a(cy_sysint.o)
                0x0000000010003774                Cy_SysInt_SetVector
 .text.Cy_SysInt_Init
                0x00000000100037bc       0x74 /Users/hdm/cypress/vscode/cortex-debug-samples/blink2/psoc6pdl_Cortex-M4/Debug/libpsoc6pdl_Cortex-M4.a(cy_sysint.o)
                0x00000000100037bc                Cy_SysInt_Init
 .text.Cy_SysLib_Delay
                0x0000000010003830       0x30 /Users/hdm/cypress/vscode/cortex-debug-samples/blink2/psoc6pdl_Cortex-M4/Debug/libpsoc6pdl_Cortex-M4.a(cy_syslib.o)
                0x0000000010003830                Cy_SysLib_Delay
 .text.Cy_SysLib_DelayUs
                0x0000000010003860       0x14 /Users/hdm/cypress/vscode/cortex-debug-samples/blink2/psoc6pdl_Cortex-M4/Debug/libpsoc6pdl_Cortex-M4.a(cy_syslib.o)
                0x0000000010003860                Cy_SysLib_DelayUs
 .text.Cy_SysLib_Halt
                0x0000000010003874        0x4 /Users/hdm/cypress/vscode/cortex-debug-samples/blink2/psoc6pdl_Cortex-M4/Debug/libpsoc6pdl_Cortex-M4.a(cy_syslib.o)
                0x0000000010003874                Cy_SysLib_Halt
 .text.Cy_SysLib_AssertFailed
                0x0000000010003878       0x1c /Users/hdm/cypress/vscode/cortex-debug-samples/blink2/psoc6pdl_Cortex-M4/Debug/libpsoc6pdl_Cortex-M4.a(cy_syslib.o)
                0x0000000010003878                Cy_SysLib_AssertFailed
 .text.Cy_SysLib_ResetBackupDomain
                0x0000000010003894       0x20 /Users/hdm/cypress/vscode/cortex-debug-samples/blink2/psoc6pdl_Cortex-M4/Debug/libpsoc6pdl_Cortex-M4.a(cy_syslib.o)
                0x0000000010003894                Cy_SysLib_ResetBackupDomain
 .text.Cy_SysLib_GetResetReason
                0x00000000100038b4       0x18 /Users/hdm/cypress/vscode/cortex-debug-samples/blink2/psoc6pdl_Cortex-M4/Debug/libpsoc6pdl_Cortex-M4.a(cy_syslib.o)
                0x00000000100038b4                Cy_SysLib_GetResetReason
 .text.Cy_SysLib_ProcessingFault
                0x00000000100038cc        0x2 /Users/hdm/cypress/vscode/cortex-debug-samples/blink2/psoc6pdl_Cortex-M4/Debug/libpsoc6pdl_Cortex-M4.a(cy_syslib.o)
                0x00000000100038cc                Cy_SysLib_ProcessingFault
 *fill*         0x00000000100038ce        0x2 
 .text.Cy_SysLib_FaultHandler
                0x00000000100038d0       0xa4 /Users/hdm/cypress/vscode/cortex-debug-samples/blink2/psoc6pdl_Cortex-M4/Debug/libpsoc6pdl_Cortex-M4.a(cy_syslib.o)
                0x00000000100038d0                Cy_SysLib_FaultHandler
 .text.Cy_SysLib_SetWaitStates
                0x0000000010003974       0xcc /Users/hdm/cypress/vscode/cortex-debug-samples/blink2/psoc6pdl_Cortex-M4/Debug/libpsoc6pdl_Cortex-M4.a(cy_syslib.o)
                0x0000000010003974                Cy_SysLib_SetWaitStates
 .text.SetReadMarginTrimUlp
                0x0000000010003a40       0x84 /Users/hdm/cypress/vscode/cortex-debug-samples/blink2/psoc6pdl_Cortex-M4/Debug/libpsoc6pdl_Cortex-M4.a(cy_syspm.o)
 .text.SetReadMarginTrimLp
                0x0000000010003ac4       0x7c /Users/hdm/cypress/vscode/cortex-debug-samples/blink2/psoc6pdl_Cortex-M4/Debug/libpsoc6pdl_Cortex-M4.a(cy_syspm.o)
 .text.SetWriteAssistTrimUlp
                0x0000000010003b40       0x58 /Users/hdm/cypress/vscode/cortex-debug-samples/blink2/psoc6pdl_Cortex-M4/Debug/libpsoc6pdl_Cortex-M4.a(cy_syspm.o)
 .text.SetWriteAssistTrimLp
                0x0000000010003b98       0x68 /Users/hdm/cypress/vscode/cortex-debug-samples/blink2/psoc6pdl_Cortex-M4/Debug/libpsoc6pdl_Cortex-M4.a(cy_syspm.o)
 .text.IsVoltageChangePossible
                0x0000000010003c00       0x46 /Users/hdm/cypress/vscode/cortex-debug-samples/blink2/psoc6pdl_Cortex-M4/Debug/libpsoc6pdl_Cortex-M4.a(cy_syspm.o)
 *fill*         0x0000000010003c46        0x2 
 .text.Cy_SysPm_WriteVoltageBitForFlash
                0x0000000010003c48      0x118 /Users/hdm/cypress/vscode/cortex-debug-samples/blink2/psoc6pdl_Cortex-M4/Debug/libpsoc6pdl_Cortex-M4.a(cy_syspm.o)
                0x0000000010003c48                Cy_SysPm_WriteVoltageBitForFlash
 .text.Cy_SysPm_LdoSetVoltage
                0x0000000010003d60       0xcc /Users/hdm/cypress/vscode/cortex-debug-samples/blink2/psoc6pdl_Cortex-M4/Debug/libpsoc6pdl_Cortex-M4.a(cy_syspm.o)
                0x0000000010003d60                Cy_SysPm_LdoSetVoltage
 .text.Cy_Prot_GetActivePC
                0x0000000010003e2c       0x38 /Users/hdm/cypress/vscode/cortex-debug-samples/blink2/psoc6pdl_Cortex-M4/Debug/libpsoc6pdl_Cortex-M4.a(cy_prot.o)
                0x0000000010003e2c                Cy_Prot_GetActivePC
 .text.memset   0x0000000010003e64       0x10 /Applications/ModusToolbox_2.0/tools/gcc-7.2.1-1.0/bin/../lib/gcc/arm-none-eabi/7.2.1/../../../../arm-none-eabi/lib/thumb/v7e-m/fpv4-sp/softfp/libg_nano.a(lib_a-memset.o)
                0x0000000010003e64                memset
 .text.strncpy  0x0000000010003e74       0x2a /Applications/ModusToolbox_2.0/tools/gcc-7.2.1-1.0/bin/../lib/gcc/arm-none-eabi/7.2.1/../../../../arm-none-eabi/lib/thumb/v7e-m/fpv4-sp/softfp/libg_nano.a(lib_a-strncpy.o)
                0x0000000010003e74                strncpy
 *(.init)
 *fill*         0x0000000010003e9e        0x2 
 .init          0x0000000010003ea0        0x4 /Applications/ModusToolbox_2.0/tools/gcc-7.2.1-1.0/bin/../lib/gcc/arm-none-eabi/7.2.1/thumb/v7e-m/fpv4-sp/softfp/crti.o
                0x0000000010003ea0                _init
 .init          0x0000000010003ea4        0x8 /Applications/ModusToolbox_2.0/tools/gcc-7.2.1-1.0/bin/../lib/gcc/arm-none-eabi/7.2.1/thumb/v7e-m/fpv4-sp/softfp/crtn.o
 *(.fini)
 .fini          0x0000000010003eac        0x4 /Applications/ModusToolbox_2.0/tools/gcc-7.2.1-1.0/bin/../lib/gcc/arm-none-eabi/7.2.1/thumb/v7e-m/fpv4-sp/softfp/crti.o
                0x0000000010003eac                _fini
 .fini          0x0000000010003eb0        0x8 /Applications/ModusToolbox_2.0/tools/gcc-7.2.1-1.0/bin/../lib/gcc/arm-none-eabi/7.2.1/thumb/v7e-m/fpv4-sp/softfp/crtn.o
 *crtbegin.o(.ctors)
 *crtbegin?.o(.ctors)
 *(EXCLUDE_FILE(*crtend.o *crtend?.o) .ctors)
 *(SORT_BY_NAME(.ctors.*))
 *(.ctors)
 *crtbegin.o(.dtors)
 *crtbegin?.o(.dtors)
 *(EXCLUDE_FILE(*crtend.o *crtend?.o) .dtors)
 *(SORT_BY_NAME(.dtors.*))
 *(.dtors)
 *(.rodata .rodata.* .constdata .constdata.* .conststring .conststring.*)
 .rodata.systemIpcPipeConfigCm4.12922
                0x0000000010003eb8       0x34 ./psoc6sw-1.2/components/psoc6pdl/devices/bsp/COMPONENT_MTB/startup/system_psoc6_cm4.o
 .rodata.LED_RED_config
                0x0000000010003eec       0x34 ./GeneratedSource/cycfg_pins.o
                0x0000000010003eec                LED_RED_config
 .rodata.ioss_0_port_6_pin_4_config
                0x0000000010003f20       0x34 ./GeneratedSource/cycfg_pins.o
                0x0000000010003f20                ioss_0_port_6_pin_4_config
 .rodata.ioss_0_port_6_pin_6_config
                0x0000000010003f54       0x34 ./GeneratedSource/cycfg_pins.o
                0x0000000010003f54                ioss_0_port_6_pin_6_config
 .rodata.ioss_0_port_6_pin_7_config
                0x0000000010003f88       0x34 ./GeneratedSource/cycfg_pins.o
                0x0000000010003f88                ioss_0_port_6_pin_7_config
 .rodata.init_cycfg_system.str1.4
                0x0000000010003fbc       0x65 ./GeneratedSource/cycfg_system.o
 *fill*         0x0000000010004021        0x3 
 .rodata.srss_0_clock_0_fll_0_fllConfig
                0x0000000010004024       0x14 ./GeneratedSource/cycfg_system.o
 .rodata.cy_deviceIpBlockCfgPSoC6_01
                0x0000000010004038       0xb4 /Users/hdm/cypress/vscode/cortex-debug-samples/blink2/psoc6pdl_Cortex-M4/Debug/libpsoc6pdl_Cortex-M4.a(cy_device.o)
                0x0000000010004038                cy_deviceIpBlockCfgPSoC6_01
 .rodata.Cy_Flash_OperationStatus.str1.4
                0x00000000100040ec       0x66 /Users/hdm/cypress/vscode/cortex-debug-samples/blink2/psoc6pdl_Cortex-M4/Debug/libpsoc6pdl_Cortex-M4.a(cy_flash.o)
 *fill*         0x0000000010004152        0x2 
 .rodata.Cy_GPIO_Pin_Init.str1.4
                0x0000000010004154       0xc7 /Users/hdm/cypress/vscode/cortex-debug-samples/blink2/psoc6pdl_Cortex-M4/Debug/libpsoc6pdl_Cortex-M4.a(cy_gpio.o)
 .rodata.Cy_IPC_Drv_LockRelease.str1.4
                0x000000001000421b       0x66 /Users/hdm/cypress/vscode/cortex-debug-samples/blink2/psoc6pdl_Cortex-M4/Debug/libpsoc6pdl_Cortex-M4.a(cy_ipc_drv.o)
 *fill*         0x000000001000421b        0x1 
 .rodata.Cy_IPC_Drv_ReadMsgWord.str1.4
                0x000000001000421c       0x65 /Users/hdm/cypress/vscode/cortex-debug-samples/blink2/psoc6pdl_Cortex-M4/Debug/libpsoc6pdl_Cortex-M4.a(cy_ipc_drv.o)
 *fill*         0x0000000010004281        0x3 
 .rodata.Cy_IPC_Pipe_EndpointInit.str1.4
                0x0000000010004284       0x66 /Users/hdm/cypress/vscode/cortex-debug-samples/blink2/psoc6pdl_Cortex-M4/Debug/libpsoc6pdl_Cortex-M4.a(cy_ipc_pipe.o)
                                         0xce (size before relaxing)
 .rodata.Cy_IPC_Sema_InitExt.str1.4
                0x00000000100042ea       0x66 /Users/hdm/cypress/vscode/cortex-debug-samples/blink2/psoc6pdl_Cortex-M4/Debug/libpsoc6pdl_Cortex-M4.a(cy_ipc_sema.o)
 *fill*         0x00000000100042ea        0x2 
 .rodata.Cy_SysClk_ClkPathGetSource.str1.4
                0x00000000100042ec       0x64 /Users/hdm/cypress/vscode/cortex-debug-samples/blink2/psoc6pdl_Cortex-M4/Debug/libpsoc6pdl_Cortex-M4.a(cy_sysclk.o)
 .rodata.Cy_SysInt_SetVector.str1.4
                0x0000000010004350       0x64 /Users/hdm/cypress/vscode/cortex-debug-samples/blink2/psoc6pdl_Cortex-M4/Debug/libpsoc6pdl_Cortex-M4.a(cy_sysint.o)
 .rodata.Cy_SysPm_SetHibernateWakeupSource.str1.4
                0x00000000100043b4       0x63 /Users/hdm/cypress/vscode/cortex-debug-samples/blink2/psoc6pdl_Cortex-M4/Debug/libpsoc6pdl_Cortex-M4.a(cy_syspm.o)
 .rodata.Cy_SysPm_WriteVoltageBitForFlash.str1.4
                0x0000000010004417       0x66 /Users/hdm/cypress/vscode/cortex-debug-samples/blink2/psoc6pdl_Cortex-M4/Debug/libpsoc6pdl_Cortex-M4.a(cy_syspm.o)
 *fill*         0x0000000010004417        0x1 
 .rodata.Cy_Prot_ConfigBusMaster.str1.4
                0x0000000010004418       0x64 /Users/hdm/cypress/vscode/cortex-debug-samples/blink2/psoc6pdl_Cortex-M4/Debug/libpsoc6pdl_Cortex-M4.a(cy_prot.o)
                                         0x62 (size before relaxing)
 *(.eh_frame*)
 .eh_frame      0x000000001000447c        0x0 /Applications/ModusToolbox_2.0/tools/gcc-7.2.1-1.0/bin/../lib/gcc/arm-none-eabi/7.2.1/thumb/v7e-m/fpv4-sp/softfp/crtbegin.o
 .eh_frame      0x000000001000447c        0x4 /Applications/ModusToolbox_2.0/tools/gcc-7.2.1-1.0/bin/../lib/gcc/arm-none-eabi/7.2.1/thumb/v7e-m/fpv4-sp/softfp/crtend.o

.glue_7         0x0000000010004480        0x0
 .glue_7        0x0000000010004480        0x0 linker stubs

.glue_7t        0x0000000010004480        0x0
 .glue_7t       0x0000000010004480        0x0 linker stubs

.vfp11_veneer   0x0000000010004480        0x0
 .vfp11_veneer  0x0000000010004480        0x0 linker stubs

.v4_bx          0x0000000010004480        0x0
 .v4_bx         0x0000000010004480        0x0 linker stubs

.iplt           0x0000000010004480        0x0
 .iplt          0x0000000010004480        0x0 /Applications/ModusToolbox_2.0/tools/gcc-7.2.1-1.0/bin/../lib/gcc/arm-none-eabi/7.2.1/thumb/v7e-m/fpv4-sp/softfp/crtbegin.o

.rel.dyn        0x0000000010004480        0x0
 .rel.iplt      0x0000000010004480        0x0 /Applications/ModusToolbox_2.0/tools/gcc-7.2.1-1.0/bin/../lib/gcc/arm-none-eabi/7.2.1/thumb/v7e-m/fpv4-sp/softfp/crtbegin.o

.ARM.extab
 *(.ARM.extab* .gnu.linkonce.armextab.*)
                0x0000000010004480                __exidx_start = .

.ARM.exidx
 *(.ARM.exidx* .gnu.linkonce.armexidx.*)
                0x0000000010004480                __exidx_end = .

.copy.table     0x0000000010004480       0x18
                0x0000000010004480                . = ALIGN (0x4)
                0x0000000010004480                __copy_table_start__ = .
                0x0000000010004480        0x4 LONG 0x10002000 __Vectors
                0x0000000010004484        0x4 LONG 0x8002000 __ram_vectors_start__
                0x0000000010004488        0x4 LONG 0x28c (__Vectors_End - __Vectors)
                0x000000001000448c        0x4 LONG 0x100044a0 __etext
                0x0000000010004490        0x4 LONG 0x800228c __data_start__
                0x0000000010004494        0x4 LONG 0x594 (__data_end__ - __data_start__)
                0x0000000010004498                __copy_table_end__ = .

.zero.table     0x0000000010004498        0x8
                0x0000000010004498                . = ALIGN (0x4)
                0x0000000010004498                __zero_table_start__ = .
                0x0000000010004498        0x4 LONG 0x80028c4 __bss_start__
                0x000000001000449c        0x4 LONG 0x1e4 (__bss_end__ - __bss_start__)
                0x00000000100044a0                __zero_table_end__ = .
                0x00000000100044a0                __etext = .

.ramVectors     0x0000000008002000      0x28c
                0x0000000008002000                __ram_vectors_start__ = .
 *(.ram_vectors)
 .ram_vectors   0x0000000008002000      0x28c ./psoc6sw-1.2/components/psoc6pdl/devices/bsp/COMPONENT_MTB/startup/TOOLCHAIN_GCC_ARM/startup_psoc6_01_cm4.o
                0x0000000008002000                __ramVectors
                0x000000000800228c                __ram_vectors_end__ = .

.data           0x000000000800228c      0x594 load address 0x00000000100044a0
                0x000000000800228c                __data_start__ = .
 *(vtable)
 *(.data*)
 .data.SystemCoreClock
                0x000000000800228c        0x4 ./psoc6sw-1.2/components/psoc6pdl/devices/bsp/COMPONENT_MTB/startup/system_psoc6_cm4.o
                0x000000000800228c                SystemCoreClock
 .data.cy_Hfclk0FreqHz
                0x0000000008002290        0x4 ./psoc6sw-1.2/components/psoc6pdl/devices/bsp/COMPONENT_MTB/startup/system_psoc6_cm4.o
                0x0000000008002290                cy_Hfclk0FreqHz
 .data.cy_PeriClkFreqHz
                0x0000000008002294        0x4 ./psoc6sw-1.2/components/psoc6pdl/devices/bsp/COMPONENT_MTB/startup/system_psoc6_cm4.o
                0x0000000008002294                cy_PeriClkFreqHz
 .data.cy_delay32kMs
                0x0000000008002298        0x4 ./psoc6sw-1.2/components/psoc6pdl/devices/bsp/COMPONENT_MTB/startup/system_psoc6_cm4.o
                0x0000000008002298                cy_delay32kMs
 .data.cy_delayFreqHz
                0x000000000800229c        0x4 ./psoc6sw-1.2/components/psoc6pdl/devices/bsp/COMPONENT_MTB/startup/system_psoc6_cm4.o
                0x000000000800229c                cy_delayFreqHz
 .data.cy_delayFreqKhz
                0x00000000080022a0        0x4 ./psoc6sw-1.2/components/psoc6pdl/devices/bsp/COMPONENT_MTB/startup/system_psoc6_cm4.o
                0x00000000080022a0                cy_delayFreqKhz
 .data.cy_delayFreqMhz
                0x00000000080022a4        0x1 ./psoc6sw-1.2/components/psoc6pdl/devices/bsp/COMPONENT_MTB/startup/system_psoc6_cm4.o
                0x00000000080022a4                cy_delayFreqMhz
 *fill*         0x00000000080022a5        0x3 
 .data.x        0x00000000080022a8        0x4 ./Source/main.o
                0x00000000080022a8                x
 .data.MyStatic
                0x00000000080022ac        0x4 ./Source/main.o
 .data.mystruct
                0x00000000080022b0       0x10 ./Source/main.o
                0x00000000080022b0                mystruct
 .data.MyStatic.23683
                0x00000000080022c0        0x4 ./Source/main.o
                0x00000000080022c4                . = ALIGN (0x4)
                0x00000000080022c4                PROVIDE (__preinit_array_start, .)
 *(.preinit_array)
                0x00000000080022c4                PROVIDE (__preinit_array_end, .)
                0x00000000080022c4                . = ALIGN (0x4)
                0x00000000080022c4                PROVIDE (__init_array_start, .)
 *(SORT_BY_NAME(.init_array.*))
 *(.init_array)
 .init_array    0x00000000080022c4        0x4 /Applications/ModusToolbox_2.0/tools/gcc-7.2.1-1.0/bin/../lib/gcc/arm-none-eabi/7.2.1/thumb/v7e-m/fpv4-sp/softfp/crtbegin.o
                0x00000000080022c8                PROVIDE (__init_array_end, .)
                0x00000000080022c8                . = ALIGN (0x4)
                [!provide]                        PROVIDE (__fini_array_start, .)
 *(SORT_BY_NAME(.fini_array.*))
 *(.fini_array)
 .fini_array    0x00000000080022c8        0x4 /Applications/ModusToolbox_2.0/tools/gcc-7.2.1-1.0/bin/../lib/gcc/arm-none-eabi/7.2.1/thumb/v7e-m/fpv4-sp/softfp/crtbegin.o
                [!provide]                        PROVIDE (__fini_array_end, .)
 *(.jcr*)
                0x00000000080022cc                . = ALIGN (0x4)
 *(.cy_ramfunc*)
 .cy_ramfunc    0x00000000080022cc      0x300 /Users/hdm/cypress/vscode/cortex-debug-samples/blink2/psoc6pdl_Cortex-M4/Debug/libpsoc6pdl_Cortex-M4.a(cy_flash.o)
                0x0000000008002338                Cy_Flash_ResumeIrqHandler
 .cy_ramfunc    0x00000000080025cc      0x210 /Users/hdm/cypress/vscode/cortex-debug-samples/blink2/psoc6pdl_Cortex-M4/Debug/libpsoc6pdl_Cortex-M4.a(cy_syspm.o)
 *fill*         0x00000000080027dc        0x4 
 .cy_ramfunc.__stub
                0x00000000080027e0       0x40 linker stubs
                0x0000000008002820                . = ALIGN (0x4)
                0x0000000008002820                __data_end__ = .

.igot.plt       0x0000000008002820        0x0 load address 0x0000000010004a34
 .igot.plt      0x0000000008002820        0x0 /Applications/ModusToolbox_2.0/tools/gcc-7.2.1-1.0/bin/../lib/gcc/arm-none-eabi/7.2.1/thumb/v7e-m/fpv4-sp/softfp/crtbegin.o

.cy_sharedmem   0x0000000008002820        0xc load address 0x0000000010004a34
 .cy_sharedmem  0x0000000008002820        0x4 /Users/hdm/cypress/vscode/cortex-debug-samples/blink2/psoc6pdl_Cortex-M4/Debug/libpsoc6pdl_Cortex-M4.a(cy_flash.o)
 .cy_sharedmem  0x0000000008002824        0x8 /Users/hdm/cypress/vscode/cortex-debug-samples/blink2/psoc6pdl_Cortex-M4/Debug/libpsoc6pdl_Cortex-M4.a(cy_ipc_sema.o)

.noinit         0x0000000008002830       0x94 load address 0x0000000010004a48
 *(.noinit)
 .noinit        0x0000000008002830       0x94 /Users/hdm/cypress/vscode/cortex-debug-samples/blink2/psoc6pdl_Cortex-M4/Debug/libpsoc6pdl_Cortex-M4.a(cy_syslib.o)
                0x0000000008002830                cy_assertFileName
                0x0000000008002848                cy_assertLine
                0x000000000800284c                cy_faultFrame

.bss            0x00000000080028c4      0x1e4 load address 0x0000000010004adc
                0x00000000080028c4                . = ALIGN (0x4)
                0x00000000080028c4                __bss_start__ = .
 *(.bss*)
 .bss           0x00000000080028c4       0x1c /Applications/ModusToolbox_2.0/tools/gcc-7.2.1-1.0/bin/../lib/gcc/arm-none-eabi/7.2.1/thumb/v7e-m/fpv4-sp/softfp/crtbegin.o
 .bss.systemIpcPipeEpArray.12920
                0x00000000080028e0      0x160 ./psoc6sw-1.2/components/psoc6pdl/devices/bsp/COMPONENT_MTB/startup/system_psoc6_cm4.o
 .bss.systemIpcPipeSysCbArray.12921
                0x0000000008002a40       0x20 ./psoc6sw-1.2/components/psoc6pdl/devices/bsp/COMPONENT_MTB/startup/system_psoc6_cm4.o
 .bss.MyGlob    0x0000000008002a60        0x4 ./Source/main.o
                0x0000000008002a60                MyGlob
 .bss.flashContext
                0x0000000008002a64       0x10 /Users/hdm/cypress/vscode/cortex-debug-samples/blink2/psoc6pdl_Cortex-M4/Debug/libpsoc6pdl_Cortex-M4.a(cy_flash.o)
 .bss.ipcWaitMessage
                0x0000000008002a74        0x4 /Users/hdm/cypress/vscode/cortex-debug-samples/blink2/psoc6pdl_Cortex-M4/Debug/libpsoc6pdl_Cortex-M4.a(cy_flash.o)
 .bss.cy_ipc_pipe_epArray
                0x0000000008002a78        0x4 /Users/hdm/cypress/vscode/cortex-debug-samples/blink2/psoc6pdl_Cortex-M4/Debug/libpsoc6pdl_Cortex-M4.a(cy_ipc_pipe.o)
 .bss.cy_semaIpcStruct
                0x0000000008002a7c        0x4 /Users/hdm/cypress/vscode/cortex-debug-samples/blink2/psoc6pdl_Cortex-M4/Debug/libpsoc6pdl_Cortex-M4.a(cy_ipc_sema.o)
 .bss.bkpRegs   0x0000000008002a80       0x20 /Users/hdm/cypress/vscode/cortex-debug-samples/blink2/psoc6pdl_Cortex-M4/Debug/libpsoc6pdl_Cortex-M4.a(cy_syspm.o)
 .bss.wasEventSent
                0x0000000008002aa0        0x1 /Users/hdm/cypress/vscode/cortex-debug-samples/blink2/psoc6pdl_Cortex-M4/Debug/libpsoc6pdl_Cortex-M4.a(cy_syspm.o)
 *(COMMON)
 *fill*         0x0000000008002aa1        0x3 
 COMMON         0x0000000008002aa4        0x4 /Users/hdm/cypress/vscode/cortex-debug-samples/blink2/psoc6pdl_Cortex-M4/Debug/libpsoc6pdl_Cortex-M4.a(cy_device.o)
                0x0000000008002aa4                cy_device
                0x0000000008002aa8                . = ALIGN (0x4)
                0x0000000008002aa8                __bss_end__ = .

.heap           0x0000000008002aa8    0x43d58 load address 0x0000000010004cc0
                0x0000000008002aa8                __HeapBase = .
                0x0000000008002aa8                __end__ = .
                0x0000000008002aa8                end = __end__
 *(.heap*)
 .heap          0x0000000008002aa8      0x400 ./psoc6sw-1.2/components/psoc6pdl/devices/bsp/COMPONENT_MTB/startup/TOOLCHAIN_GCC_ARM/startup_psoc6_01_cm4.o
                0x0000000008046800                . = ((ORIGIN (ram) + LENGTH (ram)) - STACK_SIZE)
 *fill*         0x0000000008002ea8    0x43958 
                0x0000000008046800                __HeapLimit = .

.stack_dummy    0x0000000008046800     0x1000
 *(.stack*)
 .stack         0x0000000008046800     0x1000 ./psoc6sw-1.2/components/psoc6pdl/devices/bsp/COMPONENT_MTB/startup/TOOLCHAIN_GCC_ARM/startup_psoc6_01_cm4.o
                0x0000000008047800                __StackTop = (ORIGIN (ram) + LENGTH (ram))
                0x0000000008046800                __StackLimit = (__StackTop - SIZEOF (.stack_dummy))
                0x0000000008047800                PROVIDE (__stack, __StackTop)
                0x0000000000000001                ASSERT ((__StackLimit >= __HeapLimit), region RAM overflowed with stack)

.cy_app_signature
 *(.cy_app_signature)

.cy_em_eeprom
 *(.cy_em_eeprom)

.cy_sflash_user_data
 *(.cy_sflash_user_data)

.cy_sflash_nar
 *(.cy_sflash_nar)

.cy_sflash_public_key
 *(.cy_sflash_public_key)

.cy_toc_part2
 *(.cy_toc_part2)

.cy_rtoc_part2
 *(.cy_rtoc_part2)

.cy_xip
 *(.cy_xip)

.cy_efuse
 *(.cy_efuse)

.cymeta
 *(.cymeta)
                0x0000000010000000                __cy_memory_0_start = 0x10000000
                0x0000000000100000                __cy_memory_0_length = 0x100000
                0x0000000000000200                __cy_memory_0_row_size = 0x200
                0x0000000014000000                __cy_memory_1_start = 0x14000000
                0x0000000000008000                __cy_memory_1_length = 0x8000
                0x0000000000000200                __cy_memory_1_row_size = 0x200
                0x0000000016000000                __cy_memory_2_start = 0x16000000
                0x0000000000008000                __cy_memory_2_length = 0x8000
                0x0000000000000200                __cy_memory_2_row_size = 0x200
                0x0000000018000000                __cy_memory_3_start = 0x18000000
                0x0000000008000000                __cy_memory_3_length = 0x8000000
                0x0000000000000200                __cy_memory_3_row_size = 0x200
                0x0000000090700000                __cy_memory_4_start = 0x90700000
                0x0000000000100000                __cy_memory_4_length = 0x100000
                0x0000000000000001                __cy_memory_4_row_size = 0x1
OUTPUT(BlinkyLED2_mainapp.elf elf32-littlearm)

.ARM.attributes
                0x0000000000000000       0x2e
 .ARM.attributes
                0x0000000000000000       0x22 /Applications/ModusToolbox_2.0/tools/gcc-7.2.1-1.0/bin/../lib/gcc/arm-none-eabi/7.2.1/thumb/v7e-m/fpv4-sp/softfp/crti.o
 .ARM.attributes
                0x0000000000000022       0x32 /Applications/ModusToolbox_2.0/tools/gcc-7.2.1-1.0/bin/../lib/gcc/arm-none-eabi/7.2.1/thumb/v7e-m/fpv4-sp/softfp/crtbegin.o
 .ARM.attributes
                0x0000000000000054       0x1f ./psoc6sw-1.2/components/psoc6pdl/devices/bsp/COMPONENT_MTB/startup/TOOLCHAIN_GCC_ARM/startup_psoc6_01_cm4.o
 .ARM.attributes
                0x0000000000000073       0x37 ./psoc6sw-1.2/components/psoc6pdl/devices/bsp/COMPONENT_MTB/startup/system_psoc6_cm4.o
 .ARM.attributes
                0x00000000000000aa       0x37 ./psoc6sw-1.2/components/psoc6cm0p/COMPONENT_CM0P_SLEEP/psoc6_01_cm0p_sleep.o
 .ARM.attributes
                0x00000000000000e1       0x37 ./Source/main.o
 .ARM.attributes
                0x0000000000000118       0x37 ./GeneratedSource/cycfg.o
 .ARM.attributes
                0x000000000000014f       0x37 ./GeneratedSource/cycfg_pins.o
 .ARM.attributes
                0x0000000000000186       0x37 ./GeneratedSource/cycfg_routing.o
 .ARM.attributes
                0x00000000000001bd       0x37 ./GeneratedSource/cycfg_system.o
 .ARM.attributes
                0x00000000000001f4       0x25 /Users/hdm/cypress/vscode/cortex-debug-samples/blink2/psoc6pdl_Cortex-M4/Debug/libpsoc6pdl_Cortex-M4.a(cy_syslib_gcc.o)
 .ARM.attributes
                0x0000000000000219       0x37 /Users/hdm/cypress/vscode/cortex-debug-samples/blink2/psoc6pdl_Cortex-M4/Debug/libpsoc6pdl_Cortex-M4.a(cy_device.o)
 .ARM.attributes
                0x0000000000000250       0x37 /Users/hdm/cypress/vscode/cortex-debug-samples/blink2/psoc6pdl_Cortex-M4/Debug/libpsoc6pdl_Cortex-M4.a(cy_flash.o)
 .ARM.attributes
                0x0000000000000287       0x37 /Users/hdm/cypress/vscode/cortex-debug-samples/blink2/psoc6pdl_Cortex-M4/Debug/libpsoc6pdl_Cortex-M4.a(cy_gpio.o)
 .ARM.attributes
                0x00000000000002be       0x37 /Users/hdm/cypress/vscode/cortex-debug-samples/blink2/psoc6pdl_Cortex-M4/Debug/libpsoc6pdl_Cortex-M4.a(cy_ipc_drv.o)
 .ARM.attributes
                0x00000000000002f5       0x37 /Users/hdm/cypress/vscode/cortex-debug-samples/blink2/psoc6pdl_Cortex-M4/Debug/libpsoc6pdl_Cortex-M4.a(cy_ipc_pipe.o)
 .ARM.attributes
                0x000000000000032c       0x37 /Users/hdm/cypress/vscode/cortex-debug-samples/blink2/psoc6pdl_Cortex-M4/Debug/libpsoc6pdl_Cortex-M4.a(cy_ipc_sema.o)
 .ARM.attributes
                0x0000000000000363       0x37 /Users/hdm/cypress/vscode/cortex-debug-samples/blink2/psoc6pdl_Cortex-M4/Debug/libpsoc6pdl_Cortex-M4.a(cy_sysclk.o)
 .ARM.attributes
                0x000000000000039a       0x37 /Users/hdm/cypress/vscode/cortex-debug-samples/blink2/psoc6pdl_Cortex-M4/Debug/libpsoc6pdl_Cortex-M4.a(cy_sysint.o)
 .ARM.attributes
                0x00000000000003d1       0x37 /Users/hdm/cypress/vscode/cortex-debug-samples/blink2/psoc6pdl_Cortex-M4/Debug/libpsoc6pdl_Cortex-M4.a(cy_syslib.o)
 .ARM.attributes
                0x0000000000000408       0x37 /Users/hdm/cypress/vscode/cortex-debug-samples/blink2/psoc6pdl_Cortex-M4/Debug/libpsoc6pdl_Cortex-M4.a(cy_syspm.o)
 .ARM.attributes
                0x000000000000043f       0x37 /Users/hdm/cypress/vscode/cortex-debug-samples/blink2/psoc6pdl_Cortex-M4/Debug/libpsoc6pdl_Cortex-M4.a(cy_prot.o)
 .ARM.attributes
                0x0000000000000476       0x32 /Applications/ModusToolbox_2.0/tools/gcc-7.2.1-1.0/bin/../lib/gcc/arm-none-eabi/7.2.1/../../../../arm-none-eabi/lib/thumb/v7e-m/fpv4-sp/softfp/libg_nano.a(lib_a-memset.o)
 .ARM.attributes
                0x00000000000004a8       0x32 /Applications/ModusToolbox_2.0/tools/gcc-7.2.1-1.0/bin/../lib/gcc/arm-none-eabi/7.2.1/../../../../arm-none-eabi/lib/thumb/v7e-m/fpv4-sp/softfp/libg_nano.a(lib_a-strncpy.o)
 .ARM.attributes
                0x00000000000004da       0x32 /Applications/ModusToolbox_2.0/tools/gcc-7.2.1-1.0/bin/../lib/gcc/arm-none-eabi/7.2.1/thumb/v7e-m/fpv4-sp/softfp/crtend.o
 .ARM.attributes
                0x000000000000050c       0x22 /Applications/ModusToolbox_2.0/tools/gcc-7.2.1-1.0/bin/../lib/gcc/arm-none-eabi/7.2.1/thumb/v7e-m/fpv4-sp/softfp/crtn.o

.comment        0x0000000000000000       0x7e
 .comment       0x0000000000000000       0x7e ./psoc6sw-1.2/components/psoc6pdl/devices/bsp/COMPONENT_MTB/startup/system_psoc6_cm4.o
                                         0x7f (size before relaxing)
 .comment       0x000000000000007e       0x7f ./psoc6sw-1.2/components/psoc6cm0p/COMPONENT_CM0P_SLEEP/psoc6_01_cm0p_sleep.o
 .comment       0x000000000000007e       0x7f ./Source/main.o
 .comment       0x000000000000007e       0x7f ./GeneratedSource/cycfg.o
 .comment       0x000000000000007e       0x7f ./GeneratedSource/cycfg_pins.o
 .comment       0x000000000000007e       0x7f ./GeneratedSource/cycfg_routing.o
 .comment       0x000000000000007e       0x7f ./GeneratedSource/cycfg_system.o
 .comment       0x000000000000007e       0x7f /Users/hdm/cypress/vscode/cortex-debug-samples/blink2/psoc6pdl_Cortex-M4/Debug/libpsoc6pdl_Cortex-M4.a(cy_device.o)
 .comment       0x000000000000007e       0x7f /Users/hdm/cypress/vscode/cortex-debug-samples/blink2/psoc6pdl_Cortex-M4/Debug/libpsoc6pdl_Cortex-M4.a(cy_flash.o)
 .comment       0x000000000000007e       0x7f /Users/hdm/cypress/vscode/cortex-debug-samples/blink2/psoc6pdl_Cortex-M4/Debug/libpsoc6pdl_Cortex-M4.a(cy_gpio.o)
 .comment       0x000000000000007e       0x7f /Users/hdm/cypress/vscode/cortex-debug-samples/blink2/psoc6pdl_Cortex-M4/Debug/libpsoc6pdl_Cortex-M4.a(cy_ipc_drv.o)
 .comment       0x000000000000007e       0x7f /Users/hdm/cypress/vscode/cortex-debug-samples/blink2/psoc6pdl_Cortex-M4/Debug/libpsoc6pdl_Cortex-M4.a(cy_ipc_pipe.o)
 .comment       0x000000000000007e       0x7f /Users/hdm/cypress/vscode/cortex-debug-samples/blink2/psoc6pdl_Cortex-M4/Debug/libpsoc6pdl_Cortex-M4.a(cy_ipc_sema.o)
 .comment       0x000000000000007e       0x7f /Users/hdm/cypress/vscode/cortex-debug-samples/blink2/psoc6pdl_Cortex-M4/Debug/libpsoc6pdl_Cortex-M4.a(cy_sysclk.o)
 .comment       0x000000000000007e       0x7f /Users/hdm/cypress/vscode/cortex-debug-samples/blink2/psoc6pdl_Cortex-M4/Debug/libpsoc6pdl_Cortex-M4.a(cy_sysint.o)
 .comment       0x000000000000007e       0x7f /Users/hdm/cypress/vscode/cortex-debug-samples/blink2/psoc6pdl_Cortex-M4/Debug/libpsoc6pdl_Cortex-M4.a(cy_syslib.o)
 .comment       0x000000000000007e       0x7f /Users/hdm/cypress/vscode/cortex-debug-samples/blink2/psoc6pdl_Cortex-M4/Debug/libpsoc6pdl_Cortex-M4.a(cy_syspm.o)
 .comment       0x000000000000007e       0x7f /Users/hdm/cypress/vscode/cortex-debug-samples/blink2/psoc6pdl_Cortex-M4/Debug/libpsoc6pdl_Cortex-M4.a(cy_prot.o)

.debug_line     0x0000000000000000     0xb290
 .debug_line    0x0000000000000000       0xe1 ./psoc6sw-1.2/components/psoc6pdl/devices/bsp/COMPONENT_MTB/startup/TOOLCHAIN_GCC_ARM/startup_psoc6_01_cm4.o
 .debug_line    0x00000000000000e1      0x927 ./psoc6sw-1.2/components/psoc6pdl/devices/bsp/COMPONENT_MTB/startup/system_psoc6_cm4.o
 .debug_line    0x0000000000000a08      0x65b ./psoc6sw-1.2/components/psoc6cm0p/COMPONENT_CM0P_SLEEP/psoc6_01_cm0p_sleep.o
 .debug_line    0x0000000000001063      0xfa6 ./Source/main.o
 .debug_line    0x0000000000002009      0x82f ./GeneratedSource/cycfg.o
 .debug_line    0x0000000000002838      0x7fc ./GeneratedSource/cycfg_pins.o
 .debug_line    0x0000000000003034       0x79 ./GeneratedSource/cycfg_routing.o
 .debug_line    0x00000000000030ad      0x8e0 ./GeneratedSource/cycfg_system.o
 .debug_line    0x000000000000398d       0xba /Users/hdm/cypress/vscode/cortex-debug-samples/blink2/psoc6pdl_Cortex-M4/Debug/libpsoc6pdl_Cortex-M4.a(cy_syslib_gcc.o)
 .debug_line    0x0000000000003a47      0x50d /Users/hdm/cypress/vscode/cortex-debug-samples/blink2/psoc6pdl_Cortex-M4/Debug/libpsoc6pdl_Cortex-M4.a(cy_device.o)
 .debug_line    0x0000000000003f54      0xce9 /Users/hdm/cypress/vscode/cortex-debug-samples/blink2/psoc6pdl_Cortex-M4/Debug/libpsoc6pdl_Cortex-M4.a(cy_flash.o)
 .debug_line    0x0000000000004c3d      0x98a /Users/hdm/cypress/vscode/cortex-debug-samples/blink2/psoc6pdl_Cortex-M4/Debug/libpsoc6pdl_Cortex-M4.a(cy_gpio.o)
 .debug_line    0x00000000000055c7      0x809 /Users/hdm/cypress/vscode/cortex-debug-samples/blink2/psoc6pdl_Cortex-M4/Debug/libpsoc6pdl_Cortex-M4.a(cy_ipc_drv.o)
 .debug_line    0x0000000000005dd0      0x9ef /Users/hdm/cypress/vscode/cortex-debug-samples/blink2/psoc6pdl_Cortex-M4/Debug/libpsoc6pdl_Cortex-M4.a(cy_ipc_pipe.o)
 .debug_line    0x00000000000067bf      0x98d /Users/hdm/cypress/vscode/cortex-debug-samples/blink2/psoc6pdl_Cortex-M4/Debug/libpsoc6pdl_Cortex-M4.a(cy_ipc_sema.o)
 .debug_line    0x000000000000714c     0x1084 /Users/hdm/cypress/vscode/cortex-debug-samples/blink2/psoc6pdl_Cortex-M4/Debug/libpsoc6pdl_Cortex-M4.a(cy_sysclk.o)
 .debug_line    0x00000000000081d0      0x7e0 /Users/hdm/cypress/vscode/cortex-debug-samples/blink2/psoc6pdl_Cortex-M4/Debug/libpsoc6pdl_Cortex-M4.a(cy_sysint.o)
 .debug_line    0x00000000000089b0      0x957 /Users/hdm/cypress/vscode/cortex-debug-samples/blink2/psoc6pdl_Cortex-M4/Debug/libpsoc6pdl_Cortex-M4.a(cy_syslib.o)
 .debug_line    0x0000000000009307      0xfaa /Users/hdm/cypress/vscode/cortex-debug-samples/blink2/psoc6pdl_Cortex-M4/Debug/libpsoc6pdl_Cortex-M4.a(cy_syspm.o)
 .debug_line    0x000000000000a2b1      0xfdf /Users/hdm/cypress/vscode/cortex-debug-samples/blink2/psoc6pdl_Cortex-M4/Debug/libpsoc6pdl_Cortex-M4.a(cy_prot.o)

.debug_info     0x0000000000000000    0x26ee3
 .debug_info    0x0000000000000000       0x26 ./psoc6sw-1.2/components/psoc6pdl/devices/bsp/COMPONENT_MTB/startup/TOOLCHAIN_GCC_ARM/startup_psoc6_01_cm4.o
 .debug_info    0x0000000000000026     0x2122 ./psoc6sw-1.2/components/psoc6pdl/devices/bsp/COMPONENT_MTB/startup/system_psoc6_cm4.o
 .debug_info    0x0000000000002148      0x147 ./psoc6sw-1.2/components/psoc6cm0p/COMPONENT_CM0P_SLEEP/psoc6_01_cm0p_sleep.o
 .debug_info    0x000000000000228f     0x460a ./Source/main.o
 .debug_info    0x0000000000006899     0x353c ./GeneratedSource/cycfg.o
 .debug_info    0x0000000000009dd5     0x3775 ./GeneratedSource/cycfg_pins.o
 .debug_info    0x000000000000d54a       0x3b ./GeneratedSource/cycfg_routing.o
 .debug_info    0x000000000000d585     0x1d80 ./GeneratedSource/cycfg_system.o
 .debug_info    0x000000000000f305       0x26 /Users/hdm/cypress/vscode/cortex-debug-samples/blink2/psoc6pdl_Cortex-M4/Debug/libpsoc6pdl_Cortex-M4.a(cy_syslib_gcc.o)
 .debug_info    0x000000000000f32b      0x55f /Users/hdm/cypress/vscode/cortex-debug-samples/blink2/psoc6pdl_Cortex-M4/Debug/libpsoc6pdl_Cortex-M4.a(cy_device.o)
 .debug_info    0x000000000000f88a     0x2ebc /Users/hdm/cypress/vscode/cortex-debug-samples/blink2/psoc6pdl_Cortex-M4/Debug/libpsoc6pdl_Cortex-M4.a(cy_flash.o)
 .debug_info    0x0000000000012746     0x1aba /Users/hdm/cypress/vscode/cortex-debug-samples/blink2/psoc6pdl_Cortex-M4/Debug/libpsoc6pdl_Cortex-M4.a(cy_gpio.o)
 .debug_info    0x0000000000014200      0xf2f /Users/hdm/cypress/vscode/cortex-debug-samples/blink2/psoc6pdl_Cortex-M4/Debug/libpsoc6pdl_Cortex-M4.a(cy_ipc_drv.o)
 .debug_info    0x000000000001512f     0x1c91 /Users/hdm/cypress/vscode/cortex-debug-samples/blink2/psoc6pdl_Cortex-M4/Debug/libpsoc6pdl_Cortex-M4.a(cy_ipc_pipe.o)
 .debug_info    0x0000000000016dc0     0x1a6b /Users/hdm/cypress/vscode/cortex-debug-samples/blink2/psoc6pdl_Cortex-M4/Debug/libpsoc6pdl_Cortex-M4.a(cy_ipc_sema.o)
 .debug_info    0x000000000001882b     0x32ea /Users/hdm/cypress/vscode/cortex-debug-samples/blink2/psoc6pdl_Cortex-M4/Debug/libpsoc6pdl_Cortex-M4.a(cy_sysclk.o)
 .debug_info    0x000000000001bb15     0x1030 /Users/hdm/cypress/vscode/cortex-debug-samples/blink2/psoc6pdl_Cortex-M4/Debug/libpsoc6pdl_Cortex-M4.a(cy_sysint.o)
 .debug_info    0x000000000001cb45     0x2cae /Users/hdm/cypress/vscode/cortex-debug-samples/blink2/psoc6pdl_Cortex-M4/Debug/libpsoc6pdl_Cortex-M4.a(cy_syslib.o)
 .debug_info    0x000000000001f7f3     0x45a2 /Users/hdm/cypress/vscode/cortex-debug-samples/blink2/psoc6pdl_Cortex-M4/Debug/libpsoc6pdl_Cortex-M4.a(cy_syspm.o)
 .debug_info    0x0000000000023d95     0x314e /Users/hdm/cypress/vscode/cortex-debug-samples/blink2/psoc6pdl_Cortex-M4/Debug/libpsoc6pdl_Cortex-M4.a(cy_prot.o)

.debug_abbrev   0x0000000000000000     0x2c83
 .debug_abbrev  0x0000000000000000       0x14 ./psoc6sw-1.2/components/psoc6pdl/devices/bsp/COMPONENT_MTB/startup/TOOLCHAIN_GCC_ARM/startup_psoc6_01_cm4.o
 .debug_abbrev  0x0000000000000014      0x27e ./psoc6sw-1.2/components/psoc6pdl/devices/bsp/COMPONENT_MTB/startup/system_psoc6_cm4.o
 .debug_abbrev  0x0000000000000292       0x78 ./psoc6sw-1.2/components/psoc6cm0p/COMPONENT_CM0P_SLEEP/psoc6_01_cm0p_sleep.o
 .debug_abbrev  0x000000000000030a      0x2a8 ./Source/main.o
 .debug_abbrev  0x00000000000005b2      0x158 ./GeneratedSource/cycfg.o
 .debug_abbrev  0x000000000000070a      0x1a9 ./GeneratedSource/cycfg_pins.o
 .debug_abbrev  0x00000000000008b3       0x2f ./GeneratedSource/cycfg_routing.o
 .debug_abbrev  0x00000000000008e2      0x2e4 ./GeneratedSource/cycfg_system.o
 .debug_abbrev  0x0000000000000bc6       0x14 /Users/hdm/cypress/vscode/cortex-debug-samples/blink2/psoc6pdl_Cortex-M4/Debug/libpsoc6pdl_Cortex-M4.a(cy_syslib_gcc.o)
 .debug_abbrev  0x0000000000000bda       0xab /Users/hdm/cypress/vscode/cortex-debug-samples/blink2/psoc6pdl_Cortex-M4/Debug/libpsoc6pdl_Cortex-M4.a(cy_device.o)
 .debug_abbrev  0x0000000000000c85      0x3ca /Users/hdm/cypress/vscode/cortex-debug-samples/blink2/psoc6pdl_Cortex-M4/Debug/libpsoc6pdl_Cortex-M4.a(cy_flash.o)
 .debug_abbrev  0x000000000000104f      0x2a0 /Users/hdm/cypress/vscode/cortex-debug-samples/blink2/psoc6pdl_Cortex-M4/Debug/libpsoc6pdl_Cortex-M4.a(cy_gpio.o)
 .debug_abbrev  0x00000000000012ef      0x1e7 /Users/hdm/cypress/vscode/cortex-debug-samples/blink2/psoc6pdl_Cortex-M4/Debug/libpsoc6pdl_Cortex-M4.a(cy_ipc_drv.o)
 .debug_abbrev  0x00000000000014d6      0x390 /Users/hdm/cypress/vscode/cortex-debug-samples/blink2/psoc6pdl_Cortex-M4/Debug/libpsoc6pdl_Cortex-M4.a(cy_ipc_pipe.o)
 .debug_abbrev  0x0000000000001866      0x346 /Users/hdm/cypress/vscode/cortex-debug-samples/blink2/psoc6pdl_Cortex-M4/Debug/libpsoc6pdl_Cortex-M4.a(cy_ipc_sema.o)
 .debug_abbrev  0x0000000000001bac      0x476 /Users/hdm/cypress/vscode/cortex-debug-samples/blink2/psoc6pdl_Cortex-M4/Debug/libpsoc6pdl_Cortex-M4.a(cy_sysclk.o)
 .debug_abbrev  0x0000000000002022      0x266 /Users/hdm/cypress/vscode/cortex-debug-samples/blink2/psoc6pdl_Cortex-M4/Debug/libpsoc6pdl_Cortex-M4.a(cy_sysint.o)
 .debug_abbrev  0x0000000000002288      0x3a4 /Users/hdm/cypress/vscode/cortex-debug-samples/blink2/psoc6pdl_Cortex-M4/Debug/libpsoc6pdl_Cortex-M4.a(cy_syslib.o)
 .debug_abbrev  0x000000000000262c      0x3af /Users/hdm/cypress/vscode/cortex-debug-samples/blink2/psoc6pdl_Cortex-M4/Debug/libpsoc6pdl_Cortex-M4.a(cy_syspm.o)
 .debug_abbrev  0x00000000000029db      0x2a8 /Users/hdm/cypress/vscode/cortex-debug-samples/blink2/psoc6pdl_Cortex-M4/Debug/libpsoc6pdl_Cortex-M4.a(cy_prot.o)

.debug_aranges  0x0000000000000000      0x790
 .debug_aranges
                0x0000000000000000       0x20 ./psoc6sw-1.2/components/psoc6pdl/devices/bsp/COMPONENT_MTB/startup/TOOLCHAIN_GCC_ARM/startup_psoc6_01_cm4.o
 .debug_aranges
                0x0000000000000020       0x40 ./psoc6sw-1.2/components/psoc6pdl/devices/bsp/COMPONENT_MTB/startup/system_psoc6_cm4.o
 .debug_aranges
                0x0000000000000060       0x18 ./psoc6sw-1.2/components/psoc6cm0p/COMPONENT_CM0P_SLEEP/psoc6_01_cm0p_sleep.o
 .debug_aranges
                0x0000000000000078       0x30 ./Source/main.o
 .debug_aranges
                0x00000000000000a8       0x20 ./GeneratedSource/cycfg.o
 .debug_aranges
                0x00000000000000c8       0x20 ./GeneratedSource/cycfg_pins.o
 .debug_aranges
                0x00000000000000e8       0x20 ./GeneratedSource/cycfg_routing.o
 .debug_aranges
                0x0000000000000108       0x28 ./GeneratedSource/cycfg_system.o
 .debug_aranges
                0x0000000000000130       0x20 /Users/hdm/cypress/vscode/cortex-debug-samples/blink2/psoc6pdl_Cortex-M4/Debug/libpsoc6pdl_Cortex-M4.a(cy_syslib_gcc.o)
 .debug_aranges
                0x0000000000000150       0x20 /Users/hdm/cypress/vscode/cortex-debug-samples/blink2/psoc6pdl_Cortex-M4/Debug/libpsoc6pdl_Cortex-M4.a(cy_device.o)
 .debug_aranges
                0x0000000000000170       0xd8 /Users/hdm/cypress/vscode/cortex-debug-samples/blink2/psoc6pdl_Cortex-M4/Debug/libpsoc6pdl_Cortex-M4.a(cy_flash.o)
 .debug_aranges
                0x0000000000000248       0x48 /Users/hdm/cypress/vscode/cortex-debug-samples/blink2/psoc6pdl_Cortex-M4/Debug/libpsoc6pdl_Cortex-M4.a(cy_gpio.o)
 .debug_aranges
                0x0000000000000290       0x30 /Users/hdm/cypress/vscode/cortex-debug-samples/blink2/psoc6pdl_Cortex-M4/Debug/libpsoc6pdl_Cortex-M4.a(cy_ipc_drv.o)
 .debug_aranges
                0x00000000000002c0       0x68 /Users/hdm/cypress/vscode/cortex-debug-samples/blink2/psoc6pdl_Cortex-M4/Debug/libpsoc6pdl_Cortex-M4.a(cy_ipc_pipe.o)
 .debug_aranges
                0x0000000000000328       0x48 /Users/hdm/cypress/vscode/cortex-debug-samples/blink2/psoc6pdl_Cortex-M4/Debug/libpsoc6pdl_Cortex-M4.a(cy_ipc_sema.o)
 .debug_aranges
                0x0000000000000370       0xc0 /Users/hdm/cypress/vscode/cortex-debug-samples/blink2/psoc6pdl_Cortex-M4/Debug/libpsoc6pdl_Cortex-M4.a(cy_sysclk.o)
 .debug_aranges
                0x0000000000000430       0x30 /Users/hdm/cypress/vscode/cortex-debug-samples/blink2/psoc6pdl_Cortex-M4/Debug/libpsoc6pdl_Cortex-M4.a(cy_sysint.o)
 .debug_aranges
                0x0000000000000460       0x78 /Users/hdm/cypress/vscode/cortex-debug-samples/blink2/psoc6pdl_Cortex-M4/Debug/libpsoc6pdl_Cortex-M4.a(cy_syslib.o)
 .debug_aranges
                0x00000000000004d8      0x120 /Users/hdm/cypress/vscode/cortex-debug-samples/blink2/psoc6pdl_Cortex-M4/Debug/libpsoc6pdl_Cortex-M4.a(cy_syspm.o)
 .debug_aranges
                0x00000000000005f8      0x198 /Users/hdm/cypress/vscode/cortex-debug-samples/blink2/psoc6pdl_Cortex-M4/Debug/libpsoc6pdl_Cortex-M4.a(cy_prot.o)

.debug_str      0x0000000000000000    0xedd1a
 .debug_str     0x0000000000000000       0xcc ./psoc6sw-1.2/components/psoc6pdl/devices/bsp/COMPONENT_MTB/startup/TOOLCHAIN_GCC_ARM/startup_psoc6_01_cm4.o
 .debug_str     0x00000000000000cc    0xbb7c2 ./psoc6sw-1.2/components/psoc6pdl/devices/bsp/COMPONENT_MTB/startup/system_psoc6_cm4.o
                                      0xbbb40 (size before relaxing)
 .debug_str     0x00000000000bb88e       0x5c ./psoc6sw-1.2/components/psoc6cm0p/COMPONENT_CM0P_SLEEP/psoc6_01_cm0p_sleep.o
                                      0x81527 (size before relaxing)
 .debug_str     0x00000000000bb8ea    0x29a30 ./Source/main.o
                                      0xe35c3 (size before relaxing)
 .debug_str     0x00000000000e531a       0x5f ./GeneratedSource/cycfg.o
                                      0xc3ecf (size before relaxing)
 .debug_str     0x00000000000e5379       0x31 ./GeneratedSource/cycfg_pins.o
                                      0xc167c (size before relaxing)
 .debug_str     0x00000000000e53aa       0x23 ./GeneratedSource/cycfg_routing.o
                                       0x2e20 (size before relaxing)
 .debug_str     0x00000000000e53cd      0xe3f ./GeneratedSource/cycfg_system.o
                                      0xbc8b7 (size before relaxing)
 .debug_str     0x00000000000e620c       0xc9 /Users/hdm/cypress/vscode/cortex-debug-samples/blink2/psoc6pdl_Cortex-M4/Debug/libpsoc6pdl_Cortex-M4.a(cy_syslib_gcc.o)
                                         0xd8 (size before relaxing)
 .debug_str     0x00000000000e62d5       0x77 /Users/hdm/cypress/vscode/cortex-debug-samples/blink2/psoc6pdl_Cortex-M4/Debug/libpsoc6pdl_Cortex-M4.a(cy_device.o)
                                      0x665c7 (size before relaxing)
 .debug_str     0x00000000000e634c     0x2ad1 /Users/hdm/cypress/vscode/cortex-debug-samples/blink2/psoc6pdl_Cortex-M4/Debug/libpsoc6pdl_Cortex-M4.a(cy_flash.o)
                                      0xb1512 (size before relaxing)
 .debug_str     0x00000000000e8e1d      0x4c9 /Users/hdm/cypress/vscode/cortex-debug-samples/blink2/psoc6pdl_Cortex-M4/Debug/libpsoc6pdl_Cortex-M4.a(cy_gpio.o)
                                      0xad7c1 (size before relaxing)
 .debug_str     0x00000000000e92e6      0x123 /Users/hdm/cypress/vscode/cortex-debug-samples/blink2/psoc6pdl_Cortex-M4/Debug/libpsoc6pdl_Cortex-M4.a(cy_ipc_drv.o)
                                      0xac0b9 (size before relaxing)
 .debug_str     0x00000000000e9409      0x33c /Users/hdm/cypress/vscode/cortex-debug-samples/blink2/psoc6pdl_Cortex-M4/Debug/libpsoc6pdl_Cortex-M4.a(cy_ipc_pipe.o)
                                      0xad0e1 (size before relaxing)
 .debug_str     0x00000000000e9745      0x14e /Users/hdm/cypress/vscode/cortex-debug-samples/blink2/psoc6pdl_Cortex-M4/Debug/libpsoc6pdl_Cortex-M4.a(cy_ipc_sema.o)
                                      0xaf0e1 (size before relaxing)
 .debug_str     0x00000000000e9893     0x12d4 /Users/hdm/cypress/vscode/cortex-debug-samples/blink2/psoc6pdl_Cortex-M4/Debug/libpsoc6pdl_Cortex-M4.a(cy_sysclk.o)
                                      0xb33d9 (size before relaxing)
 .debug_str     0x00000000000eab67       0xe9 /Users/hdm/cypress/vscode/cortex-debug-samples/blink2/psoc6pdl_Cortex-M4/Debug/libpsoc6pdl_Cortex-M4.a(cy_sysint.o)
                                      0xac481 (size before relaxing)
 .debug_str     0x00000000000eac50      0x86d /Users/hdm/cypress/vscode/cortex-debug-samples/blink2/psoc6pdl_Cortex-M4/Debug/libpsoc6pdl_Cortex-M4.a(cy_syslib.o)
                                      0xaff20 (size before relaxing)
 .debug_str     0x00000000000eb4bd     0x184b /Users/hdm/cypress/vscode/cortex-debug-samples/blink2/psoc6pdl_Cortex-M4/Debug/libpsoc6pdl_Cortex-M4.a(cy_syspm.o)
                                      0xb3573 (size before relaxing)
 .debug_str     0x00000000000ecd08     0x1012 /Users/hdm/cypress/vscode/cortex-debug-samples/blink2/psoc6pdl_Cortex-M4/Debug/libpsoc6pdl_Cortex-M4.a(cy_prot.o)
                                      0xaea5b (size before relaxing)

.debug_loc      0x0000000000000000     0x85b4
 .debug_loc     0x0000000000000000      0x225 ./psoc6sw-1.2/components/psoc6pdl/devices/bsp/COMPONENT_MTB/startup/system_psoc6_cm4.o
 .debug_loc     0x0000000000000225      0x254 ./GeneratedSource/cycfg_system.o
 .debug_loc     0x0000000000000479      0xf7b /Users/hdm/cypress/vscode/cortex-debug-samples/blink2/psoc6pdl_Cortex-M4/Debug/libpsoc6pdl_Cortex-M4.a(cy_flash.o)
 .debug_loc     0x00000000000013f4      0x9d8 /Users/hdm/cypress/vscode/cortex-debug-samples/blink2/psoc6pdl_Cortex-M4/Debug/libpsoc6pdl_Cortex-M4.a(cy_gpio.o)
 .debug_loc     0x0000000000001dcc      0x3e0 /Users/hdm/cypress/vscode/cortex-debug-samples/blink2/psoc6pdl_Cortex-M4/Debug/libpsoc6pdl_Cortex-M4.a(cy_ipc_drv.o)
 .debug_loc     0x00000000000021ac      0x9d6 /Users/hdm/cypress/vscode/cortex-debug-samples/blink2/psoc6pdl_Cortex-M4/Debug/libpsoc6pdl_Cortex-M4.a(cy_ipc_pipe.o)
 .debug_loc     0x0000000000002b82      0x83a /Users/hdm/cypress/vscode/cortex-debug-samples/blink2/psoc6pdl_Cortex-M4/Debug/libpsoc6pdl_Cortex-M4.a(cy_ipc_sema.o)
 .debug_loc     0x00000000000033bc     0x1e32 /Users/hdm/cypress/vscode/cortex-debug-samples/blink2/psoc6pdl_Cortex-M4/Debug/libpsoc6pdl_Cortex-M4.a(cy_sysclk.o)
 .debug_loc     0x00000000000051ee      0x224 /Users/hdm/cypress/vscode/cortex-debug-samples/blink2/psoc6pdl_Cortex-M4/Debug/libpsoc6pdl_Cortex-M4.a(cy_sysint.o)
 .debug_loc     0x0000000000005412      0x18f /Users/hdm/cypress/vscode/cortex-debug-samples/blink2/psoc6pdl_Cortex-M4/Debug/libpsoc6pdl_Cortex-M4.a(cy_syslib.o)
 .debug_loc     0x00000000000055a1     0x1169 /Users/hdm/cypress/vscode/cortex-debug-samples/blink2/psoc6pdl_Cortex-M4/Debug/libpsoc6pdl_Cortex-M4.a(cy_syspm.o)
 .debug_loc     0x000000000000670a     0x1eaa /Users/hdm/cypress/vscode/cortex-debug-samples/blink2/psoc6pdl_Cortex-M4/Debug/libpsoc6pdl_Cortex-M4.a(cy_prot.o)

.debug_ranges   0x0000000000000000      0xdb8
 .debug_ranges  0x0000000000000000       0x48 ./psoc6sw-1.2/components/psoc6pdl/devices/bsp/COMPONENT_MTB/startup/system_psoc6_cm4.o
 .debug_ranges  0x0000000000000048       0x20 ./Source/main.o
 .debug_ranges  0x0000000000000068       0x10 ./GeneratedSource/cycfg.o
 .debug_ranges  0x0000000000000078       0x10 ./GeneratedSource/cycfg_pins.o
 .debug_ranges  0x0000000000000088       0x10 ./GeneratedSource/cycfg_routing.o
 .debug_ranges  0x0000000000000098       0x60 ./GeneratedSource/cycfg_system.o
 .debug_ranges  0x00000000000000f8       0x10 /Users/hdm/cypress/vscode/cortex-debug-samples/blink2/psoc6pdl_Cortex-M4/Debug/libpsoc6pdl_Cortex-M4.a(cy_device.o)
 .debug_ranges  0x0000000000000108      0x1f8 /Users/hdm/cypress/vscode/cortex-debug-samples/blink2/psoc6pdl_Cortex-M4/Debug/libpsoc6pdl_Cortex-M4.a(cy_flash.o)
 .debug_ranges  0x0000000000000300      0x110 /Users/hdm/cypress/vscode/cortex-debug-samples/blink2/psoc6pdl_Cortex-M4/Debug/libpsoc6pdl_Cortex-M4.a(cy_gpio.o)
 .debug_ranges  0x0000000000000410       0x50 /Users/hdm/cypress/vscode/cortex-debug-samples/blink2/psoc6pdl_Cortex-M4/Debug/libpsoc6pdl_Cortex-M4.a(cy_ipc_drv.o)
 .debug_ranges  0x0000000000000460       0xb8 /Users/hdm/cypress/vscode/cortex-debug-samples/blink2/psoc6pdl_Cortex-M4/Debug/libpsoc6pdl_Cortex-M4.a(cy_ipc_pipe.o)
 .debug_ranges  0x0000000000000518       0x80 /Users/hdm/cypress/vscode/cortex-debug-samples/blink2/psoc6pdl_Cortex-M4/Debug/libpsoc6pdl_Cortex-M4.a(cy_ipc_sema.o)
 .debug_ranges  0x0000000000000598      0x310 /Users/hdm/cypress/vscode/cortex-debug-samples/blink2/psoc6pdl_Cortex-M4/Debug/libpsoc6pdl_Cortex-M4.a(cy_sysclk.o)
 .debug_ranges  0x00000000000008a8       0x38 /Users/hdm/cypress/vscode/cortex-debug-samples/blink2/psoc6pdl_Cortex-M4/Debug/libpsoc6pdl_Cortex-M4.a(cy_sysint.o)
 .debug_ranges  0x00000000000008e0       0x68 /Users/hdm/cypress/vscode/cortex-debug-samples/blink2/psoc6pdl_Cortex-M4/Debug/libpsoc6pdl_Cortex-M4.a(cy_syslib.o)
 .debug_ranges  0x0000000000000948      0x2d0 /Users/hdm/cypress/vscode/cortex-debug-samples/blink2/psoc6pdl_Cortex-M4/Debug/libpsoc6pdl_Cortex-M4.a(cy_syspm.o)
 .debug_ranges  0x0000000000000c18      0x1a0 /Users/hdm/cypress/vscode/cortex-debug-samples/blink2/psoc6pdl_Cortex-M4/Debug/libpsoc6pdl_Cortex-M4.a(cy_prot.o)

.debug_macro    0x0000000000000000    0x29a63
 .debug_macro   0x0000000000000000      0x431 ./psoc6sw-1.2/components/psoc6pdl/devices/bsp/COMPONENT_MTB/startup/system_psoc6_cm4.o
 .debug_macro   0x0000000000000431      0xa5a ./psoc6sw-1.2/components/psoc6pdl/devices/bsp/COMPONENT_MTB/startup/system_psoc6_cm4.o
 .debug_macro   0x0000000000000e8b       0x22 ./psoc6sw-1.2/components/psoc6pdl/devices/bsp/COMPONENT_MTB/startup/system_psoc6_cm4.o
 .debug_macro   0x0000000000000ead       0x22 ./psoc6sw-1.2/components/psoc6pdl/devices/bsp/COMPONENT_MTB/startup/system_psoc6_cm4.o
 .debug_macro   0x0000000000000ecf       0x87 ./psoc6sw-1.2/components/psoc6pdl/devices/bsp/COMPONENT_MTB/startup/system_psoc6_cm4.o
 .debug_macro   0x0000000000000f56       0x51 ./psoc6sw-1.2/components/psoc6pdl/devices/bsp/COMPONENT_MTB/startup/system_psoc6_cm4.o
 .debug_macro   0x0000000000000fa7       0xef ./psoc6sw-1.2/components/psoc6pdl/devices/bsp/COMPONENT_MTB/startup/system_psoc6_cm4.o
 .debug_macro   0x0000000000001096       0x6a ./psoc6sw-1.2/components/psoc6pdl/devices/bsp/COMPONENT_MTB/startup/system_psoc6_cm4.o
 .debug_macro   0x0000000000001100      0x1df ./psoc6sw-1.2/components/psoc6pdl/devices/bsp/COMPONENT_MTB/startup/system_psoc6_cm4.o
 .debug_macro   0x00000000000012df       0x97 ./psoc6sw-1.2/components/psoc6pdl/devices/bsp/COMPONENT_MTB/startup/system_psoc6_cm4.o
 .debug_macro   0x0000000000001376      0x174 ./psoc6sw-1.2/components/psoc6pdl/devices/bsp/COMPONENT_MTB/startup/system_psoc6_cm4.o
 .debug_macro   0x00000000000014ea       0x1c ./psoc6sw-1.2/components/psoc6pdl/devices/bsp/COMPONENT_MTB/startup/system_psoc6_cm4.o
 .debug_macro   0x0000000000001506      0x568 ./psoc6sw-1.2/components/psoc6pdl/devices/bsp/COMPONENT_MTB/startup/system_psoc6_cm4.o
 .debug_macro   0x0000000000001a6e      0x6e6 ./psoc6sw-1.2/components/psoc6pdl/devices/bsp/COMPONENT_MTB/startup/system_psoc6_cm4.o
 .debug_macro   0x0000000000002154      0xa7a ./psoc6sw-1.2/components/psoc6pdl/devices/bsp/COMPONENT_MTB/startup/system_psoc6_cm4.o
 .debug_macro   0x0000000000002bce      0xdec ./psoc6sw-1.2/components/psoc6pdl/devices/bsp/COMPONENT_MTB/startup/system_psoc6_cm4.o
 .debug_macro   0x00000000000039ba      0x9eb ./psoc6sw-1.2/components/psoc6pdl/devices/bsp/COMPONENT_MTB/startup/system_psoc6_cm4.o
 .debug_macro   0x00000000000043a5      0x9ec ./psoc6sw-1.2/components/psoc6pdl/devices/bsp/COMPONENT_MTB/startup/system_psoc6_cm4.o
 .debug_macro   0x0000000000004d91       0xbe ./psoc6sw-1.2/components/psoc6pdl/devices/bsp/COMPONENT_MTB/startup/system_psoc6_cm4.o
 .debug_macro   0x0000000000004e4f       0xfa ./psoc6sw-1.2/components/psoc6pdl/devices/bsp/COMPONENT_MTB/startup/system_psoc6_cm4.o
 .debug_macro   0x0000000000004f49      0x614 ./psoc6sw-1.2/components/psoc6pdl/devices/bsp/COMPONENT_MTB/startup/system_psoc6_cm4.o
 .debug_macro   0x000000000000555d      0xb92 ./psoc6sw-1.2/components/psoc6pdl/devices/bsp/COMPONENT_MTB/startup/system_psoc6_cm4.o
 .debug_macro   0x00000000000060ef      0x3b0 ./psoc6sw-1.2/components/psoc6pdl/devices/bsp/COMPONENT_MTB/startup/system_psoc6_cm4.o
 .debug_macro   0x000000000000649f      0x8bc ./psoc6sw-1.2/components/psoc6pdl/devices/bsp/COMPONENT_MTB/startup/system_psoc6_cm4.o
 .debug_macro   0x0000000000006d5b      0x3c6 ./psoc6sw-1.2/components/psoc6pdl/devices/bsp/COMPONENT_MTB/startup/system_psoc6_cm4.o
 .debug_macro   0x0000000000007121     0x1221 ./psoc6sw-1.2/components/psoc6pdl/devices/bsp/COMPONENT_MTB/startup/system_psoc6_cm4.o
 .debug_macro   0x0000000000008342       0xca ./psoc6sw-1.2/components/psoc6pdl/devices/bsp/COMPONENT_MTB/startup/system_psoc6_cm4.o
 .debug_macro   0x000000000000840c      0x6b3 ./psoc6sw-1.2/components/psoc6pdl/devices/bsp/COMPONENT_MTB/startup/system_psoc6_cm4.o
 .debug_macro   0x0000000000008abf      0x6cf ./psoc6sw-1.2/components/psoc6pdl/devices/bsp/COMPONENT_MTB/startup/system_psoc6_cm4.o
 .debug_macro   0x000000000000918e      0x118 ./psoc6sw-1.2/components/psoc6pdl/devices/bsp/COMPONENT_MTB/startup/system_psoc6_cm4.o
 .debug_macro   0x00000000000092a6      0x127 ./psoc6sw-1.2/components/psoc6pdl/devices/bsp/COMPONENT_MTB/startup/system_psoc6_cm4.o
 .debug_macro   0x00000000000093cd     0x2cd8 ./psoc6sw-1.2/components/psoc6pdl/devices/bsp/COMPONENT_MTB/startup/system_psoc6_cm4.o
 .debug_macro   0x000000000000c0a5      0x1ea ./psoc6sw-1.2/components/psoc6pdl/devices/bsp/COMPONENT_MTB/startup/system_psoc6_cm4.o
 .debug_macro   0x000000000000c28f      0x29a ./psoc6sw-1.2/components/psoc6pdl/devices/bsp/COMPONENT_MTB/startup/system_psoc6_cm4.o
 .debug_macro   0x000000000000c529      0x38d ./psoc6sw-1.2/components/psoc6pdl/devices/bsp/COMPONENT_MTB/startup/system_psoc6_cm4.o
 .debug_macro   0x000000000000c8b6      0x520 ./psoc6sw-1.2/components/psoc6pdl/devices/bsp/COMPONENT_MTB/startup/system_psoc6_cm4.o
 .debug_macro   0x000000000000cdd6      0x235 ./psoc6sw-1.2/components/psoc6pdl/devices/bsp/COMPONENT_MTB/startup/system_psoc6_cm4.o
 .debug_macro   0x000000000000d00b       0xd0 ./psoc6sw-1.2/components/psoc6pdl/devices/bsp/COMPONENT_MTB/startup/system_psoc6_cm4.o
 .debug_macro   0x000000000000d0db       0xdc ./psoc6sw-1.2/components/psoc6pdl/devices/bsp/COMPONENT_MTB/startup/system_psoc6_cm4.o
 .debug_macro   0x000000000000d1b7     0x11aa ./psoc6sw-1.2/components/psoc6pdl/devices/bsp/COMPONENT_MTB/startup/system_psoc6_cm4.o
 .debug_macro   0x000000000000e361     0x13a2 ./psoc6sw-1.2/components/psoc6pdl/devices/bsp/COMPONENT_MTB/startup/system_psoc6_cm4.o
 .debug_macro   0x000000000000f703      0x106 ./psoc6sw-1.2/components/psoc6pdl/devices/bsp/COMPONENT_MTB/startup/system_psoc6_cm4.o
 .debug_macro   0x000000000000f809     0x1416 ./psoc6sw-1.2/components/psoc6pdl/devices/bsp/COMPONENT_MTB/startup/system_psoc6_cm4.o
 .debug_macro   0x0000000000010c1f       0x3b ./psoc6sw-1.2/components/psoc6pdl/devices/bsp/COMPONENT_MTB/startup/system_psoc6_cm4.o
 .debug_macro   0x0000000000010c5a       0x1c ./psoc6sw-1.2/components/psoc6pdl/devices/bsp/COMPONENT_MTB/startup/system_psoc6_cm4.o
 .debug_macro   0x0000000000010c76       0x22 ./psoc6sw-1.2/components/psoc6pdl/devices/bsp/COMPONENT_MTB/startup/system_psoc6_cm4.o
 .debug_macro   0x0000000000010c98       0xd8 ./psoc6sw-1.2/components/psoc6pdl/devices/bsp/COMPONENT_MTB/startup/system_psoc6_cm4.o
 .debug_macro   0x0000000000010d70     0x1011 ./psoc6sw-1.2/components/psoc6pdl/devices/bsp/COMPONENT_MTB/startup/system_psoc6_cm4.o
 .debug_macro   0x0000000000011d81      0x11f ./psoc6sw-1.2/components/psoc6pdl/devices/bsp/COMPONENT_MTB/startup/system_psoc6_cm4.o
 .debug_macro   0x0000000000011ea0      0x25e ./psoc6sw-1.2/components/psoc6pdl/devices/bsp/COMPONENT_MTB/startup/system_psoc6_cm4.o
 .debug_macro   0x00000000000120fe      0x199 ./psoc6sw-1.2/components/psoc6pdl/devices/bsp/COMPONENT_MTB/startup/system_psoc6_cm4.o
 .debug_macro   0x0000000000012297      0x616 ./psoc6sw-1.2/components/psoc6pdl/devices/bsp/COMPONENT_MTB/startup/system_psoc6_cm4.o
 .debug_macro   0x00000000000128ad       0xd6 ./psoc6sw-1.2/components/psoc6pdl/devices/bsp/COMPONENT_MTB/startup/system_psoc6_cm4.o
 .debug_macro   0x0000000000012983      0x674 ./psoc6sw-1.2/components/psoc6pdl/devices/bsp/COMPONENT_MTB/startup/system_psoc6_cm4.o
 .debug_macro   0x0000000000012ff7      0x294 ./psoc6sw-1.2/components/psoc6pdl/devices/bsp/COMPONENT_MTB/startup/system_psoc6_cm4.o
 .debug_macro   0x000000000001328b      0x937 ./psoc6sw-1.2/components/psoc6pdl/devices/bsp/COMPONENT_MTB/startup/system_psoc6_cm4.o
 .debug_macro   0x0000000000013bc2      0x271 ./psoc6sw-1.2/components/psoc6pdl/devices/bsp/COMPONENT_MTB/startup/system_psoc6_cm4.o
 .debug_macro   0x0000000000013e33     0x29fe ./psoc6sw-1.2/components/psoc6pdl/devices/bsp/COMPONENT_MTB/startup/system_psoc6_cm4.o
 .debug_macro   0x0000000000016831     0x21b6 ./psoc6sw-1.2/components/psoc6pdl/devices/bsp/COMPONENT_MTB/startup/system_psoc6_cm4.o
 .debug_macro   0x00000000000189e7      0x5a9 ./psoc6sw-1.2/components/psoc6pdl/devices/bsp/COMPONENT_MTB/startup/system_psoc6_cm4.o
 .debug_macro   0x0000000000018f90     0x1009 ./psoc6sw-1.2/components/psoc6pdl/devices/bsp/COMPONENT_MTB/startup/system_psoc6_cm4.o
 .debug_macro   0x0000000000019f99      0x52e ./psoc6sw-1.2/components/psoc6pdl/devices/bsp/COMPONENT_MTB/startup/system_psoc6_cm4.o
 .debug_macro   0x000000000001a4c7      0x10c ./psoc6sw-1.2/components/psoc6pdl/devices/bsp/COMPONENT_MTB/startup/system_psoc6_cm4.o
 .debug_macro   0x000000000001a5d3      0xd82 ./psoc6sw-1.2/components/psoc6pdl/devices/bsp/COMPONENT_MTB/startup/system_psoc6_cm4.o
 .debug_macro   0x000000000001b355      0x16b ./psoc6sw-1.2/components/psoc6pdl/devices/bsp/COMPONENT_MTB/startup/system_psoc6_cm4.o
 .debug_macro   0x000000000001b4c0     0x1432 ./psoc6sw-1.2/components/psoc6pdl/devices/bsp/COMPONENT_MTB/startup/system_psoc6_cm4.o
 .debug_macro   0x000000000001c8f2      0xd14 ./psoc6sw-1.2/components/psoc6pdl/devices/bsp/COMPONENT_MTB/startup/system_psoc6_cm4.o
 .debug_macro   0x000000000001d606      0xeeb ./psoc6sw-1.2/components/psoc6pdl/devices/bsp/COMPONENT_MTB/startup/system_psoc6_cm4.o
 .debug_macro   0x000000000001e4f1      0x3c3 ./psoc6sw-1.2/components/psoc6pdl/devices/bsp/COMPONENT_MTB/startup/system_psoc6_cm4.o
 .debug_macro   0x000000000001e8b4       0x5f ./psoc6sw-1.2/components/psoc6pdl/devices/bsp/COMPONENT_MTB/startup/system_psoc6_cm4.o
 .debug_macro   0x000000000001e913       0x43 ./psoc6sw-1.2/components/psoc6pdl/devices/bsp/COMPONENT_MTB/startup/system_psoc6_cm4.o
 .debug_macro   0x000000000001e956       0x22 ./psoc6sw-1.2/components/psoc6pdl/devices/bsp/COMPONENT_MTB/startup/system_psoc6_cm4.o
 .debug_macro   0x000000000001e978       0xcf ./psoc6sw-1.2/components/psoc6pdl/devices/bsp/COMPONENT_MTB/startup/system_psoc6_cm4.o
 .debug_macro   0x000000000001ea47       0x7b ./psoc6sw-1.2/components/psoc6pdl/devices/bsp/COMPONENT_MTB/startup/system_psoc6_cm4.o
 .debug_macro   0x000000000001eac2       0x65 ./psoc6sw-1.2/components/psoc6pdl/devices/bsp/COMPONENT_MTB/startup/system_psoc6_cm4.o
 .debug_macro   0x000000000001eb27      0x23c ./psoc6sw-1.2/components/psoc6cm0p/COMPONENT_CM0P_SLEEP/psoc6_01_cm0p_sleep.o
 .debug_macro   0x000000000001ed63       0x66 ./psoc6sw-1.2/components/psoc6cm0p/COMPONENT_CM0P_SLEEP/psoc6_01_cm0p_sleep.o
 .debug_macro   0x000000000001edc9       0x9d ./psoc6sw-1.2/components/psoc6cm0p/COMPONENT_CM0P_SLEEP/psoc6_01_cm0p_sleep.o
 .debug_macro   0x000000000001ee66      0x1fc ./psoc6sw-1.2/components/psoc6cm0p/COMPONENT_CM0P_SLEEP/psoc6_01_cm0p_sleep.o
 .debug_macro   0x000000000001f062      0x60e ./psoc6sw-1.2/components/psoc6cm0p/COMPONENT_CM0P_SLEEP/psoc6_01_cm0p_sleep.o
 .debug_macro   0x000000000001f670      0x56e ./psoc6sw-1.2/components/psoc6cm0p/COMPONENT_CM0P_SLEEP/psoc6_01_cm0p_sleep.o
 .debug_macro   0x000000000001fbde      0x8b2 ./Source/main.o
 .debug_macro   0x0000000000020490      0xa5a ./Source/main.o
 .debug_macro   0x0000000000020eea      0x127 ./Source/main.o
 .debug_macro   0x0000000000021011      0x72c ./Source/main.o
 .debug_macro   0x000000000002173d      0x283 ./Source/main.o
 .debug_macro   0x00000000000219c0       0x10 ./Source/main.o
 .debug_macro   0x00000000000219d0       0x71 ./Source/main.o
 .debug_macro   0x0000000000021a41      0x2ad ./Source/main.o
 .debug_macro   0x0000000000021cee       0x58 ./Source/main.o
 .debug_macro   0x0000000000021d46       0x17 ./Source/main.o
 .debug_macro   0x0000000000021d5d       0x35 ./Source/main.o
 .debug_macro   0x0000000000021d92       0x9c ./Source/main.o
 .debug_macro   0x0000000000021e2e       0x58 ./Source/main.o
 .debug_macro   0x0000000000021e86       0x1f ./Source/main.o
 .debug_macro   0x0000000000021ea5       0x43 ./Source/main.o
 .debug_macro   0x0000000000021ee8       0x20 ./Source/main.o
 .debug_macro   0x0000000000021f08      0x18e ./Source/main.o
 .debug_macro   0x0000000000022096      0x32a ./Source/main.o
 .debug_macro   0x00000000000223c0       0x10 ./Source/main.o
 .debug_macro   0x00000000000223d0       0x35 ./Source/main.o
 .debug_macro   0x0000000000022405       0x11 ./Source/main.o
 .debug_macro   0x0000000000022416      0x169 ./Source/main.o
 .debug_macro   0x000000000002257f      0x353 ./Source/main.o
 .debug_macro   0x00000000000228d2       0x43 ./Source/main.o
 .debug_macro   0x0000000000022915       0xdd ./Source/main.o
 .debug_macro   0x00000000000229f2       0x97 ./Source/main.o
 .debug_macro   0x0000000000022a89       0xac ./Source/main.o
 .debug_macro   0x0000000000022b35      0x138 ./Source/main.o
 .debug_macro   0x0000000000022c6d       0x22 ./Source/main.o
 .debug_macro   0x0000000000022c8f      0x2e3 ./Source/main.o
 .debug_macro   0x0000000000022f72      0x11c ./Source/main.o
 .debug_macro   0x000000000002308e       0x81 ./Source/main.o
 .debug_macro   0x000000000002310f       0x28 ./Source/main.o
 .debug_macro   0x0000000000023137      0x100 ./Source/main.o
 .debug_macro   0x0000000000023237       0x35 ./Source/main.o
 .debug_macro   0x000000000002326c       0xb3 ./Source/main.o
 .debug_macro   0x000000000002331f       0xf2 ./Source/main.o
 .debug_macro   0x0000000000023411       0x4a ./Source/main.o
 .debug_macro   0x000000000002345b      0x170 ./Source/main.o
 .debug_macro   0x00000000000235cb      0x25e ./Source/main.o
 .debug_macro   0x0000000000023829      0x115 ./Source/main.o
 .debug_macro   0x000000000002393e      0x281 ./Source/main.o
 .debug_macro   0x0000000000023bbf       0x89 ./Source/main.o
 .debug_macro   0x0000000000023c48      0x306 ./Source/main.o
 .debug_macro   0x0000000000023f4e      0x10e ./Source/main.o
 .debug_macro   0x000000000002405c      0x1af ./Source/main.o
 .debug_macro   0x000000000002420b       0xac ./Source/main.o
 .debug_macro   0x00000000000242b7       0x7b ./Source/main.o
 .debug_macro   0x0000000000024332      0x21f ./Source/main.o
 .debug_macro   0x0000000000024551      0x3ae ./Source/main.o
 .debug_macro   0x00000000000248ff       0x26 ./Source/main.o
 .debug_macro   0x0000000000024925      0x131 ./Source/main.o
 .debug_macro   0x0000000000024a56       0x7b ./Source/main.o
 .debug_macro   0x0000000000024ad1       0xf6 ./Source/main.o
 .debug_macro   0x0000000000024bc7       0x34 ./Source/main.o
 .debug_macro   0x0000000000024bfb       0x89 ./Source/main.o
 .debug_macro   0x0000000000024c84      0x112 ./Source/main.o
 .debug_macro   0x0000000000024d96      0x177 ./Source/main.o
 .debug_macro   0x0000000000024f0d       0x94 ./Source/main.o
 .debug_macro   0x0000000000024fa1       0x22 ./Source/main.o
 .debug_macro   0x0000000000024fc3       0xb8 ./Source/main.o
 .debug_macro   0x000000000002507b      0x39c ./GeneratedSource/cycfg.o
 .debug_macro   0x0000000000025417      0x3ca ./GeneratedSource/cycfg.o
 .debug_macro   0x00000000000257e1       0x90 ./GeneratedSource/cycfg.o
 .debug_macro   0x0000000000025871      0x360 ./GeneratedSource/cycfg_pins.o
 .debug_macro   0x0000000000025bd1       0x2a ./GeneratedSource/cycfg_routing.o
 .debug_macro   0x0000000000025bfb       0x1c ./GeneratedSource/cycfg_routing.o
 .debug_macro   0x0000000000025c17      0x41f ./GeneratedSource/cycfg_system.o
 .debug_macro   0x0000000000026036      0x198 /Users/hdm/cypress/vscode/cortex-debug-samples/blink2/psoc6pdl_Cortex-M4/Debug/libpsoc6pdl_Cortex-M4.a(cy_device.o)
 .debug_macro   0x00000000000261ce      0xa4e /Users/hdm/cypress/vscode/cortex-debug-samples/blink2/psoc6pdl_Cortex-M4/Debug/libpsoc6pdl_Cortex-M4.a(cy_device.o)
 .debug_macro   0x0000000000026c1c      0x573 /Users/hdm/cypress/vscode/cortex-debug-samples/blink2/psoc6pdl_Cortex-M4/Debug/libpsoc6pdl_Cortex-M4.a(cy_flash.o)
 .debug_macro   0x000000000002718f       0x34 /Users/hdm/cypress/vscode/cortex-debug-samples/blink2/psoc6pdl_Cortex-M4/Debug/libpsoc6pdl_Cortex-M4.a(cy_flash.o)
 .debug_macro   0x00000000000271c3       0xc8 /Users/hdm/cypress/vscode/cortex-debug-samples/blink2/psoc6pdl_Cortex-M4/Debug/libpsoc6pdl_Cortex-M4.a(cy_flash.o)
 .debug_macro   0x000000000002728b       0xd6 /Users/hdm/cypress/vscode/cortex-debug-samples/blink2/psoc6pdl_Cortex-M4/Debug/libpsoc6pdl_Cortex-M4.a(cy_flash.o)
 .debug_macro   0x0000000000027361      0x106 /Users/hdm/cypress/vscode/cortex-debug-samples/blink2/psoc6pdl_Cortex-M4/Debug/libpsoc6pdl_Cortex-M4.a(cy_flash.o)
 .debug_macro   0x0000000000027467       0xf9 /Users/hdm/cypress/vscode/cortex-debug-samples/blink2/psoc6pdl_Cortex-M4/Debug/libpsoc6pdl_Cortex-M4.a(cy_flash.o)
 .debug_macro   0x0000000000027560       0x5f /Users/hdm/cypress/vscode/cortex-debug-samples/blink2/psoc6pdl_Cortex-M4/Debug/libpsoc6pdl_Cortex-M4.a(cy_flash.o)
 .debug_macro   0x00000000000275bf      0x370 /Users/hdm/cypress/vscode/cortex-debug-samples/blink2/psoc6pdl_Cortex-M4/Debug/libpsoc6pdl_Cortex-M4.a(cy_gpio.o)