Archive member included to satisfy reference by file (symbol)

/Users/hdm/cypress/vscode/cortex-debug-samples/blinky/psoc6pdl_Cortex-M4/Debug/libpsoc6pdl_Cortex-M4.a(cy_syslib_gcc.o)
                              ./psoc6sw-1.2/components/psoc6pdl/devices/psoc6/startup/system_psoc6_cm4.o (Cy_SysLib_EnterCriticalSection)
/Users/hdm/cypress/vscode/cortex-debug-samples/blinky/psoc6pdl_Cortex-M4/Debug/libpsoc6pdl_Cortex-M4.a(cy_device.o)
                              ./psoc6sw-1.2/components/psoc6pdl/devices/psoc6/startup/system_psoc6_cm4.o (Cy_PDL_Init)
/Users/hdm/cypress/vscode/cortex-debug-samples/blinky/psoc6pdl_Cortex-M4/Debug/libpsoc6pdl_Cortex-M4.a(cy_flash.o)
                              ./psoc6sw-1.2/components/psoc6pdl/devices/psoc6/startup/system_psoc6_cm4.o (Cy_Flash_Init)
/Users/hdm/cypress/vscode/cortex-debug-samples/blinky/psoc6pdl_Cortex-M4/Debug/libpsoc6pdl_Cortex-M4.a(cy_gpio.o)
                              ./GeneratedSource/cycfg_pins.o (Cy_GPIO_Pin_Init)
/Users/hdm/cypress/vscode/cortex-debug-samples/blinky/psoc6pdl_Cortex-M4/Debug/libpsoc6pdl_Cortex-M4.a(cy_ipc_drv.o)
                              /Users/hdm/cypress/vscode/cortex-debug-samples/blinky/psoc6pdl_Cortex-M4/Debug/libpsoc6pdl_Cortex-M4.a(cy_flash.o) (Cy_IPC_Drv_SendMsgWord)
/Users/hdm/cypress/vscode/cortex-debug-samples/blinky/psoc6pdl_Cortex-M4/Debug/libpsoc6pdl_Cortex-M4.a(cy_ipc_pipe.o)
                              ./psoc6sw-1.2/components/psoc6pdl/devices/psoc6/startup/system_psoc6_cm4.o (Cy_IPC_Pipe_Config)
/Users/hdm/cypress/vscode/cortex-debug-samples/blinky/psoc6pdl_Cortex-M4/Debug/libpsoc6pdl_Cortex-M4.a(cy_ipc_sema.o)
                              ./psoc6sw-1.2/components/psoc6pdl/devices/psoc6/startup/system_psoc6_cm4.o (Cy_IPC_Sema_Init)
/Users/hdm/cypress/vscode/cortex-debug-samples/blinky/psoc6pdl_Cortex-M4/Debug/libpsoc6pdl_Cortex-M4.a(cy_sysclk.o)
                              ./GeneratedSource/cycfg_platform.o (Cy_SysClk_ClkPathSetSource)
/Users/hdm/cypress/vscode/cortex-debug-samples/blinky/psoc6pdl_Cortex-M4/Debug/libpsoc6pdl_Cortex-M4.a(cy_sysint.o)
                              /Users/hdm/cypress/vscode/cortex-debug-samples/blinky/psoc6pdl_Cortex-M4/Debug/libpsoc6pdl_Cortex-M4.a(cy_flash.o) (Cy_SysInt_Init)
/Users/hdm/cypress/vscode/cortex-debug-samples/blinky/psoc6pdl_Cortex-M4/Debug/libpsoc6pdl_Cortex-M4.a(cy_syslib.o)
                              ./Source/main.o (Cy_SysLib_Delay)
/Users/hdm/cypress/vscode/cortex-debug-samples/blinky/psoc6pdl_Cortex-M4/Debug/libpsoc6pdl_Cortex-M4.a(cy_syspm.o)
                              ./GeneratedSource/cycfg_platform.o (Cy_SysPm_LdoSetVoltage)
/Users/hdm/cypress/vscode/cortex-debug-samples/blinky/psoc6pdl_Cortex-M4/Debug/libpsoc6pdl_Cortex-M4.a(cy_prot.o)
                              /Users/hdm/cypress/vscode/cortex-debug-samples/blinky/psoc6pdl_Cortex-M4/Debug/libpsoc6pdl_Cortex-M4.a(cy_syspm.o) (Cy_Prot_GetActivePC)
/Applications/ModusToolbox_2.0/tools/gcc-7.2.1-1.0/bin/../lib/gcc/arm-none-eabi/7.2.1/thumb/v7e-m/fpv4-sp/softfp/libgcc.a(_arm_addsubdf3.o)
                              ./Source/blah.o (__aeabi_dadd)
/Applications/ModusToolbox_2.0/tools/gcc-7.2.1-1.0/bin/../lib/gcc/arm-none-eabi/7.2.1/thumb/v7e-m/fpv4-sp/softfp/libgcc.a(_aeabi_uldivmod.o)
                              /Users/hdm/cypress/vscode/cortex-debug-samples/blinky/psoc6pdl_Cortex-M4/Debug/libpsoc6pdl_Cortex-M4.a(cy_sysclk.o) (__aeabi_uldivmod)
/Applications/ModusToolbox_2.0/tools/gcc-7.2.1-1.0/bin/../lib/gcc/arm-none-eabi/7.2.1/thumb/v7e-m/fpv4-sp/softfp/libgcc.a(_udivmoddi4.o)
                              /Applications/ModusToolbox_2.0/tools/gcc-7.2.1-1.0/bin/../lib/gcc/arm-none-eabi/7.2.1/thumb/v7e-m/fpv4-sp/softfp/libgcc.a(_aeabi_uldivmod.o) (__udivmoddi4)
/Applications/ModusToolbox_2.0/tools/gcc-7.2.1-1.0/bin/../lib/gcc/arm-none-eabi/7.2.1/thumb/v7e-m/fpv4-sp/softfp/libgcc.a(_dvmd_tls.o)
                              /Applications/ModusToolbox_2.0/tools/gcc-7.2.1-1.0/bin/../lib/gcc/arm-none-eabi/7.2.1/thumb/v7e-m/fpv4-sp/softfp/libgcc.a(_aeabi_uldivmod.o) (__aeabi_ldiv0)
/Applications/ModusToolbox_2.0/tools/gcc-7.2.1-1.0/bin/../lib/gcc/arm-none-eabi/7.2.1/../../../../arm-none-eabi/lib/thumb/v7e-m/fpv4-sp/softfp/libg_nano.a(lib_a-exit.o)
                              /Applications/ModusToolbox_2.0/tools/gcc-7.2.1-1.0/bin/../lib/gcc/arm-none-eabi/7.2.1/../../../../arm-none-eabi/lib/thumb/v7e-m/fpv4-sp/softfp/crt0.o (exit)
/Applications/ModusToolbox_2.0/tools/gcc-7.2.1-1.0/bin/../lib/gcc/arm-none-eabi/7.2.1/../../../../arm-none-eabi/lib/thumb/v7e-m/fpv4-sp/softfp/libg_nano.a(lib_a-impure.o)
                              /Applications/ModusToolbox_2.0/tools/gcc-7.2.1-1.0/bin/../lib/gcc/arm-none-eabi/7.2.1/../../../../arm-none-eabi/lib/thumb/v7e-m/fpv4-sp/softfp/libg_nano.a(lib_a-exit.o) (_global_impure_ptr)
/Applications/ModusToolbox_2.0/tools/gcc-7.2.1-1.0/bin/../lib/gcc/arm-none-eabi/7.2.1/../../../../arm-none-eabi/lib/thumb/v7e-m/fpv4-sp/softfp/libg_nano.a(lib_a-init.o)
[...]
Memory Configuration

Name             Origin             Length             Attributes
ram              0x0000000008002000 0x0000000000045800 xrw
flash            0x0000000010002000 0x00000000000fe000 xr
em_eeprom        0x0000000014000000 0x0000000000008000 xr
sflash_user_data 0x0000000016000800 0x0000000000000800 xr
sflash_nar       0x0000000016001a00 0x0000000000000200 xr
sflash_public_key 0x0000000016005a00 0x0000000000000c00 xr
sflash_toc_2     0x0000000016007c00 0x0000000000000200 xr
sflash_rtoc_2    0x0000000016007e00 0x0000000000000200 xr
xip              0x0000000018000000 0x0000000008000000 xr
efuse            0x0000000090700000 0x0000000000100000 r
*default*        0x0000000000000000 0xffffffffffffffff

Linker script and memory map

LOAD /Applications/ModusToolbox_2.0/tools/gcc-7.2.1-1.0/bin/../lib/gcc/arm-none-eabi/7.2.1/thumb/v7e-m/fpv4-sp/softfp/crti.o
LOAD /Applications/ModusToolbox_2.0/tools/gcc-7.2.1-1.0/bin/../lib/gcc/arm-none-eabi/7.2.1/thumb/v7e-m/fpv4-sp/softfp/crtbegin.o
LOAD /Applications/ModusToolbox_2.0/tools/gcc-7.2.1-1.0/bin/../lib/gcc/arm-none-eabi/7.2.1/../../../../arm-none-eabi/lib/thumb/v7e-m/fpv4-sp/softfp/crt0.o
START GROUP
LOAD ./psoc6sw-1.2/components/psoc6pdl/devices/psoc6/startup/gcc/startup_psoc6_01_cm4.o
LOAD ./psoc6sw-1.2/components/psoc6pdl/devices/psoc6/startup/system_psoc6_cm4.o
LOAD ./Source/blah.o
LOAD ./Source/main.o
LOAD ./GeneratedSource/cycfg.o
LOAD ./GeneratedSource/cycfg_pins.o
LOAD ./GeneratedSource/cycfg_platform.o
LOAD ./GeneratedSource/cycfg_routing.o
LOAD /Users/hdm/cypress/vscode/cortex-debug-samples/blinky/psoc6pdl_Cortex-M4/Debug/libpsoc6pdl_Cortex-M4.a
END GROUP
START GROUP
LOAD /Applications/ModusToolbox_2.0/tools/gcc-7.2.1-1.0/bin/../lib/gcc/arm-none-eabi/7.2.1/thumb/v7e-m/fpv4-sp/softfp/libgcc.a
LOAD /Applications/ModusToolbox_2.0/tools/gcc-7.2.1-1.0/bin/../lib/gcc/arm-none-eabi/7.2.1/../../../../arm-none-eabi/lib/thumb/v7e-m/fpv4-sp/softfp/libg_nano.a
LOAD /Applications/ModusToolbox_2.0/tools/gcc-7.2.1-1.0/bin/../lib/gcc/arm-none-eabi/7.2.1/../../../../arm-none-eabi/lib/thumb/v7e-m/fpv4-sp/softfp/libc_nano.a
END GROUP
START GROUP
LOAD /Applications/ModusToolbox_2.0/tools/gcc-7.2.1-1.0/bin/../lib/gcc/arm-none-eabi/7.2.1/thumb/v7e-m/fpv4-sp/softfp/libgcc.a
LOAD /Applications/ModusToolbox_2.0/tools/gcc-7.2.1-1.0/bin/../lib/gcc/arm-none-eabi/7.2.1/../../../../arm-none-eabi/lib/thumb/v7e-m/fpv4-sp/softfp/libc_nano.a
END GROUP
LOAD /Applications/ModusToolbox_2.0/tools/gcc-7.2.1-1.0/bin/../lib/gcc/arm-none-eabi/7.2.1/thumb/v7e-m/fpv4-sp/softfp/crtend.o
LOAD /Applications/ModusToolbox_2.0/tools/gcc-7.2.1-1.0/bin/../lib/gcc/arm-none-eabi/7.2.1/thumb/v7e-m/fpv4-sp/softfp/crtn.o
START GROUP
LOAD /Applications/ModusToolbox_2.0/tools/gcc-7.2.1-1.0/bin/../lib/gcc/arm-none-eabi/7.2.1/thumb/v7e-m/fpv4-sp/softfp/libgcc.a
LOAD /Applications/ModusToolbox_2.0/tools/gcc-7.2.1-1.0/bin/../lib/gcc/arm-none-eabi/7.2.1/../../../../arm-none-eabi/lib/thumb/v7e-m/fpv4-sp/softfp/libc.a
LOAD /Applications/ModusToolbox_2.0/tools/gcc-7.2.1-1.0/bin/../lib/gcc/arm-none-eabi/7.2.1/../../../../arm-none-eabi/lib/thumb/v7e-m/fpv4-sp/softfp/libnosys.a
END GROUP
                0x0000000000001000                STACK_SIZE = 0x1000
START GROUP
LOAD /Applications/ModusToolbox_2.0/tools/gcc-7.2.1-1.0/bin/../lib/gcc/arm-none-eabi/7.2.1/thumb/v7e-m/fpv4-sp/softfp/libgcc.a
LOAD /Applications/ModusToolbox_2.0/tools/gcc-7.2.1-1.0/bin/../lib/gcc/arm-none-eabi/7.2.1/../../../../arm-none-eabi/lib/thumb/v7e-m/fpv4-sp/softfp/libc.a
LOAD /Applications/ModusToolbox_2.0/tools/gcc-7.2.1-1.0/bin/../lib/gcc/arm-none-eabi/7.2.1/../../../../arm-none-eabi/lib/thumb/v7e-m/fpv4-sp/softfp/libm.a
LOAD /Applications/ModusToolbox_2.0/tools/gcc-7.2.1-1.0/bin/../lib/gcc/arm-none-eabi/7.2.1/../../../../arm-none-eabi/lib/thumb/v7e-m/fpv4-sp/softfp/libnosys.a
END GROUP

.text           0x0000000010002000     0x27d0
                0x0000000010002000                . = ALIGN (0x4)
                0x0000000010002000                __Vectors = .
 *(.vectors)
 .vectors       0x0000000010002000      0x28c ./psoc6sw-1.2/components/psoc6pdl/devices/psoc6/startup/gcc/startup_psoc6_01_cm4.o
                0x000000001000228c                . = ALIGN (0x4)
                0x000000001000228c                __Vectors_End = .
                0x000000000000028c                __Vectors_Size = (__Vectors_End - __Vectors)
                0x000000001000228c                __end__ = .
                0x000000001000228c                . = ALIGN (0x4)
 *(.text*)
 .text          0x000000001000228c       0x40 /Applications/ModusToolbox_2.0/tools/gcc-7.2.1-1.0/bin/../lib/gcc/arm-none-eabi/7.2.1/thumb/v7e-m/fpv4-sp/softfp/crtbegin.o
 .text          0x00000000100022cc       0x84 ./psoc6sw-1.2/components/psoc6pdl/devices/psoc6/startup/gcc/startup_psoc6_01_cm4.o
                0x00000000100022cc                Cy_OnResetUser
                0x00000000100022ce                Reset_Handler
                0x0000000010002330                cpuss_interrupts_ipc_6_IRQHandler
                0x0000000010002330                DebugMon_Handler
                0x0000000010002330                tcpwm_1_interrupts_11_IRQHandler
                0x0000000010002330                cpuss_interrupts_ipc_0_IRQHandler
                0x0000000010002330                tcpwm_1_interrupts_15_IRQHandler
                0x0000000010002330                tcpwm_1_interrupts_13_IRQHandler
                0x0000000010002330                cpuss_interrupts_dw1_8_IRQHandler
                0x0000000010002330                tcpwm_0_interrupts_0_IRQHandler
                0x0000000010002330                SysTick_Handler
                0x0000000010002330                cpuss_interrupt_fm_IRQHandler
                0x0000000010002330                cpuss_interrupts_ipc_7_IRQHandler
                0x0000000010002330                tcpwm_1_interrupts_14_IRQHandler
                0x0000000010002330                cpuss_interrupts_dw0_11_IRQHandler
                0x0000000010002330                tcpwm_1_interrupts_9_IRQHandler
                0x0000000010002330                cpuss_interrupts_cm0_cti_1_IRQHandler
                0x0000000010002330                tcpwm_1_interrupts_22_IRQHandler
                0x0000000010002330                cpuss_interrupts_dw0_4_IRQHandler
                0x0000000010002330                PendSV_Handler
                0x0000000010002330                NMI_Handler
                0x0000000010002330                cpuss_interrupts_dw1_12_IRQHandler
                0x0000000010002330                tcpwm_1_interrupts_12_IRQHandler
                0x0000000010002330                smif_interrupt_IRQHandler
                0x0000000010002330                tcpwm_1_interrupts_2_IRQHandler
                0x0000000010002330                cpuss_interrupts_ipc_13_IRQHandler
                0x0000000010002330                udb_interrupts_11_IRQHandler
                0x0000000010002330                tcpwm_1_interrupts_18_IRQHandler
                0x0000000010002330                tcpwm_0_interrupts_2_IRQHandler
                0x0000000010002330                cpuss_interrupts_dw0_13_IRQHandler
                0x0000000010002330                udb_interrupts_2_IRQHandler
                0x0000000010002330                cpuss_interrupts_dw1_7_IRQHandler
                0x0000000010002330                ioss_interrupts_gpio_1_IRQHandler
                0x0000000010002330                ioss_interrupts_gpio_7_IRQHandler
                0x0000000010002330                scb_5_interrupt_IRQHandler
                0x0000000010002330                udb_interrupts_6_IRQHandler
                0x0000000010002330                cpuss_interrupts_fault_1_IRQHandler
                0x0000000010002330                cpuss_interrupts_ipc_4_IRQHandler
                0x0000000010002330                cpuss_interrupts_ipc_5_IRQHandler
                0x0000000010002330                cpuss_interrupts_dw1_10_IRQHandler
                0x0000000010002330                udb_interrupts_0_IRQHandler
                0x0000000010002330                tcpwm_1_interrupts_6_IRQHandler
                0x0000000010002330                scb_4_interrupt_IRQHandler
                0x0000000010002330                pass_interrupt_dacs_IRQHandler
                0x0000000010002330                ioss_interrupts_gpio_2_IRQHandler
                0x0000000010002330                cpuss_interrupts_dw1_9_IRQHandler
                0x0000000010002330                cpuss_interrupts_dw1_13_IRQHandler
                0x0000000010002330                scb_2_interrupt_IRQHandler
                0x0000000010002330                cpuss_interrupts_dw0_3_IRQHandler
                0x0000000010002330                cpuss_interrupts_dw0_5_IRQHandler
                0x0000000010002330                cpuss_interrupts_dw1_2_IRQHandler
                0x0000000010002330                cpuss_interrupts_cm0_cti_0_IRQHandler
                0x0000000010002330                ioss_interrupts_gpio_13_IRQHandler
                0x0000000010002330                lpcomp_interrupt_IRQHandler
                0x0000000010002330                udb_interrupts_5_IRQHandler
                0x0000000010002330                srss_interrupt_IRQHandler
                0x0000000010002330                udb_interrupts_12_IRQHandler
                0x0000000010002330                scb_0_interrupt_IRQHandler
                0x0000000010002330                csd_interrupt_IRQHandler
                0x0000000010002330                udb_interrupts_1_IRQHandler
                0x0000000010002330                profile_interrupt_IRQHandler
                0x0000000010002330                tcpwm_1_interrupts_1_IRQHandler
                0x0000000010002330                cpuss_interrupts_ipc_12_IRQHandler
                0x0000000010002330                tcpwm_1_interrupts_3_IRQHandler
                0x0000000010002330                tcpwm_0_interrupts_7_IRQHandler
                0x0000000010002330                cpuss_interrupts_dw1_1_IRQHandler
                0x0000000010002330                cpuss_interrupts_dw1_0_IRQHandler
                0x0000000010002330                cpuss_interrupts_dw0_9_IRQHandler
                0x0000000010002330                tcpwm_1_interrupts_23_IRQHandler
                0x0000000010002330                udb_interrupts_4_IRQHandler
                0x0000000010002330                tcpwm_1_interrupts_20_IRQHandler
                0x0000000010002330                ioss_interrupt_gpio_IRQHandler
                0x0000000010002330                tcpwm_0_interrupts_1_IRQHandler
                0x0000000010002330                ioss_interrupts_gpio_8_IRQHandler
                0x0000000010002330                tcpwm_0_interrupts_6_IRQHandler
                0x0000000010002330                scb_7_interrupt_IRQHandler
                0x0000000010002330                tcpwm_1_interrupts_7_IRQHandler
                0x0000000010002330                cpuss_interrupts_ipc_11_IRQHandler
                0x0000000010002330                udb_interrupts_13_IRQHandler
                0x0000000010002330                cpuss_interrupts_dw0_15_IRQHandler
                0x0000000010002330                udb_interrupts_7_IRQHandler
                0x0000000010002330                cpuss_interrupts_dw1_6_IRQHandler
                0x0000000010002330                cpuss_interrupt_crypto_IRQHandler
                0x0000000010002330                scb_1_interrupt_IRQHandler
                0x0000000010002330                Default_Handler
                0x0000000010002330                usb_interrupt_hi_IRQHandler
                0x0000000010002330                tcpwm_1_interrupts_0_IRQHandler
                0x0000000010002330                udb_interrupts_9_IRQHandler
                0x0000000010002330                audioss_interrupt_pdm_IRQHandler
                0x0000000010002330                srss_interrupt_mcwdt_0_IRQHandler
                0x0000000010002330                scb_3_interrupt_IRQHandler
                0x0000000010002330                pass_interrupt_ctbs_IRQHandler
                0x0000000010002330                udb_interrupts_8_IRQHandler
                0x0000000010002330                ioss_interrupts_gpio_3_IRQHandler
                0x0000000010002330                scb_6_interrupt_IRQHandler
                0x0000000010002330                cpuss_interrupts_cm4_cti_0_IRQHandler
                0x0000000010002330                cpuss_interrupts_dw1_3_IRQHandler
                0x0000000010002330                pass_interrupt_sar_IRQHandler
                0x0000000010002330                ioss_interrupts_gpio_0_IRQHandler
                0x0000000010002330                ioss_interrupts_gpio_14_IRQHandler
                0x0000000010002330                tcpwm_0_interrupts_4_IRQHandler
                0x0000000010002330                udb_interrupts_3_IRQHandler
                0x0000000010002330                tcpwm_0_interrupts_5_IRQHandler
                0x0000000010002330                cpuss_interrupts_ipc_15_IRQHandler
                0x0000000010002330                cpuss_interrupts_cm4_cti_1_IRQHandler
                0x0000000010002330                scb_8_interrupt_IRQHandler
                0x0000000010002330                srss_interrupt_mcwdt_1_IRQHandler
                0x0000000010002330                SVC_Handler
                0x0000000010002330                cpuss_interrupts_dw1_5_IRQHandler
                0x0000000010002330                cpuss_interrupts_ipc_1_IRQHandler
                0x0000000010002330                cpuss_interrupts_dw0_0_IRQHandler
                0x0000000010002330                ioss_interrupts_gpio_12_IRQHandler
                0x0000000010002330                cpuss_interrupts_ipc_3_IRQHandler
                0x0000000010002330                tcpwm_1_interrupts_17_IRQHandler
                0x0000000010002330                srss_interrupt_backup_IRQHandler
                0x0000000010002330                bless_interrupt_IRQHandler
                0x0000000010002330                cpuss_interrupts_ipc_10_IRQHandler
                0x0000000010002330                cpuss_interrupts_ipc_9_IRQHandler
                0x0000000010002330                cpuss_interrupts_dw0_14_IRQHandler
                0x0000000010002330                tcpwm_1_interrupts_4_IRQHandler
                0x0000000010002330                tcpwm_0_interrupts_3_IRQHandler
                0x0000000010002330                cpuss_interrupts_dw1_15_IRQHandler
                0x0000000010002330                ioss_interrupts_gpio_10_IRQHandler
                0x0000000010002330                udb_interrupts_10_IRQHandler
                0x0000000010002330                cpuss_interrupts_dw0_8_IRQHandler
                0x0000000010002330                ioss_interrupts_gpio_11_IRQHandler
                0x0000000010002330                cpuss_interrupts_ipc_14_IRQHandler
                0x0000000010002330                ioss_interrupts_gpio_5_IRQHandler
                0x0000000010002330                ioss_interrupts_gpio_4_IRQHandler
                0x0000000010002330                tcpwm_1_interrupts_8_IRQHandler
                0x0000000010002330                cpuss_interrupts_dw1_14_IRQHandler
                0x0000000010002330                usb_interrupt_med_IRQHandler
                0x0000000010002330                cpuss_interrupts_dw0_2_IRQHandler
                0x0000000010002330                tcpwm_1_interrupts_10_IRQHandler
                0x0000000010002330                cpuss_interrupts_fault_0_IRQHandler
                0x0000000010002330                cpuss_interrupts_dw0_12_IRQHandler
                0x0000000010002330                ioss_interrupts_gpio_6_IRQHandler
                0x0000000010002330                tcpwm_1_interrupts_21_IRQHandler
                0x0000000010002330                tcpwm_1_interrupts_16_IRQHandler
                0x0000000010002330                cpuss_interrupts_dw1_4_IRQHandler
                0x0000000010002330                udb_interrupts_15_IRQHandler
                0x0000000010002330                cpuss_interrupts_dw1_11_IRQHandler
                0x0000000010002330                cpuss_interrupts_dw0_6_IRQHandler
                0x0000000010002330                ioss_interrupt_vdd_IRQHandler
                0x0000000010002330                audioss_interrupt_i2s_IRQHandler
                0x0000000010002330                tcpwm_1_interrupts_5_IRQHandler
                0x0000000010002330                cpuss_interrupts_ipc_2_IRQHandler
                0x0000000010002330                cpuss_interrupts_dw0_10_IRQHandler
                0x0000000010002330                tcpwm_1_interrupts_19_IRQHandler
                0x0000000010002330                cpuss_interrupts_dw0_1_IRQHandler
                0x0000000010002330                ioss_interrupts_gpio_9_IRQHandler
                0x0000000010002330                usb_interrupt_lo_IRQHandler
                0x0000000010002330                cpuss_interrupts_ipc_8_IRQHandler
                0x0000000010002330                udb_interrupts_14_IRQHandler
                0x0000000010002330                cpuss_interrupts_dw0_7_IRQHandler
                0x0000000010002334                UsageFault_Handler
                0x0000000010002334                BusFault_Handler
                0x0000000010002334                MemManage_Handler
                0x0000000010002334                HardFault_Handler
 .text.Cy_SysIpcPipeIsrCm4
                0x0000000010002350        0xa ./psoc6sw-1.2/components/psoc6pdl/devices/psoc6/startup/system_psoc6_cm4.o
                0x0000000010002350                Cy_SysIpcPipeIsrCm4
 .text.Cy_SystemInit
                0x000000001000235a        0x2 ./psoc6sw-1.2/components/psoc6pdl/devices/psoc6/startup/system_psoc6_cm4.o
                0x000000001000235a                Cy_SystemInit
 .text.SystemCoreClockUpdate
                0x000000001000235c      0x1bc ./psoc6sw-1.2/components/psoc6pdl/devices/psoc6/startup/system_psoc6_cm4.o
                0x000000001000235c                SystemCoreClockUpdate
 .text.SystemInit
                0x0000000010002518       0x48 ./psoc6sw-1.2/components/psoc6pdl/devices/psoc6/startup/system_psoc6_cm4.o
                0x0000000010002518                SystemInit
 .text.Cy_SystemInitFpuEnable
                0x0000000010002560       0x28 ./psoc6sw-1.2/components/psoc6pdl/devices/psoc6/startup/system_psoc6_cm4.o
                0x0000000010002560                Cy_SystemInitFpuEnable
 .text.myFunc   0x0000000010002588       0x1c ./Source/blah.o
                0x0000000010002588                myFunc
 .text.main     0x00000000100025a4       0x44 ./Source/main.o
                0x00000000100025a4                main
 .text.init_cycfg_all
                0x00000000100025e8       0x10 ./GeneratedSource/cycfg.o
                0x00000000100025e8                init_cycfg_all
 .text.init_cycfg_pins
                0x00000000100025f8       0x48 ./GeneratedSource/cycfg_pins.o
                0x00000000100025f8                init_cycfg_pins
 .text.cycfg_ClockStartupError
                0x0000000010002640        0x2 ./GeneratedSource/cycfg_platform.o
                0x0000000010002640                cycfg_ClockStartupError
 *fill*         0x0000000010002642        0x2 
 .text.init_cycfg_platform
                0x0000000010002644      0x2c0 ./GeneratedSource/cycfg_platform.o
                0x0000000010002644                init_cycfg_platform
 .text.init_cycfg_routing
                0x0000000010002904        0x2 ./GeneratedSource/cycfg_routing.o
                0x0000000010002904                init_cycfg_routing
 *fill*         0x0000000010002906        0x2 
 .text          0x0000000010002908       0x20 /Users/hdm/cypress/vscode/cortex-debug-samples/blinky/psoc6pdl_Cortex-M4/Debug/libpsoc6pdl_Cortex-M4.a(cy_syslib_gcc.o)
                0x0000000010002908                Cy_SysLib_DelayCycles
                0x000000001000291a                Cy_SysLib_EnterCriticalSection
                0x0000000010002922                Cy_SysLib_ExitCriticalSection
 .text.Cy_PDL_Init
                0x0000000010002928        0xc /Users/hdm/cypress/vscode/cortex-debug-samples/blinky/psoc6pdl_Cortex-M4/Debug/libpsoc6pdl_Cortex-M4.a(cy_device.o)
                0x0000000010002928                Cy_PDL_Init
 .text.Cy_Flash_ProcessOpcode
                0x0000000010002934       0xa4 /Users/hdm/cypress/vscode/cortex-debug-samples/blinky/psoc6pdl_Cortex-M4/Debug/libpsoc6pdl_Cortex-M4.a(cy_flash.o)
 .text.Cy_Flash_OperationStatus
                0x00000000100029d8       0x60 /Users/hdm/cypress/vscode/cortex-debug-samples/blinky/psoc6pdl_Cortex-M4/Debug/libpsoc6pdl_Cortex-M4.a(cy_flash.o)
 .text.Cy_Flash_InitExt
                0x0000000010002a38       0x80 /Users/hdm/cypress/vscode/cortex-debug-samples/blinky/psoc6pdl_Cortex-M4/Debug/libpsoc6pdl_Cortex-M4.a(cy_flash.o)
                0x0000000010002a38                Cy_Flash_InitExt
 .text.Cy_Flash_Init
                0x0000000010002ab8       0x10 /Users/hdm/cypress/vscode/cortex-debug-samples/blinky/psoc6pdl_Cortex-M4/Debug/libpsoc6pdl_Cortex-M4.a(cy_flash.o)
                0x0000000010002ab8                Cy_Flash_Init
 .text.Cy_GPIO_Pin_Init
                0x0000000010002ac8      0x360 /Users/hdm/cypress/vscode/cortex-debug-samples/blinky/psoc6pdl_Cortex-M4/Debug/libpsoc6pdl_Cortex-M4.a(cy_gpio.o)
                0x0000000010002ac8                Cy_GPIO_Pin_Init
 .text.Cy_IPC_Drv_LockRelease
                0x0000000010002e28       0x40 /Users/hdm/cypress/vscode/cortex-debug-samples/blinky/psoc6pdl_Cortex-M4/Debug/libpsoc6pdl_Cortex-M4.a(cy_ipc_drv.o)
                0x0000000010002e28                Cy_IPC_Drv_LockRelease
 .text.Cy_IPC_Drv_SendMsgWord
                0x0000000010002e68       0x34 /Users/hdm/cypress/vscode/cortex-debug-samples/blinky/psoc6pdl_Cortex-M4/Debug/libpsoc6pdl_Cortex-M4.a(cy_ipc_drv.o)
                0x0000000010002e68                Cy_IPC_Drv_SendMsgWord
 .text.Cy_IPC_Drv_ReadMsgWord
                0x0000000010002e9c       0x38 /Users/hdm/cypress/vscode/cortex-debug-samples/blinky/psoc6pdl_Cortex-M4/Debug/libpsoc6pdl_Cortex-M4.a(cy_ipc_drv.o)
                0x0000000010002e9c                Cy_IPC_Drv_ReadMsgWord
 .text.Cy_IPC_Pipe_Config
                0x0000000010002ed4       0x14 /Users/hdm/cypress/vscode/cortex-debug-samples/blinky/psoc6pdl_Cortex-M4/Debug/libpsoc6pdl_Cortex-M4.a(cy_ipc_pipe.o)
                0x0000000010002ed4                Cy_IPC_Pipe_Config
 .text.Cy_IPC_Pipe_EndpointInit
                0x0000000010002ee8       0xdc /Users/hdm/cypress/vscode/cortex-debug-samples/blinky/psoc6pdl_Cortex-M4/Debug/libpsoc6pdl_Cortex-M4.a(cy_ipc_pipe.o)
                0x0000000010002ee8                Cy_IPC_Pipe_EndpointInit
 .text.Cy_IPC_Pipe_Init
                0x0000000010002fc4       0xc0 /Users/hdm/cypress/vscode/cortex-debug-samples/blinky/psoc6pdl_Cortex-M4/Debug/libpsoc6pdl_Cortex-M4.a(cy_ipc_pipe.o)
                0x0000000010002fc4                Cy_IPC_Pipe_Init
 .text.Cy_IPC_Pipe_SendMessage
                0x0000000010003084       0xa4 /Users/hdm/cypress/vscode/cortex-debug-samples/blinky/psoc6pdl_Cortex-M4/Debug/libpsoc6pdl_Cortex-M4.a(cy_ipc_pipe.o)
                0x0000000010003084                Cy_IPC_Pipe_SendMessage
 .text.Cy_IPC_Pipe_RegisterCallback
                0x0000000010003128       0x54 /Users/hdm/cypress/vscode/cortex-debug-samples/blinky/psoc6pdl_Cortex-M4/Debug/libpsoc6pdl_Cortex-M4.a(cy_ipc_pipe.o)
                0x0000000010003128                Cy_IPC_Pipe_RegisterCallback
 .text.Cy_IPC_Pipe_ExecCallback
                0x000000001000317c       0xcc /Users/hdm/cypress/vscode/cortex-debug-samples/blinky/psoc6pdl_Cortex-M4/Debug/libpsoc6pdl_Cortex-M4.a(cy_ipc_pipe.o)
                0x000000001000317c                Cy_IPC_Pipe_ExecCallback
 .text.Cy_IPC_Pipe_ExecuteCallback
                0x0000000010003248       0x30 /Users/hdm/cypress/vscode/cortex-debug-samples/blinky/psoc6pdl_Cortex-M4/Debug/libpsoc6pdl_Cortex-M4.a(cy_ipc_pipe.o)
                0x0000000010003248                Cy_IPC_Pipe_ExecuteCallback
 .text.Cy_IPC_Sema_InitExt
                0x0000000010003278       0xac /Users/hdm/cypress/vscode/cortex-debug-samples/blinky/psoc6pdl_Cortex-M4/Debug/libpsoc6pdl_Cortex-M4.a(cy_ipc_sema.o)
                0x0000000010003278                Cy_IPC_Sema_InitExt
 .text.Cy_IPC_Sema_Init
                0x0000000010003324       0x6c /Users/hdm/cypress/vscode/cortex-debug-samples/blinky/psoc6pdl_Cortex-M4/Debug/libpsoc6pdl_Cortex-M4.a(cy_ipc_sema.o)
                0x0000000010003324                Cy_IPC_Sema_Init
 .text.Cy_IPC_Sema_Clear
                0x0000000010003390       0x7c /Users/hdm/cypress/vscode/cortex-debug-samples/blinky/psoc6pdl_Cortex-M4/Debug/libpsoc6pdl_Cortex-M4.a(cy_ipc_sema.o)
                0x0000000010003390                Cy_IPC_Sema_Clear
 .text.Cy_IPC_Sema_Status
                0x000000001000340c       0x40 /Users/hdm/cypress/vscode/cortex-debug-samples/blinky/psoc6pdl_Cortex-M4/Debug/libpsoc6pdl_Cortex-M4.a(cy_ipc_sema.o)
                0x000000001000340c                Cy_IPC_Sema_Status
 .text.Cy_SysClk_ClkPathSetSource
                0x000000001000344c       0x5c /Users/hdm/cypress/vscode/cortex-debug-samples/blinky/psoc6pdl_Cortex-M4/Debug/libpsoc6pdl_Cortex-M4.a(cy_sysclk.o)
                0x000000001000344c                Cy_SysClk_ClkPathSetSource
 .text.Cy_SysClk_ClkPathGetSource
                0x00000000100034a8       0x4c /Users/hdm/cypress/vscode/cortex-debug-samples/blinky/psoc6pdl_Cortex-M4/Debug/libpsoc6pdl_Cortex-M4.a(cy_sysclk.o)
                0x00000000100034a8                Cy_SysClk_ClkPathGetSource
 .text.Cy_SysClk_FllManualConfigure
                0x00000000100034f4      0x164 /Users/hdm/cypress/vscode/cortex-debug-samples/blinky/psoc6pdl_Cortex-M4/Debug/libpsoc6pdl_Cortex-M4.a(cy_sysclk.o)
                0x00000000100034f4                Cy_SysClk_FllManualConfigure
 .text.Cy_SysClk_FllEnable
                0x0000000010003658       0xc4 /Users/hdm/cypress/vscode/cortex-debug-samples/blinky/psoc6pdl_Cortex-M4/Debug/libpsoc6pdl_Cortex-M4.a(cy_sysclk.o)
                0x0000000010003658                Cy_SysClk_FllEnable
 .text.Cy_SysInt_SetVector
                0x000000001000371c       0x48 /Users/hdm/cypress/vscode/cortex-debug-samples/blinky/psoc6pdl_Cortex-M4/Debug/libpsoc6pdl_Cortex-M4.a(cy_sysint.o)
                0x000000001000371c                Cy_SysInt_SetVector
 .text.Cy_SysInt_Init
                0x0000000010003764       0x74 /Users/hdm/cypress/vscode/cortex-debug-samples/blinky/psoc6pdl_Cortex-M4/Debug/libpsoc6pdl_Cortex-M4.a(cy_sysint.o)
                0x0000000010003764                Cy_SysInt_Init
 .text.Cy_SysLib_Delay
                0x00000000100037d8       0x30 /Users/hdm/cypress/vscode/cortex-debug-samples/blinky/psoc6pdl_Cortex-M4/Debug/libpsoc6pdl_Cortex-M4.a(cy_syslib.o)
                0x00000000100037d8                Cy_SysLib_Delay
 .text.Cy_SysLib_DelayUs
                0x0000000010003808       0x14 /Users/hdm/cypress/vscode/cortex-debug-samples/blinky/psoc6pdl_Cortex-M4/Debug/libpsoc6pdl_Cortex-M4.a(cy_syslib.o)
                0x0000000010003808                Cy_SysLib_DelayUs
 .text.Cy_SysLib_Halt
                0x000000001000381c        0x4 /Users/hdm/cypress/vscode/cortex-debug-samples/blinky/psoc6pdl_Cortex-M4/Debug/libpsoc6pdl_Cortex-M4.a(cy_syslib.o)
                0x000000001000381c                Cy_SysLib_Halt
 .text.Cy_SysLib_AssertFailed
                0x0000000010003820       0x1c /Users/hdm/cypress/vscode/cortex-debug-samples/blinky/psoc6pdl_Cortex-M4/Debug/libpsoc6pdl_Cortex-M4.a(cy_syslib.o)
                0x0000000010003820                Cy_SysLib_AssertFailed
 .text.Cy_SysLib_ResetBackupDomain
                0x000000001000383c       0x20 /Users/hdm/cypress/vscode/cortex-debug-samples/blinky/psoc6pdl_Cortex-M4/Debug/libpsoc6pdl_Cortex-M4.a(cy_syslib.o)
                0x000000001000383c                Cy_SysLib_ResetBackupDomain
 .text.Cy_SysLib_GetResetReason
                0x000000001000385c       0x18 /Users/hdm/cypress/vscode/cortex-debug-samples/blinky/psoc6pdl_Cortex-M4/Debug/libpsoc6pdl_Cortex-M4.a(cy_syslib.o)
                0x000000001000385c                Cy_SysLib_GetResetReason
 .text.Cy_SysLib_ProcessingFault
                0x0000000010003874        0x2 /Users/hdm/cypress/vscode/cortex-debug-samples/blinky/psoc6pdl_Cortex-M4/Debug/libpsoc6pdl_Cortex-M4.a(cy_syslib.o)
                0x0000000010003874                Cy_SysLib_ProcessingFault
 *fill*         0x0000000010003876        0x2 
 .text.Cy_SysLib_FaultHandler
                0x0000000010003878       0xa4 /Users/hdm/cypress/vscode/cortex-debug-samples/blinky/psoc6pdl_Cortex-M4/Debug/libpsoc6pdl_Cortex-M4.a(cy_syslib.o)
                0x0000000010003878                Cy_SysLib_FaultHandler
 .text.Cy_SysLib_SetWaitStates
                0x000000001000391c       0xcc /Users/hdm/cypress/vscode/cortex-debug-samples/blinky/psoc6pdl_Cortex-M4/Debug/libpsoc6pdl_Cortex-M4.a(cy_syslib.o)
                0x000000001000391c                Cy_SysLib_SetWaitStates
 .text.SetReadMarginTrimUlp
                0x00000000100039e8       0x84 /Users/hdm/cypress/vscode/cortex-debug-samples/blinky/psoc6pdl_Cortex-M4/Debug/libpsoc6pdl_Cortex-M4.a(cy_syspm.o)
 .text.SetReadMarginTrimLp
                0x0000000010003a6c       0x7c /Users/hdm/cypress/vscode/cortex-debug-samples/blinky/psoc6pdl_Cortex-M4/Debug/libpsoc6pdl_Cortex-M4.a(cy_syspm.o)
 .text.SetWriteAssistTrimUlp
                0x0000000010003ae8       0x58 /Users/hdm/cypress/vscode/cortex-debug-samples/blinky/psoc6pdl_Cortex-M4/Debug/libpsoc6pdl_Cortex-M4.a(cy_syspm.o)
 .text.SetWriteAssistTrimLp
                0x0000000010003b40       0x68 /Users/hdm/cypress/vscode/cortex-debug-samples/blinky/psoc6pdl_Cortex-M4/Debug/libpsoc6pdl_Cortex-M4.a(cy_syspm.o)
 .text.IsVoltageChangePossible
                0x0000000010003ba8       0x46 /Users/hdm/cypress/vscode/cortex-debug-samples/blinky/psoc6pdl_Cortex-M4/Debug/libpsoc6pdl_Cortex-M4.a(cy_syspm.o)
 *fill*         0x0000000010003bee        0x2 
 .text.Cy_SysPm_WriteVoltageBitForFlash
                0x0000000010003bf0      0x118 /Users/hdm/cypress/vscode/cortex-debug-samples/blinky/psoc6pdl_Cortex-M4/Debug/libpsoc6pdl_Cortex-M4.a(cy_syspm.o)
                0x0000000010003bf0                Cy_SysPm_WriteVoltageBitForFlash
 .text.Cy_SysPm_LdoSetVoltage
                0x0000000010003d08       0xcc /Users/hdm/cypress/vscode/cortex-debug-samples/blinky/psoc6pdl_Cortex-M4/Debug/libpsoc6pdl_Cortex-M4.a(cy_syspm.o)
                0x0000000010003d08                Cy_SysPm_LdoSetVoltage
 .text.Cy_Prot_GetActivePC
                0x0000000010003dd4       0x38 /Users/hdm/cypress/vscode/cortex-debug-samples/blinky/psoc6pdl_Cortex-M4/Debug/libpsoc6pdl_Cortex-M4.a(cy_prot.o)
                0x0000000010003dd4                Cy_Prot_GetActivePC
 .text          0x0000000010003e0c      0x378 /Applications/ModusToolbox_2.0/tools/gcc-7.2.1-1.0/bin/../lib/gcc/arm-none-eabi/7.2.1/thumb/v7e-m/fpv4-sp/softfp/libgcc.a(_arm_addsubdf3.o)
                0x0000000010003e0c                __aeabi_drsub
                0x0000000010003e14                __subdf3
                0x0000000010003e14                __aeabi_dsub
                0x0000000010003e18                __aeabi_dadd
                0x0000000010003e18                __adddf3
                0x0000000010004090                __aeabi_ui2d
                0x0000000010004090                __floatunsidf
                0x00000000100040b0                __floatsidf
                0x00000000100040b0                __aeabi_i2d
                0x00000000100040d4                __extendsfdf2
                0x00000000100040d4                __aeabi_f2d
                0x0000000010004118                __aeabi_ul2d
                0x0000000010004118                __floatundidf
                0x0000000010004128                __aeabi_l2d
                0x0000000010004128                __floatdidf
 .text.memset   0x0000000010004184       0x10 /Applications/ModusToolbox_2.0/tools/gcc-7.2.1-1.0/bin/../lib/gcc/arm-none-eabi/7.2.1/../../../../arm-none-eabi/lib/thumb/v7e-m/fpv4-sp/softfp/libg_nano.a(lib_a-memset.o)
                0x0000000010004184                memset
 .text.strncpy  0x0000000010004194       0x2a /Applications/ModusToolbox_2.0/tools/gcc-7.2.1-1.0/bin/../lib/gcc/arm-none-eabi/7.2.1/../../../../arm-none-eabi/lib/thumb/v7e-m/fpv4-sp/softfp/libg_nano.a(lib_a-strncpy.o)
                0x0000000010004194                strncpy
 *(.init)
 *fill*         0x00000000100041be        0x2 
 .init          0x00000000100041c0        0x4 /Applications/ModusToolbox_2.0/tools/gcc-7.2.1-1.0/bin/../lib/gcc/arm-none-eabi/7.2.1/thumb/v7e-m/fpv4-sp/softfp/crti.o
                0x00000000100041c0                _init
 .init          0x00000000100041c4        0x8 /Applications/ModusToolbox_2.0/tools/gcc-7.2.1-1.0/bin/../lib/gcc/arm-none-eabi/7.2.1/thumb/v7e-m/fpv4-sp/softfp/crtn.o
 *(.fini)
 .fini          0x00000000100041cc        0x4 /Applications/ModusToolbox_2.0/tools/gcc-7.2.1-1.0/bin/../lib/gcc/arm-none-eabi/7.2.1/thumb/v7e-m/fpv4-sp/softfp/crti.o
                0x00000000100041cc                _fini
 .fini          0x00000000100041d0        0x8 /Applications/ModusToolbox_2.0/tools/gcc-7.2.1-1.0/bin/../lib/gcc/arm-none-eabi/7.2.1/thumb/v7e-m/fpv4-sp/softfp/crtn.o
 *crtbegin.o(.ctors)
 *crtbegin?.o(.ctors)
 *(EXCLUDE_FILE(*crtend.o *crtend?.o) .ctors)
 *(SORT_BY_NAME(.ctors.*))
 *(.ctors)
 *crtbegin.o(.dtors)
 *crtbegin?.o(.dtors)
 *(EXCLUDE_FILE(*crtend.o *crtend?.o) .dtors)
 *(SORT_BY_NAME(.dtors.*))
 *(.dtors)
 *(.rodata .rodata.* .constdata .constdata.* .conststring .conststring.*)
 .rodata.systemIpcPipeConfigCm4.12913
                0x00000000100041d8       0x34 ./psoc6sw-1.2/components/psoc6pdl/devices/psoc6/startup/system_psoc6_cm4.o
 *fill*         0x000000001000420c        0x4 
 .rodata        0x0000000010004210       0x28 ./Source/main.o
 .rodata.LED_RED_config
                0x0000000010004238       0x34 ./GeneratedSource/cycfg_pins.o
                0x0000000010004238                LED_RED_config
 .rodata.ioss_0_port_6_pin_4_config
                0x000000001000426c       0x34 ./GeneratedSource/cycfg_pins.o
                0x000000001000426c                ioss_0_port_6_pin_4_config
 .rodata.ioss_0_port_6_pin_6_config
                0x00000000100042a0       0x34 ./GeneratedSource/cycfg_pins.o
                0x00000000100042a0                ioss_0_port_6_pin_6_config
 .rodata.ioss_0_port_6_pin_7_config
                0x00000000100042d4       0x34 ./GeneratedSource/cycfg_pins.o
                0x00000000100042d4                ioss_0_port_6_pin_7_config
 .rodata.init_cycfg_platform.str1.4
                0x0000000010004308       0x65 ./GeneratedSource/cycfg_platform.o
 *fill*         0x000000001000436d        0x3 
 .rodata.srss_0_clock_0_fll_0_fllConfig
                0x0000000010004370       0x14 ./GeneratedSource/cycfg_platform.o
 .rodata.cy_deviceIpBlockCfgPSoC6_01
                0x0000000010004384       0xb8 /Users/hdm/cypress/vscode/cortex-debug-samples/blinky/psoc6pdl_Cortex-M4/Debug/libpsoc6pdl_Cortex-M4.a(cy_device.o)
                0x0000000010004384                cy_deviceIpBlockCfgPSoC6_01
 .rodata.Cy_Flash_OperationStatus.str1.4
                0x000000001000443c       0x66 /Users/hdm/cypress/vscode/cortex-debug-samples/blinky/psoc6pdl_Cortex-M4/Debug/libpsoc6pdl_Cortex-M4.a(cy_flash.o)
 *fill*         0x00000000100044a2        0x2 
 .rodata.Cy_GPIO_Pin_Init.str1.4
                0x00000000100044a4       0xc7 /Users/hdm/cypress/vscode/cortex-debug-samples/blinky/psoc6pdl_Cortex-M4/Debug/libpsoc6pdl_Cortex-M4.a(cy_gpio.o)
 .rodata.Cy_IPC_Drv_LockRelease.str1.4
                0x000000001000456b       0x66 /Users/hdm/cypress/vscode/cortex-debug-samples/blinky/psoc6pdl_Cortex-M4/Debug/libpsoc6pdl_Cortex-M4.a(cy_ipc_drv.o)
 *fill*         0x000000001000456b        0x1 
 .rodata.Cy_IPC_Drv_ReadMsgWord.str1.4
                0x000000001000456c       0x65 /Users/hdm/cypress/vscode/cortex-debug-samples/blinky/psoc6pdl_Cortex-M4/Debug/libpsoc6pdl_Cortex-M4.a(cy_ipc_drv.o)
 *fill*         0x00000000100045d1        0x3 
 .rodata.Cy_IPC_Pipe_EndpointInit.str1.4
                0x00000000100045d4       0x66 /Users/hdm/cypress/vscode/cortex-debug-samples/blinky/psoc6pdl_Cortex-M4/Debug/libpsoc6pdl_Cortex-M4.a(cy_ipc_pipe.o)
                                         0xce (size before relaxing)
 .rodata.Cy_IPC_Sema_InitExt.str1.4
                0x000000001000463a       0x66 /Users/hdm/cypress/vscode/cortex-debug-samples/blinky/psoc6pdl_Cortex-M4/Debug/libpsoc6pdl_Cortex-M4.a(cy_ipc_sema.o)
 *fill*         0x000000001000463a        0x2 
 .rodata.Cy_SysClk_ClkPathGetSource.str1.4
                0x000000001000463c       0x64 /Users/hdm/cypress/vscode/cortex-debug-samples/blinky/psoc6pdl_Cortex-M4/Debug/libpsoc6pdl_Cortex-M4.a(cy_sysclk.o)
 .rodata.Cy_SysInt_SetVector.str1.4
                0x00000000100046a0       0x64 /Users/hdm/cypress/vscode/cortex-debug-samples/blinky/psoc6pdl_Cortex-M4/Debug/libpsoc6pdl_Cortex-M4.a(cy_sysint.o)
 .rodata.Cy_SysPm_SetHibernateWakeupSource.str1.4
                0x0000000010004704       0x63 /Users/hdm/cypress/vscode/cortex-debug-samples/blinky/psoc6pdl_Cortex-M4/Debug/libpsoc6pdl_Cortex-M4.a(cy_syspm.o)
 .rodata.Cy_SysPm_WriteVoltageBitForFlash.str1.4
                0x0000000010004767       0x66 /Users/hdm/cypress/vscode/cortex-debug-samples/blinky/psoc6pdl_Cortex-M4/Debug/libpsoc6pdl_Cortex-M4.a(cy_syspm.o)
 *fill*         0x0000000010004767        0x1 
 .rodata.Cy_Prot_ConfigBusMaster.str1.4
                0x0000000010004768       0x64 /Users/hdm/cypress/vscode/cortex-debug-samples/blinky/psoc6pdl_Cortex-M4/Debug/libpsoc6pdl_Cortex-M4.a(cy_prot.o)
                                         0x62 (size before relaxing)
 *(.eh_frame*)
 .eh_frame      0x00000000100047cc        0x0 /Applications/ModusToolbox_2.0/tools/gcc-7.2.1-1.0/bin/../lib/gcc/arm-none-eabi/7.2.1/thumb/v7e-m/fpv4-sp/softfp/crtbegin.o
 .eh_frame      0x00000000100047cc        0x4 /Applications/ModusToolbox_2.0/tools/gcc-7.2.1-1.0/bin/../lib/gcc/arm-none-eabi/7.2.1/thumb/v7e-m/fpv4-sp/softfp/crtend.o

.glue_7         0x00000000100047d0        0x0
 .glue_7        0x00000000100047d0        0x0 linker stubs

.glue_7t        0x00000000100047d0        0x0
 .glue_7t       0x00000000100047d0        0x0 linker stubs

.vfp11_veneer   0x00000000100047d0        0x0
 .vfp11_veneer  0x00000000100047d0        0x0 linker stubs

.v4_bx          0x00000000100047d0        0x0
 .v4_bx         0x00000000100047d0        0x0 linker stubs

.iplt           0x00000000100047d0        0x0
 .iplt          0x00000000100047d0        0x0 /Applications/ModusToolbox_2.0/tools/gcc-7.2.1-1.0/bin/../lib/gcc/arm-none-eabi/7.2.1/thumb/v7e-m/fpv4-sp/softfp/crtbegin.o

.rel.dyn        0x00000000100047d0        0x0
 .rel.iplt      0x00000000100047d0        0x0 /Applications/ModusToolbox_2.0/tools/gcc-7.2.1-1.0/bin/../lib/gcc/arm-none-eabi/7.2.1/thumb/v7e-m/fpv4-sp/softfp/crtbegin.o

.ARM.extab
 *(.ARM.extab* .gnu.linkonce.armextab.*)
                0x00000000100047d0                __exidx_start = .

.ARM.exidx
 *(.ARM.exidx* .gnu.linkonce.armexidx.*)
                0x00000000100047d0                __exidx_end = .

.copy.table     0x00000000100047d0       0x18
                0x00000000100047d0                . = ALIGN (0x4)
                0x00000000100047d0                __copy_table_start__ = .
                0x00000000100047d0        0x4 LONG 0x10002000 __Vectors
                0x00000000100047d4        0x4 LONG 0x8002000 __ram_vectors_start__
                0x00000000100047d8        0x4 LONG 0x28c (__Vectors_End - __Vectors)
                0x00000000100047dc        0x4 LONG 0x100047f0 __etext
                0x00000000100047e0        0x4 LONG 0x800228c __data_start__
                0x00000000100047e4        0x4 LONG 0x574 (__data_end__ - __data_start__)
                0x00000000100047e8                __copy_table_end__ = .

.zero.table     0x00000000100047e8        0x8
                0x00000000100047e8                . = ALIGN (0x4)
                0x00000000100047e8                __zero_table_start__ = .
                0x00000000100047e8        0x4 LONG 0x80028a4 __bss_start__
                0x00000000100047ec        0x4 LONG 0x1e0 (__bss_end__ - __bss_start__)
                0x00000000100047f0                __zero_table_end__ = .
                0x00000000100047f0                __etext = .

.ramVectors     0x0000000008002000      0x28c
                0x0000000008002000                __ram_vectors_start__ = .
 *(.ram_vectors)
 .ram_vectors   0x0000000008002000      0x28c ./psoc6sw-1.2/components/psoc6pdl/devices/psoc6/startup/gcc/startup_psoc6_01_cm4.o
                0x0000000008002000                __ramVectors
                0x000000000800228c                __ram_vectors_end__ = .

.data           0x000000000800228c      0x574 load address 0x00000000100047f0
                0x000000000800228c                __data_start__ = .
 *(vtable)
 *(.data*)
 .data.SystemCoreClock
                0x000000000800228c        0x4 ./psoc6sw-1.2/components/psoc6pdl/devices/psoc6/startup/system_psoc6_cm4.o
                0x000000000800228c                SystemCoreClock
 .data.cy_Hfclk0FreqHz
                0x0000000008002290        0x4 ./psoc6sw-1.2/components/psoc6pdl/devices/psoc6/startup/system_psoc6_cm4.o
                0x0000000008002290                cy_Hfclk0FreqHz
 .data.cy_PeriClkFreqHz
                0x0000000008002294        0x4 ./psoc6sw-1.2/components/psoc6pdl/devices/psoc6/startup/system_psoc6_cm4.o
                0x0000000008002294                cy_PeriClkFreqHz
 .data.cy_delay32kMs
                0x0000000008002298        0x4 ./psoc6sw-1.2/components/psoc6pdl/devices/psoc6/startup/system_psoc6_cm4.o
                0x0000000008002298                cy_delay32kMs
 .data.cy_delayFreqHz
                0x000000000800229c        0x4 ./psoc6sw-1.2/components/psoc6pdl/devices/psoc6/startup/system_psoc6_cm4.o
                0x000000000800229c                cy_delayFreqHz
 .data.cy_delayFreqKhz
                0x00000000080022a0        0x4 ./psoc6sw-1.2/components/psoc6pdl/devices/psoc6/startup/system_psoc6_cm4.o
                0x00000000080022a0                cy_delayFreqKhz
 .data.cy_delayFreqMhz
                0x00000000080022a4        0x1 ./psoc6sw-1.2/components/psoc6pdl/devices/psoc6/startup/system_psoc6_cm4.o
                0x00000000080022a4                cy_delayFreqMhz
                0x00000000080022a8                . = ALIGN (0x4)
 *fill*         0x00000000080022a5        0x3 
                0x00000000080022a8                PROVIDE (__preinit_array_start, .)
 *(.preinit_array)
                0x00000000080022a8                PROVIDE (__preinit_array_end, .)
                0x00000000080022a8                . = ALIGN (0x4)
                0x00000000080022a8                PROVIDE (__init_array_start, .)
 *(SORT_BY_NAME(.init_array.*))
 *(.init_array)
 .init_array    0x00000000080022a8        0x4 /Applications/ModusToolbox_2.0/tools/gcc-7.2.1-1.0/bin/../lib/gcc/arm-none-eabi/7.2.1/thumb/v7e-m/fpv4-sp/softfp/crtbegin.o
                0x00000000080022ac                PROVIDE (__init_array_end, .)
                0x00000000080022ac                . = ALIGN (0x4)
                [!provide]                        PROVIDE (__fini_array_start, .)
 *(SORT_BY_NAME(.fini_array.*))
 *(.fini_array)
 .fini_array    0x00000000080022ac        0x4 /Applications/ModusToolbox_2.0/tools/gcc-7.2.1-1.0/bin/../lib/gcc/arm-none-eabi/7.2.1/thumb/v7e-m/fpv4-sp/softfp/crtbegin.o
                [!provide]                        PROVIDE (__fini_array_end, .)
 *(.jcr*)
                0x00000000080022b0                . = ALIGN (0x4)
 *(.cy_ramfunc*)
 .cy_ramfunc    0x00000000080022b0      0x300 /Users/hdm/cypress/vscode/cortex-debug-samples/blinky/psoc6pdl_Cortex-M4/Debug/libpsoc6pdl_Cortex-M4.a(cy_flash.o)
                0x000000000800231c                Cy_Flash_ResumeIrqHandler
 .cy_ramfunc    0x00000000080025b0      0x210 /Users/hdm/cypress/vscode/cortex-debug-samples/blinky/psoc6pdl_Cortex-M4/Debug/libpsoc6pdl_Cortex-M4.a(cy_syspm.o)
 .cy_ramfunc.__stub
                0x00000000080027c0       0x40 linker stubs
                0x0000000008002800                . = ALIGN (0x4)
                0x0000000008002800                __data_end__ = .

.igot.plt       0x0000000008002800        0x0 load address 0x0000000010004d64
 .igot.plt      0x0000000008002800        0x0 /Applications/ModusToolbox_2.0/tools/gcc-7.2.1-1.0/bin/../lib/gcc/arm-none-eabi/7.2.1/thumb/v7e-m/fpv4-sp/softfp/crtbegin.o

.cy_sharedmem   0x0000000008002800        0xc load address 0x0000000010004d64
 .cy_sharedmem  0x0000000008002800        0x4 /Users/hdm/cypress/vscode/cortex-debug-samples/blinky/psoc6pdl_Cortex-M4/Debug/libpsoc6pdl_Cortex-M4.a(cy_flash.o)
 .cy_sharedmem  0x0000000008002804        0x8 /Users/hdm/cypress/vscode/cortex-debug-samples/blinky/psoc6pdl_Cortex-M4/Debug/libpsoc6pdl_Cortex-M4.a(cy_ipc_sema.o)

.noinit         0x0000000008002810       0x94 load address 0x0000000010004d78
 *(.noinit)
 .noinit        0x0000000008002810       0x94 /Users/hdm/cypress/vscode/cortex-debug-samples/blinky/psoc6pdl_Cortex-M4/Debug/libpsoc6pdl_Cortex-M4.a(cy_syslib.o)
                0x0000000008002810                cy_assertFileName
                0x0000000008002828                cy_assertLine
                0x000000000800282c                cy_faultFrame

.bss            0x00000000080028a4      0x1e0 load address 0x0000000010004e0c
                0x00000000080028a4                . = ALIGN (0x4)
                0x00000000080028a4                __bss_start__ = .
 *(.bss*)
 .bss           0x00000000080028a4       0x1c /Applications/ModusToolbox_2.0/tools/gcc-7.2.1-1.0/bin/../lib/gcc/arm-none-eabi/7.2.1/thumb/v7e-m/fpv4-sp/softfp/crtbegin.o
 .bss.systemIpcPipeEpArray.12911
                0x00000000080028c0      0x160 ./psoc6sw-1.2/components/psoc6pdl/devices/psoc6/startup/system_psoc6_cm4.o
 .bss.systemIpcPipeSysCbArray.12912
                0x0000000008002a20       0x20 ./psoc6sw-1.2/components/psoc6pdl/devices/psoc6/startup/system_psoc6_cm4.o
 .bss.flashContext
                0x0000000008002a40       0x10 /Users/hdm/cypress/vscode/cortex-debug-samples/blinky/psoc6pdl_Cortex-M4/Debug/libpsoc6pdl_Cortex-M4.a(cy_flash.o)
 .bss.ipcWaitMessage
                0x0000000008002a50        0x4 /Users/hdm/cypress/vscode/cortex-debug-samples/blinky/psoc6pdl_Cortex-M4/Debug/libpsoc6pdl_Cortex-M4.a(cy_flash.o)
 .bss.cy_ipc_pipe_epArray
                0x0000000008002a54        0x4 /Users/hdm/cypress/vscode/cortex-debug-samples/blinky/psoc6pdl_Cortex-M4/Debug/libpsoc6pdl_Cortex-M4.a(cy_ipc_pipe.o)
 .bss.cy_semaIpcStruct
                0x0000000008002a58        0x4 /Users/hdm/cypress/vscode/cortex-debug-samples/blinky/psoc6pdl_Cortex-M4/Debug/libpsoc6pdl_Cortex-M4.a(cy_ipc_sema.o)
 .bss.bkpRegs   0x0000000008002a5c       0x20 /Users/hdm/cypress/vscode/cortex-debug-samples/blinky/psoc6pdl_Cortex-M4/Debug/libpsoc6pdl_Cortex-M4.a(cy_syspm.o)
 .bss.wasEventSent
                0x0000000008002a7c        0x1 /Users/hdm/cypress/vscode/cortex-debug-samples/blinky/psoc6pdl_Cortex-M4/Debug/libpsoc6pdl_Cortex-M4.a(cy_syspm.o)
 *(COMMON)
 *fill*         0x0000000008002a7d        0x3 
 COMMON         0x0000000008002a80        0x4 /Users/hdm/cypress/vscode/cortex-debug-samples/blinky/psoc6pdl_Cortex-M4/Debug/libpsoc6pdl_Cortex-M4.a(cy_device.o)
                0x0000000008002a80                cy_device
                0x0000000008002a84                . = ALIGN (0x4)
                0x0000000008002a84                __bss_end__ = .

.heap           0x0000000008002a88    0x43d78 load address 0x0000000010004ff0
                0x0000000008002a88                __HeapBase = .
                0x0000000008002a88                __end__ = .
                0x0000000008002a88                end = __end__
 *(.heap*)
 .heap          0x0000000008002a88      0x400 ./psoc6sw-1.2/components/psoc6pdl/devices/psoc6/startup/gcc/startup_psoc6_01_cm4.o
                0x0000000008046800                . = ((ORIGIN (ram) + LENGTH (ram)) - STACK_SIZE)
 *fill*         0x0000000008002e88    0x43978 
                0x0000000008046800                __HeapLimit = .

.stack_dummy    0x0000000008046800     0x1000
 *(.stack*)
 .stack         0x0000000008046800     0x1000 ./psoc6sw-1.2/components/psoc6pdl/devices/psoc6/startup/gcc/startup_psoc6_01_cm4.o
                0x0000000008047800                __StackTop = (ORIGIN (ram) + LENGTH (ram))
                0x0000000008046800                __StackLimit = (__StackTop - SIZEOF (.stack_dummy))
                0x0000000008047800                PROVIDE (__stack, __StackTop)
                0x0000000000000001                ASSERT ((__StackLimit >= __HeapLimit), region RAM overflowed with stack)

.cy_app_signature
 *(.cy_app_signature)

.cy_em_eeprom
 *(.cy_em_eeprom)

.cy_sflash_user_data
 *(.cy_sflash_user_data)

.cy_sflash_nar
 *(.cy_sflash_nar)

.cy_sflash_public_key
 *(.cy_sflash_public_key)

.cy_toc_part2
 *(.cy_toc_part2)

.cy_rtoc_part2
 *(.cy_rtoc_part2)

.cy_xip
 *(.cy_xip)

.cy_efuse
 *(.cy_efuse)

.cymeta
 *(.cymeta)
                0x0000000010000000                __cy_memory_0_start = 0x10000000
                0x0000000000100000                __cy_memory_0_length = 0x100000
                0x0000000000000200                __cy_memory_0_row_size = 0x200
                0x0000000014000000                __cy_memory_1_start = 0x14000000
                0x0000000000008000                __cy_memory_1_length = 0x8000
                0x0000000000000200                __cy_memory_1_row_size = 0x200
                0x0000000016000000                __cy_memory_2_start = 0x16000000
                0x0000000000008000                __cy_memory_2_length = 0x8000
                0x0000000000000200                __cy_memory_2_row_size = 0x200
                0x0000000018000000                __cy_memory_3_start = 0x18000000
                0x0000000008000000                __cy_memory_3_length = 0x8000000
                0x0000000000000200                __cy_memory_3_row_size = 0x200
                0x0000000090700000                __cy_memory_4_start = 0x90700000
                0x0000000000100000                __cy_memory_4_length = 0x100000
                0x0000000000000001                __cy_memory_4_row_size = 0x1
OUTPUT(BlinkyLED_mainapp.elf elf32-littlearm)

.ARM.attributes
                0x0000000000000000       0x2e
 .ARM.attributes
                0x0000000000000000       0x22 /Applications/ModusToolbox_2.0/tools/gcc-7.2.1-1.0/bin/../lib/gcc/arm-none-eabi/7.2.1/thumb/v7e-m/fpv4-sp/softfp/crti.o
 .ARM.attributes
                0x0000000000000022       0x32 /Applications/ModusToolbox_2.0/tools/gcc-7.2.1-1.0/bin/../lib/gcc/arm-none-eabi/7.2.1/thumb/v7e-m/fpv4-sp/softfp/crtbegin.o
 .ARM.attributes
                0x0000000000000054       0x1f ./psoc6sw-1.2/components/psoc6pdl/devices/psoc6/startup/gcc/startup_psoc6_01_cm4.o
 .ARM.attributes
                0x0000000000000073       0x37 ./psoc6sw-1.2/components/psoc6pdl/devices/psoc6/startup/system_psoc6_cm4.o
 .ARM.attributes
                0x00000000000000aa       0x37 ./Source/blah.o
 .ARM.attributes
                0x00000000000000e1       0x37 ./Source/main.o
 .ARM.attributes
                0x0000000000000118       0x37 ./GeneratedSource/cycfg.o
 .ARM.attributes
                0x000000000000014f       0x37 ./GeneratedSource/cycfg_pins.o
 .ARM.attributes
                0x0000000000000186       0x37 ./GeneratedSource/cycfg_platform.o
 .ARM.attributes
                0x00000000000001bd       0x37 ./GeneratedSource/cycfg_routing.o
 .ARM.attributes
                0x00000000000001f4       0x25 /Users/hdm/cypress/vscode/cortex-debug-samples/blinky/psoc6pdl_Cortex-M4/Debug/libpsoc6pdl_Cortex-M4.a(cy_syslib_gcc.o)
 .ARM.attributes
                0x0000000000000219       0x37 /Users/hdm/cypress/vscode/cortex-debug-samples/blinky/psoc6pdl_Cortex-M4/Debug/libpsoc6pdl_Cortex-M4.a(cy_device.o)
 .ARM.attributes
                0x0000000000000250       0x37 /Users/hdm/cypress/vscode/cortex-debug-samples/blinky/psoc6pdl_Cortex-M4/Debug/libpsoc6pdl_Cortex-M4.a(cy_flash.o)
 .ARM.attributes
                0x0000000000000287       0x37 /Users/hdm/cypress/vscode/cortex-debug-samples/blinky/psoc6pdl_Cortex-M4/Debug/libpsoc6pdl_Cortex-M4.a(cy_gpio.o)
 .ARM.attributes
                0x00000000000002be       0x37 /Users/hdm/cypress/vscode/cortex-debug-samples/blinky/psoc6pdl_Cortex-M4/Debug/libpsoc6pdl_Cortex-M4.a(cy_ipc_drv.o)
 .ARM.attributes
                0x00000000000002f5       0x37 /Users/hdm/cypress/vscode/cortex-debug-samples/blinky/psoc6pdl_Cortex-M4/Debug/libpsoc6pdl_Cortex-M4.a(cy_ipc_pipe.o)
 .ARM.attributes
                0x000000000000032c       0x37 /Users/hdm/cypress/vscode/cortex-debug-samples/blinky/psoc6pdl_Cortex-M4/Debug/libpsoc6pdl_Cortex-M4.a(cy_ipc_sema.o)
 .ARM.attributes
                0x0000000000000363       0x37 /Users/hdm/cypress/vscode/cortex-debug-samples/blinky/psoc6pdl_Cortex-M4/Debug/libpsoc6pdl_Cortex-M4.a(cy_sysclk.o)
 .ARM.attributes
                0x000000000000039a       0x37 /Users/hdm/cypress/vscode/cortex-debug-samples/blinky/psoc6pdl_Cortex-M4/Debug/libpsoc6pdl_Cortex-M4.a(cy_sysint.o)
 .ARM.attributes
                0x00000000000003d1       0x37 /Users/hdm/cypress/vscode/cortex-debug-samples/blinky/psoc6pdl_Cortex-M4/Debug/libpsoc6pdl_Cortex-M4.a(cy_syslib.o)
 .ARM.attributes
                0x0000000000000408       0x37 /Users/hdm/cypress/vscode/cortex-debug-samples/blinky/psoc6pdl_Cortex-M4/Debug/libpsoc6pdl_Cortex-M4.a(cy_syspm.o)
 .ARM.attributes
                0x000000000000043f       0x37 /Users/hdm/cypress/vscode/cortex-debug-samples/blinky/psoc6pdl_Cortex-M4/Debug/libpsoc6pdl_Cortex-M4.a(cy_prot.o)
 .ARM.attributes
                0x0000000000000476       0x22 /Applications/ModusToolbox_2.0/tools/gcc-7.2.1-1.0/bin/../lib/gcc/arm-none-eabi/7.2.1/thumb/v7e-m/fpv4-sp/softfp/libgcc.a(_arm_addsubdf3.o)
 .ARM.attributes
                0x0000000000000498       0x32 /Applications/ModusToolbox_2.0/tools/gcc-7.2.1-1.0/bin/../lib/gcc/arm-none-eabi/7.2.1/../../../../arm-none-eabi/lib/thumb/v7e-m/fpv4-sp/softfp/libg_nano.a(lib_a-memset.o)
 .ARM.attributes
                0x00000000000004ca       0x32 /Applications/ModusToolbox_2.0/tools/gcc-7.2.1-1.0/bin/../lib/gcc/arm-none-eabi/7.2.1/../../../../arm-none-eabi/lib/thumb/v7e-m/fpv4-sp/softfp/libg_nano.a(lib_a-strncpy.o)
 .ARM.attributes
                0x00000000000004fc       0x32 /Applications/ModusToolbox_2.0/tools/gcc-7.2.1-1.0/bin/../lib/gcc/arm-none-eabi/7.2.1/thumb/v7e-m/fpv4-sp/softfp/crtend.o
 .ARM.attributes
                0x000000000000052e       0x22 /Applications/ModusToolbox_2.0/tools/gcc-7.2.1-1.0/bin/../lib/gcc/arm-none-eabi/7.2.1/thumb/v7e-m/fpv4-sp/softfp/crtn.o

.comment        0x0000000000000000       0x7e
 .comment       0x0000000000000000       0x7e ./psoc6sw-1.2/components/psoc6pdl/devices/psoc6/startup/system_psoc6_cm4.o
                                         0x7f (size before relaxing)
 .comment       0x000000000000007e       0x7f ./Source/blah.o
 .comment       0x000000000000007e       0x7f ./Source/main.o
 .comment       0x000000000000007e       0x7f ./GeneratedSource/cycfg.o
 .comment       0x000000000000007e       0x7f ./GeneratedSource/cycfg_pins.o
 .comment       0x000000000000007e       0x7f ./GeneratedSource/cycfg_platform.o
 .comment       0x000000000000007e       0x7f ./GeneratedSource/cycfg_routing.o
 .comment       0x000000000000007e       0x7f /Users/hdm/cypress/vscode/cortex-debug-samples/blinky/psoc6pdl_Cortex-M4/Debug/libpsoc6pdl_Cortex-M4.a(cy_device.o)
 .comment       0x000000000000007e       0x7f /Users/hdm/cypress/vscode/cortex-debug-samples/blinky/psoc6pdl_Cortex-M4/Debug/libpsoc6pdl_Cortex-M4.a(cy_flash.o)
 .comment       0x000000000000007e       0x7f /Users/hdm/cypress/vscode/cortex-debug-samples/blinky/psoc6pdl_Cortex-M4/Debug/libpsoc6pdl_Cortex-M4.a(cy_gpio.o)
 .comment       0x000000000000007e       0x7f /Users/hdm/cypress/vscode/cortex-debug-samples/blinky/psoc6pdl_Cortex-M4/Debug/libpsoc6pdl_Cortex-M4.a(cy_ipc_drv.o)
 .comment       0x000000000000007e       0x7f /Users/hdm/cypress/vscode/cortex-debug-samples/blinky/psoc6pdl_Cortex-M4/Debug/libpsoc6pdl_Cortex-M4.a(cy_ipc_pipe.o)
 .comment       0x000000000000007e       0x7f /Users/hdm/cypress/vscode/cortex-debug-samples/blinky/psoc6pdl_Cortex-M4/Debug/libpsoc6pdl_Cortex-M4.a(cy_ipc_sema.o)
 .comment       0x000000000000007e       0x7f /Users/hdm/cypress/vscode/cortex-debug-samples/blinky/psoc6pdl_Cortex-M4/Debug/libpsoc6pdl_Cortex-M4.a(cy_sysclk.o)
 .comment       0x000000000000007e       0x7f /Users/hdm/cypress/vscode/cortex-debug-samples/blinky/psoc6pdl_Cortex-M4/Debug/libpsoc6pdl_Cortex-M4.a(cy_sysint.o)
 .comment       0x000000000000007e       0x7f /Users/hdm/cypress/vscode/cortex-debug-samples/blinky/psoc6pdl_Cortex-M4/Debug/libpsoc6pdl_Cortex-M4.a(cy_syslib.o)
 .comment       0x000000000000007e       0x7f /Users/hdm/cypress/vscode/cortex-debug-samples/blinky/psoc6pdl_Cortex-M4/Debug/libpsoc6pdl_Cortex-M4.a(cy_syspm.o)
 .comment       0x000000000000007e       0x7f /Users/hdm/cypress/vscode/cortex-debug-samples/blinky/psoc6pdl_Cortex-M4/Debug/libpsoc6pdl_Cortex-M4.a(cy_prot.o)

.debug_line     0x0000000000000000     0xb7f1
 .debug_line    0x0000000000000000       0xc7 ./psoc6sw-1.2/components/psoc6pdl/devices/psoc6/startup/gcc/startup_psoc6_01_cm4.o
 .debug_line    0x00000000000000c7      0x8ab ./psoc6sw-1.2/components/psoc6pdl/devices/psoc6/startup/system_psoc6_cm4.o
 .debug_line    0x0000000000000972      0xf13 ./Source/blah.o
 .debug_line    0x0000000000001885      0xf3c ./Source/main.o
 .debug_line    0x00000000000027c1      0x7c1 ./GeneratedSource/cycfg.o
 .debug_line    0x0000000000002f82      0x78c ./GeneratedSource/cycfg_pins.o
 .debug_line    0x000000000000370e      0x872 ./GeneratedSource/cycfg_platform.o
 .debug_line    0x0000000000003f80       0x79 ./GeneratedSource/cycfg_routing.o
 .debug_line    0x0000000000003ff9       0xac /Users/hdm/cypress/vscode/cortex-debug-samples/blinky/psoc6pdl_Cortex-M4/Debug/libpsoc6pdl_Cortex-M4.a(cy_syslib_gcc.o)
 .debug_line    0x00000000000040a5      0x502 /Users/hdm/cypress/vscode/cortex-debug-samples/blinky/psoc6pdl_Cortex-M4/Debug/libpsoc6pdl_Cortex-M4.a(cy_device.o)
 .debug_line    0x00000000000045a7      0xce4 /Users/hdm/cypress/vscode/cortex-debug-samples/blinky/psoc6pdl_Cortex-M4/Debug/libpsoc6pdl_Cortex-M4.a(cy_flash.o)
 .debug_line    0x000000000000528b      0x985 /Users/hdm/cypress/vscode/cortex-debug-samples/blinky/psoc6pdl_Cortex-M4/Debug/libpsoc6pdl_Cortex-M4.a(cy_gpio.o)
 .debug_line    0x0000000000005c10      0x804 /Users/hdm/cypress/vscode/cortex-debug-samples/blinky/psoc6pdl_Cortex-M4/Debug/libpsoc6pdl_Cortex-M4.a(cy_ipc_drv.o)
 .debug_line    0x0000000000006414      0x9ea /Users/hdm/cypress/vscode/cortex-debug-samples/blinky/psoc6pdl_Cortex-M4/Debug/libpsoc6pdl_Cortex-M4.a(cy_ipc_pipe.o)
 .debug_line    0x0000000000006dfe      0x988 /Users/hdm/cypress/vscode/cortex-debug-samples/blinky/psoc6pdl_Cortex-M4/Debug/libpsoc6pdl_Cortex-M4.a(cy_ipc_sema.o)
 .debug_line    0x0000000000007786      0xfd2 /Users/hdm/cypress/vscode/cortex-debug-samples/blinky/psoc6pdl_Cortex-M4/Debug/libpsoc6pdl_Cortex-M4.a(cy_sysclk.o)
 .debug_line    0x0000000000008758      0x7db /Users/hdm/cypress/vscode/cortex-debug-samples/blinky/psoc6pdl_Cortex-M4/Debug/libpsoc6pdl_Cortex-M4.a(cy_sysint.o)
 .debug_line    0x0000000000008f33      0x952 /Users/hdm/cypress/vscode/cortex-debug-samples/blinky/psoc6pdl_Cortex-M4/Debug/libpsoc6pdl_Cortex-M4.a(cy_syslib.o)
 .debug_line    0x0000000000009885      0xf6e /Users/hdm/cypress/vscode/cortex-debug-samples/blinky/psoc6pdl_Cortex-M4/Debug/libpsoc6pdl_Cortex-M4.a(cy_syspm.o)
 .debug_line    0x000000000000a7f3      0xffe /Users/hdm/cypress/vscode/cortex-debug-samples/blinky/psoc6pdl_Cortex-M4/Debug/libpsoc6pdl_Cortex-M4.a(cy_prot.o)

.debug_info     0x0000000000000000    0x2aec0
 .debug_info    0x0000000000000000       0x26 ./psoc6sw-1.2/components/psoc6pdl/devices/psoc6/startup/gcc/startup_psoc6_01_cm4.o
 .debug_info    0x0000000000000026     0x213a ./psoc6sw-1.2/components/psoc6pdl/devices/psoc6/startup/system_psoc6_cm4.o
 .debug_info    0x0000000000002160     0x43a8 ./Source/blah.o
 .debug_info    0x0000000000006508     0x4645 ./Source/main.o
 .debug_info    0x000000000000ab4d     0x3548 ./GeneratedSource/cycfg.o
 .debug_info    0x000000000000e095     0x378d ./GeneratedSource/cycfg_pins.o
 .debug_info    0x0000000000011822     0x1d8c ./GeneratedSource/cycfg_platform.o
 .debug_info    0x00000000000135ae       0x3b ./GeneratedSource/cycfg_routing.o
 .debug_info    0x00000000000135e9       0x26 /Users/hdm/cypress/vscode/cortex-debug-samples/blinky/psoc6pdl_Cortex-M4/Debug/libpsoc6pdl_Cortex-M4.a(cy_syslib_gcc.o)
 .debug_info    0x000000000001360f      0x578 /Users/hdm/cypress/vscode/cortex-debug-samples/blinky/psoc6pdl_Cortex-M4/Debug/libpsoc6pdl_Cortex-M4.a(cy_device.o)
 .debug_info    0x0000000000013b87     0x2ec8 /Users/hdm/cypress/vscode/cortex-debug-samples/blinky/psoc6pdl_Cortex-M4/Debug/libpsoc6pdl_Cortex-M4.a(cy_flash.o)
 .debug_info    0x0000000000016a4f     0x1ad2 /Users/hdm/cypress/vscode/cortex-debug-samples/blinky/psoc6pdl_Cortex-M4/Debug/libpsoc6pdl_Cortex-M4.a(cy_gpio.o)
 .debug_info    0x0000000000018521      0xf47 /Users/hdm/cypress/vscode/cortex-debug-samples/blinky/psoc6pdl_Cortex-M4/Debug/libpsoc6pdl_Cortex-M4.a(cy_ipc_drv.o)
 .debug_info    0x0000000000019468     0x1ca9 /Users/hdm/cypress/vscode/cortex-debug-samples/blinky/psoc6pdl_Cortex-M4/Debug/libpsoc6pdl_Cortex-M4.a(cy_ipc_pipe.o)
 .debug_info    0x000000000001b111     0x1a83 /Users/hdm/cypress/vscode/cortex-debug-samples/blinky/psoc6pdl_Cortex-M4/Debug/libpsoc6pdl_Cortex-M4.a(cy_ipc_sema.o)
 .debug_info    0x000000000001cb94     0x2f23 /Users/hdm/cypress/vscode/cortex-debug-samples/blinky/psoc6pdl_Cortex-M4/Debug/libpsoc6pdl_Cortex-M4.a(cy_sysclk.o)
 .debug_info    0x000000000001fab7     0x1048 /Users/hdm/cypress/vscode/cortex-debug-samples/blinky/psoc6pdl_Cortex-M4/Debug/libpsoc6pdl_Cortex-M4.a(cy_sysint.o)
 .debug_info    0x0000000000020aff     0x2cc9 /Users/hdm/cypress/vscode/cortex-debug-samples/blinky/psoc6pdl_Cortex-M4/Debug/libpsoc6pdl_Cortex-M4.a(cy_syslib.o)
 .debug_info    0x00000000000237c8     0x4592 /Users/hdm/cypress/vscode/cortex-debug-samples/blinky/psoc6pdl_Cortex-M4/Debug/libpsoc6pdl_Cortex-M4.a(cy_syspm.o)
 .debug_info    0x0000000000027d5a     0x3166 /Users/hdm/cypress/vscode/cortex-debug-samples/blinky/psoc6pdl_Cortex-M4/Debug/libpsoc6pdl_Cortex-M4.a(cy_prot.o)

.debug_abbrev   0x0000000000000000     0x2e1a
 .debug_abbrev  0x0000000000000000       0x14 ./psoc6sw-1.2/components/psoc6pdl/devices/psoc6/startup/gcc/startup_psoc6_01_cm4.o
 .debug_abbrev  0x0000000000000014      0x27e ./psoc6sw-1.2/components/psoc6pdl/devices/psoc6/startup/system_psoc6_cm4.o
 .debug_abbrev  0x0000000000000292      0x21f ./Source/blah.o
 .debug_abbrev  0x00000000000004b1      0x2d5 ./Source/main.o
 .debug_abbrev  0x0000000000000786      0x158 ./GeneratedSource/cycfg.o
 .debug_abbrev  0x00000000000008de      0x1a9 ./GeneratedSource/cycfg_pins.o
 .debug_abbrev  0x0000000000000a87      0x2e4 ./GeneratedSource/cycfg_platform.o
 .debug_abbrev  0x0000000000000d6b       0x2f ./GeneratedSource/cycfg_routing.o
 .debug_abbrev  0x0000000000000d9a       0x14 /Users/hdm/cypress/vscode/cortex-debug-samples/blinky/psoc6pdl_Cortex-M4/Debug/libpsoc6pdl_Cortex-M4.a(cy_syslib_gcc.o)
 .debug_abbrev  0x0000000000000dae       0xb8 /Users/hdm/cypress/vscode/cortex-debug-samples/blinky/psoc6pdl_Cortex-M4/Debug/libpsoc6pdl_Cortex-M4.a(cy_device.o)
 .debug_abbrev  0x0000000000000e66      0x3ca /Users/hdm/cypress/vscode/cortex-debug-samples/blinky/psoc6pdl_Cortex-M4/Debug/libpsoc6pdl_Cortex-M4.a(cy_flash.o)
 .debug_abbrev  0x0000000000001230      0x2a0 /Users/hdm/cypress/vscode/cortex-debug-samples/blinky/psoc6pdl_Cortex-M4/Debug/libpsoc6pdl_Cortex-M4.a(cy_gpio.o)
 .debug_abbrev  0x00000000000014d0      0x1e7 /Users/hdm/cypress/vscode/cortex-debug-samples/blinky/psoc6pdl_Cortex-M4/Debug/libpsoc6pdl_Cortex-M4.a(cy_ipc_drv.o)
 .debug_abbrev  0x00000000000016b7      0x390 /Users/hdm/cypress/vscode/cortex-debug-samples/blinky/psoc6pdl_Cortex-M4/Debug/libpsoc6pdl_Cortex-M4.a(cy_ipc_pipe.o)
 .debug_abbrev  0x0000000000001a47      0x346 /Users/hdm/cypress/vscode/cortex-debug-samples/blinky/psoc6pdl_Cortex-M4/Debug/libpsoc6pdl_Cortex-M4.a(cy_ipc_sema.o)
 .debug_abbrev  0x0000000000001d8d      0x44d /Users/hdm/cypress/vscode/cortex-debug-samples/blinky/psoc6pdl_Cortex-M4/Debug/libpsoc6pdl_Cortex-M4.a(cy_sysclk.o)
 .debug_abbrev  0x00000000000021da      0x266 /Users/hdm/cypress/vscode/cortex-debug-samples/blinky/psoc6pdl_Cortex-M4/Debug/libpsoc6pdl_Cortex-M4.a(cy_sysint.o)
 .debug_abbrev  0x0000000000002440      0x383 /Users/hdm/cypress/vscode/cortex-debug-samples/blinky/psoc6pdl_Cortex-M4/Debug/libpsoc6pdl_Cortex-M4.a(cy_syslib.o)
 .debug_abbrev  0x00000000000027c3      0x3af /Users/hdm/cypress/vscode/cortex-debug-samples/blinky/psoc6pdl_Cortex-M4/Debug/libpsoc6pdl_Cortex-M4.a(cy_syspm.o)
 .debug_abbrev  0x0000000000002b72      0x2a8 /Users/hdm/cypress/vscode/cortex-debug-samples/blinky/psoc6pdl_Cortex-M4/Debug/libpsoc6pdl_Cortex-M4.a(cy_prot.o)

.debug_aranges  0x0000000000000000      0x770
 .debug_aranges
                0x0000000000000000       0x20 ./psoc6sw-1.2/components/psoc6pdl/devices/psoc6/startup/gcc/startup_psoc6_01_cm4.o
 .debug_aranges
                0x0000000000000020       0x40 ./psoc6sw-1.2/components/psoc6pdl/devices/psoc6/startup/system_psoc6_cm4.o
 .debug_aranges
                0x0000000000000060       0x20 ./Source/blah.o
 .debug_aranges
                0x0000000000000080       0x20 ./Source/main.o
 .debug_aranges
                0x00000000000000a0       0x20 ./GeneratedSource/cycfg.o
 .debug_aranges
                0x00000000000000c0       0x20 ./GeneratedSource/cycfg_pins.o
 .debug_aranges
                0x00000000000000e0       0x28 ./GeneratedSource/cycfg_platform.o
 .debug_aranges
                0x0000000000000108       0x20 ./GeneratedSource/cycfg_routing.o
 .debug_aranges
                0x0000000000000128       0x20 /Users/hdm/cypress/vscode/cortex-debug-samples/blinky/psoc6pdl_Cortex-M4/Debug/libpsoc6pdl_Cortex-M4.a(cy_syslib_gcc.o)
 .debug_aranges
                0x0000000000000148       0x20 /Users/hdm/cypress/vscode/cortex-debug-samples/blinky/psoc6pdl_Cortex-M4/Debug/libpsoc6pdl_Cortex-M4.a(cy_device.o)
 .debug_aranges
                0x0000000000000168       0xd8 /Users/hdm/cypress/vscode/cortex-debug-samples/blinky/psoc6pdl_Cortex-M4/Debug/libpsoc6pdl_Cortex-M4.a(cy_flash.o)
 .debug_aranges
                0x0000000000000240       0x48 /Users/hdm/cypress/vscode/cortex-debug-samples/blinky/psoc6pdl_Cortex-M4/Debug/libpsoc6pdl_Cortex-M4.a(cy_gpio.o)
 .debug_aranges
                0x0000000000000288       0x30 /Users/hdm/cypress/vscode/cortex-debug-samples/blinky/psoc6pdl_Cortex-M4/Debug/libpsoc6pdl_Cortex-M4.a(cy_ipc_drv.o)
 .debug_aranges
                0x00000000000002b8       0x68 /Users/hdm/cypress/vscode/cortex-debug-samples/blinky/psoc6pdl_Cortex-M4/Debug/libpsoc6pdl_Cortex-M4.a(cy_ipc_pipe.o)
 .debug_aranges
                0x0000000000000320       0x48 /Users/hdm/cypress/vscode/cortex-debug-samples/blinky/psoc6pdl_Cortex-M4/Debug/libpsoc6pdl_Cortex-M4.a(cy_ipc_sema.o)
 .debug_aranges
                0x0000000000000368       0xb0 /Users/hdm/cypress/vscode/cortex-debug-samples/blinky/psoc6pdl_Cortex-M4/Debug/libpsoc6pdl_Cortex-M4.a(cy_sysclk.o)
 .debug_aranges
                0x0000000000000418       0x30 /Users/hdm/cypress/vscode/cortex-debug-samples/blinky/psoc6pdl_Cortex-M4/Debug/libpsoc6pdl_Cortex-M4.a(cy_sysint.o)
 .debug_aranges
                0x0000000000000448       0x78 /Users/hdm/cypress/vscode/cortex-debug-samples/blinky/psoc6pdl_Cortex-M4/Debug/libpsoc6pdl_Cortex-M4.a(cy_syslib.o)
 .debug_aranges
                0x00000000000004c0      0x118 /Users/hdm/cypress/vscode/cortex-debug-samples/blinky/psoc6pdl_Cortex-M4/Debug/libpsoc6pdl_Cortex-M4.a(cy_syspm.o)
 .debug_aranges
                0x00000000000005d8      0x198 /Users/hdm/cypress/vscode/cortex-debug-samples/blinky/psoc6pdl_Cortex-M4/Debug/libpsoc6pdl_Cortex-M4.a(cy_prot.o)

.debug_str      0x0000000000000000    0xedafb
 .debug_str     0x0000000000000000       0xb1 ./psoc6sw-1.2/components/psoc6pdl/devices/psoc6/startup/gcc/startup_psoc6_01_cm4.o
 .debug_str     0x00000000000000b1    0xbb7a5 ./psoc6sw-1.2/components/psoc6pdl/devices/psoc6/startup/system_psoc6_cm4.o
                                      0xbbb22 (size before relaxing)
 .debug_str     0x00000000000bb856    0x29850 ./Source/blah.o
                                      0xe3467 (size before relaxing)
 .debug_str     0x00000000000e50a6      0x127 ./Source/main.o
                                      0xe35d7 (size before relaxing)
 .debug_str     0x00000000000e51cd       0x52 ./GeneratedSource/cycfg.o
                                      0xc3b01 (size before relaxing)
 .debug_str     0x00000000000e521f       0x31 ./GeneratedSource/cycfg_pins.o
                                      0xc15fa (size before relaxing)
 .debug_str     0x00000000000e5250      0xe41 ./GeneratedSource/cycfg_platform.o
                                      0xbc55b (size before relaxing)
 .debug_str     0x00000000000e6091       0x23 ./GeneratedSource/cycfg_routing.o
                                       0x2e1e (size before relaxing)
 .debug_str     0x00000000000e60b4       0xbb /Users/hdm/cypress/vscode/cortex-debug-samples/blinky/psoc6pdl_Cortex-M4/Debug/libpsoc6pdl_Cortex-M4.a(cy_syslib_gcc.o)
                                         0xca (size before relaxing)
 .debug_str     0x00000000000e616f       0x77 /Users/hdm/cypress/vscode/cortex-debug-samples/blinky/psoc6pdl_Cortex-M4/Debug/libpsoc6pdl_Cortex-M4.a(cy_device.o)
                                      0x66918 (size before relaxing)
 .debug_str     0x00000000000e61e6     0x2ad1 /Users/hdm/cypress/vscode/cortex-debug-samples/blinky/psoc6pdl_Cortex-M4/Debug/libpsoc6pdl_Cortex-M4.a(cy_flash.o)
                                      0xb13e4 (size before relaxing)
 .debug_str     0x00000000000e8cb7      0x4c2 /Users/hdm/cypress/vscode/cortex-debug-samples/blinky/psoc6pdl_Cortex-M4/Debug/libpsoc6pdl_Cortex-M4.a(cy_gpio.o)
                                      0xad7b0 (size before relaxing)
 .debug_str     0x00000000000e9179      0x123 /Users/hdm/cypress/vscode/cortex-debug-samples/blinky/psoc6pdl_Cortex-M4/Debug/libpsoc6pdl_Cortex-M4.a(cy_ipc_drv.o)
                                      0xac0a8 (size before relaxing)
 .debug_str     0x00000000000e929c      0x33c /Users/hdm/cypress/vscode/cortex-debug-samples/blinky/psoc6pdl_Cortex-M4/Debug/libpsoc6pdl_Cortex-M4.a(cy_ipc_pipe.o)
                                      0xad0cf (size before relaxing)
 .debug_str     0x00000000000e95d8      0x14e /Users/hdm/cypress/vscode/cortex-debug-samples/blinky/psoc6pdl_Cortex-M4/Debug/libpsoc6pdl_Cortex-M4.a(cy_ipc_sema.o)
                                      0xaf0d0 (size before relaxing)
 .debug_str     0x00000000000e9726     0x1230 /Users/hdm/cypress/vscode/cortex-debug-samples/blinky/psoc6pdl_Cortex-M4/Debug/libpsoc6pdl_Cortex-M4.a(cy_sysclk.o)
                                      0xb3149 (size before relaxing)
 .debug_str     0x00000000000ea956       0xe9 /Users/hdm/cypress/vscode/cortex-debug-samples/blinky/psoc6pdl_Cortex-M4/Debug/libpsoc6pdl_Cortex-M4.a(cy_sysint.o)
                                      0xac46f (size before relaxing)
 .debug_str     0x00000000000eaa3f      0x889 /Users/hdm/cypress/vscode/cortex-debug-samples/blinky/psoc6pdl_Cortex-M4/Debug/libpsoc6pdl_Cortex-M4.a(cy_syslib.o)
                                      0xaff12 (size before relaxing)
 .debug_str     0x00000000000eb2c8     0x1821 /Users/hdm/cypress/vscode/cortex-debug-samples/blinky/psoc6pdl_Cortex-M4/Debug/libpsoc6pdl_Cortex-M4.a(cy_syspm.o)
                                      0xb3542 (size before relaxing)
 .debug_str     0x00000000000ecae9     0x1012 /Users/hdm/cypress/vscode/cortex-debug-samples/blinky/psoc6pdl_Cortex-M4/Debug/libpsoc6pdl_Cortex-M4.a(cy_prot.o)
                                      0xaea4a (size before relaxing)

.debug_loc      0x0000000000000000     0x863a
 .debug_loc     0x0000000000000000      0x225 ./psoc6sw-1.2/components/psoc6pdl/devices/psoc6/startup/system_psoc6_cm4.o
 .debug_loc     0x0000000000000225       0x2c ./Source/blah.o
 .debug_loc     0x0000000000000251       0x58 ./Source/main.o
 .debug_loc     0x00000000000002a9      0x254 ./GeneratedSource/cycfg_platform.o
 .debug_loc     0x00000000000004fd      0xf7b /Users/hdm/cypress/vscode/cortex-debug-samples/blinky/psoc6pdl_Cortex-M4/Debug/libpsoc6pdl_Cortex-M4.a(cy_flash.o)
 .debug_loc     0x0000000000001478      0x9d8 /Users/hdm/cypress/vscode/cortex-debug-samples/blinky/psoc6pdl_Cortex-M4/Debug/libpsoc6pdl_Cortex-M4.a(cy_gpio.o)
 .debug_loc     0x0000000000001e50      0x3e0 /Users/hdm/cypress/vscode/cortex-debug-samples/blinky/psoc6pdl_Cortex-M4/Debug/libpsoc6pdl_Cortex-M4.a(cy_ipc_drv.o)
 .debug_loc     0x0000000000002230      0x9d6 /Users/hdm/cypress/vscode/cortex-debug-samples/blinky/psoc6pdl_Cortex-M4/Debug/libpsoc6pdl_Cortex-M4.a(cy_ipc_pipe.o)
 .debug_loc     0x0000000000002c06      0x83a /Users/hdm/cypress/vscode/cortex-debug-samples/blinky/psoc6pdl_Cortex-M4/Debug/libpsoc6pdl_Cortex-M4.a(cy_ipc_sema.o)
 .debug_loc     0x0000000000003440     0x1d49 /Users/hdm/cypress/vscode/cortex-debug-samples/blinky/psoc6pdl_Cortex-M4/Debug/libpsoc6pdl_Cortex-M4.a(cy_sysclk.o)
 .debug_loc     0x0000000000005189      0x224 /Users/hdm/cypress/vscode/cortex-debug-samples/blinky/psoc6pdl_Cortex-M4/Debug/libpsoc6pdl_Cortex-M4.a(cy_sysint.o)
 .debug_loc     0x00000000000053ad      0x18f /Users/hdm/cypress/vscode/cortex-debug-samples/blinky/psoc6pdl_Cortex-M4/Debug/libpsoc6pdl_Cortex-M4.a(cy_syslib.o)
 .debug_loc     0x000000000000553c     0x111c /Users/hdm/cypress/vscode/cortex-debug-samples/blinky/psoc6pdl_Cortex-M4/Debug/libpsoc6pdl_Cortex-M4.a(cy_syspm.o)
 .debug_loc     0x0000000000006658     0x1fe2 /Users/hdm/cypress/vscode/cortex-debug-samples/blinky/psoc6pdl_Cortex-M4/Debug/libpsoc6pdl_Cortex-M4.a(cy_prot.o)

.debug_ranges   0x0000000000000000      0xd10
 .debug_ranges  0x0000000000000000       0x48 ./psoc6sw-1.2/components/psoc6pdl/devices/psoc6/startup/system_psoc6_cm4.o
 .debug_ranges  0x0000000000000048       0x10 ./Source/blah.o
 .debug_ranges  0x0000000000000058       0x10 ./Source/main.o
 .debug_ranges  0x0000000000000068       0x10 ./GeneratedSource/cycfg.o
 .debug_ranges  0x0000000000000078       0x10 ./GeneratedSource/cycfg_pins.o
 .debug_ranges  0x0000000000000088       0x60 ./GeneratedSource/cycfg_platform.o
 .debug_ranges  0x00000000000000e8       0x10 ./GeneratedSource/cycfg_routing.o
 .debug_ranges  0x00000000000000f8       0x10 /Users/hdm/cypress/vscode/cortex-debug-samples/blinky/psoc6pdl_Cortex-M4/Debug/libpsoc6pdl_Cortex-M4.a(cy_device.o)
 .debug_ranges  0x0000000000000108      0x1f8 /Users/hdm/cypress/vscode/cortex-debug-samples/blinky/psoc6pdl_Cortex-M4/Debug/libpsoc6pdl_Cortex-M4.a(cy_flash.o)
 .debug_ranges  0x0000000000000300      0x110 /Users/hdm/cypress/vscode/cortex-debug-samples/blinky/psoc6pdl_Cortex-M4/Debug/libpsoc6pdl_Cortex-M4.a(cy_gpio.o)
 .debug_ranges  0x0000000000000410       0x50 /Users/hdm/cypress/vscode/cortex-debug-samples/blinky/psoc6pdl_Cortex-M4/Debug/libpsoc6pdl_Cortex-M4.a(cy_ipc_drv.o)
 .debug_ranges  0x0000000000000460       0xb8 /Users/hdm/cypress/vscode/cortex-debug-samples/blinky/psoc6pdl_Cortex-M4/Debug/libpsoc6pdl_Cortex-M4.a(cy_ipc_pipe.o)
 .debug_ranges  0x0000000000000518       0x80 /Users/hdm/cypress/vscode/cortex-debug-samples/blinky/psoc6pdl_Cortex-M4/Debug/libpsoc6pdl_Cortex-M4.a(cy_ipc_sema.o)
 .debug_ranges  0x0000000000000598      0x288 /Users/hdm/cypress/vscode/cortex-debug-samples/blinky/psoc6pdl_Cortex-M4/Debug/libpsoc6pdl_Cortex-M4.a(cy_sysclk.o)
 .debug_ranges  0x0000000000000820       0x38 /Users/hdm/cypress/vscode/cortex-debug-samples/blinky/psoc6pdl_Cortex-M4/Debug/libpsoc6pdl_Cortex-M4.a(cy_sysint.o)
 .debug_ranges  0x0000000000000858       0x68 /Users/hdm/cypress/vscode/cortex-debug-samples/blinky/psoc6pdl_Cortex-M4/Debug/libpsoc6pdl_Cortex-M4.a(cy_syslib.o)
 .debug_ranges  0x00000000000008c0      0x2b0 /Users/hdm/cypress/vscode/cortex-debug-samples/blinky/psoc6pdl_Cortex-M4/Debug/libpsoc6pdl_Cortex-M4.a(cy_syspm.o)
 .debug_ranges  0x0000000000000b70      0x1a0 /Users/hdm/cypress/vscode/cortex-debug-samples/blinky/psoc6pdl_Cortex-M4/Debug/libpsoc6pdl_Cortex-M4.a(cy_prot.o)

.debug_macro    0x0000000000000000    0x2875f
 .debug_macro   0x0000000000000000      0x432 ./psoc6sw-1.2/components/psoc6pdl/devices/psoc6/startup/system_psoc6_cm4.o
 .debug_macro   0x0000000000000432      0xa5a ./psoc6sw-1.2/components/psoc6pdl/devices/psoc6/startup/system_psoc6_cm4.o
 .debug_macro   0x0000000000000e8c       0x22 ./psoc6sw-1.2/components/psoc6pdl/devices/psoc6/startup/system_psoc6_cm4.o
 .debug_macro   0x0000000000000eae       0x22 ./psoc6sw-1.2/components/psoc6pdl/devices/psoc6/startup/system_psoc6_cm4.o
 .debug_macro   0x0000000000000ed0       0x87 ./psoc6sw-1.2/components/psoc6pdl/devices/psoc6/startup/system_psoc6_cm4.o
 .debug_macro   0x0000000000000f57       0x51 ./psoc6sw-1.2/components/psoc6pdl/devices/psoc6/startup/system_psoc6_cm4.o
 .debug_macro   0x0000000000000fa8       0xef ./psoc6sw-1.2/components/psoc6pdl/devices/psoc6/startup/system_psoc6_cm4.o
 .debug_macro   0x0000000000001097       0x6a ./psoc6sw-1.2/components/psoc6pdl/devices/psoc6/startup/system_psoc6_cm4.o
 .debug_macro   0x0000000000001101      0x1df ./psoc6sw-1.2/components/psoc6pdl/devices/psoc6/startup/system_psoc6_cm4.o
 .debug_macro   0x00000000000012e0       0x97 ./psoc6sw-1.2/components/psoc6pdl/devices/psoc6/startup/system_psoc6_cm4.o
 .debug_macro   0x0000000000001377      0x174 ./psoc6sw-1.2/components/psoc6pdl/devices/psoc6/startup/system_psoc6_cm4.o
 .debug_macro   0x00000000000014eb       0x1c ./psoc6sw-1.2/components/psoc6pdl/devices/psoc6/startup/system_psoc6_cm4.o
 .debug_macro   0x0000000000001507      0x568 ./psoc6sw-1.2/components/psoc6pdl/devices/psoc6/startup/system_psoc6_cm4.o
 .debug_macro   0x0000000000001a6f      0x6e6 ./psoc6sw-1.2/components/psoc6pdl/devices/psoc6/startup/system_psoc6_cm4.o
 .debug_macro   0x0000000000002155      0xa7a ./psoc6sw-1.2/components/psoc6pdl/devices/psoc6/startup/system_psoc6_cm4.o
 .debug_macro   0x0000000000002bcf      0xdec ./psoc6sw-1.2/components/psoc6pdl/devices/psoc6/startup/system_psoc6_cm4.o
 .debug_macro   0x00000000000039bb      0x9eb ./psoc6sw-1.2/components/psoc6pdl/devices/psoc6/startup/system_psoc6_cm4.o
 .debug_macro   0x00000000000043a6      0x9ec ./psoc6sw-1.2/components/psoc6pdl/devices/psoc6/startup/system_psoc6_cm4.o
 .debug_macro   0x0000000000004d92       0xbe ./psoc6sw-1.2/components/psoc6pdl/devices/psoc6/startup/system_psoc6_cm4.o
 .debug_macro   0x0000000000004e50       0xfa ./psoc6sw-1.2/components/psoc6pdl/devices/psoc6/startup/system_psoc6_cm4.o
 .debug_macro   0x0000000000004f4a      0x630 ./psoc6sw-1.2/components/psoc6pdl/devices/psoc6/startup/system_psoc6_cm4.o
 .debug_macro   0x000000000000557a      0xb92 ./psoc6sw-1.2/components/psoc6pdl/devices/psoc6/startup/system_psoc6_cm4.o
 .debug_macro   0x000000000000610c      0x3b0 ./psoc6sw-1.2/components/psoc6pdl/devices/psoc6/startup/system_psoc6_cm4.o
 .debug_macro   0x00000000000064bc      0x8bc ./psoc6sw-1.2/components/psoc6pdl/devices/psoc6/startup/system_psoc6_cm4.o
 .debug_macro   0x0000000000006d78      0x3c6 ./psoc6sw-1.2/components/psoc6pdl/devices/psoc6/startup/system_psoc6_cm4.o
 .debug_macro   0x000000000000713e     0x1221 ./psoc6sw-1.2/components/psoc6pdl/devices/psoc6/startup/system_psoc6_cm4.o
 .debug_macro   0x000000000000835f       0xca ./psoc6sw-1.2/components/psoc6pdl/devices/psoc6/startup/system_psoc6_cm4.o
 .debug_macro   0x0000000000008429      0x6b3 ./psoc6sw-1.2/components/psoc6pdl/devices/psoc6/startup/system_psoc6_cm4.o
 .debug_macro   0x0000000000008adc      0x6b3 ./psoc6sw-1.2/components/psoc6pdl/devices/psoc6/startup/system_psoc6_cm4.o
 .debug_macro   0x000000000000918f      0x118 ./psoc6sw-1.2/components/psoc6pdl/devices/psoc6/startup/system_psoc6_cm4.o
 .debug_macro   0x00000000000092a7      0x127 ./psoc6sw-1.2/components/psoc6pdl/devices/psoc6/startup/system_psoc6_cm4.o
 .debug_macro   0x00000000000093ce     0x2cd8 ./psoc6sw-1.2/components/psoc6pdl/devices/psoc6/startup/system_psoc6_cm4.o
 .debug_macro   0x000000000000c0a6      0x1ea ./psoc6sw-1.2/components/psoc6pdl/devices/psoc6/startup/system_psoc6_cm4.o
 .debug_macro   0x000000000000c290      0x29a ./psoc6sw-1.2/components/psoc6pdl/devices/psoc6/startup/system_psoc6_cm4.o
 .debug_macro   0x000000000000c52a      0x38d ./psoc6sw-1.2/components/psoc6pdl/devices/psoc6/startup/system_psoc6_cm4.o
 .debug_macro   0x000000000000c8b7      0x520 ./psoc6sw-1.2/components/psoc6pdl/devices/psoc6/startup/system_psoc6_cm4.o
 .debug_macro   0x000000000000cdd7      0x235 ./psoc6sw-1.2/components/psoc6pdl/devices/psoc6/startup/system_psoc6_cm4.o
 .debug_macro   0x000000000000d00c       0xd0 ./psoc6sw-1.2/components/psoc6pdl/devices/psoc6/startup/system_psoc6_cm4.o
 .debug_macro   0x000000000000d0dc     0x11aa ./psoc6sw-1.2/components/psoc6pdl/devices/psoc6/startup/system_psoc6_cm4.o
 .debug_macro   0x000000000000e286     0x13a2 ./psoc6sw-1.2/components/psoc6pdl/devices/psoc6/startup/system_psoc6_cm4.o
 .debug_macro   0x000000000000f628      0x106 ./psoc6sw-1.2/components/psoc6pdl/devices/psoc6/startup/system_psoc6_cm4.o
 .debug_macro   0x000000000000f72e     0x14e1 ./psoc6sw-1.2/components/psoc6pdl/devices/psoc6/startup/system_psoc6_cm4.o
 .debug_macro   0x0000000000010c0f       0x3b ./psoc6sw-1.2/components/psoc6pdl/devices/psoc6/startup/system_psoc6_cm4.o
 .debug_macro   0x0000000000010c4a       0x1c ./psoc6sw-1.2/components/psoc6pdl/devices/psoc6/startup/system_psoc6_cm4.o
 .debug_macro   0x0000000000010c66       0x22 ./psoc6sw-1.2/components/psoc6pdl/devices/psoc6/startup/system_psoc6_cm4.o
 .debug_macro   0x0000000000010c88       0xdf ./psoc6sw-1.2/components/psoc6pdl/devices/psoc6/startup/system_psoc6_cm4.o
 .debug_macro   0x0000000000010d67      0xff5 ./psoc6sw-1.2/components/psoc6pdl/devices/psoc6/startup/system_psoc6_cm4.o
 .debug_macro   0x0000000000011d5c       0xe2 ./psoc6sw-1.2/components/psoc6pdl/devices/psoc6/startup/system_psoc6_cm4.o
 .debug_macro   0x0000000000011e3e       0x66 ./psoc6sw-1.2/components/psoc6pdl/devices/psoc6/startup/system_psoc6_cm4.o
 .debug_macro   0x0000000000011ea4      0x1fc ./psoc6sw-1.2/components/psoc6pdl/devices/psoc6/startup/system_psoc6_cm4.o
 .debug_macro   0x00000000000120a0      0x199 ./psoc6sw-1.2/components/psoc6pdl/devices/psoc6/startup/system_psoc6_cm4.o
 .debug_macro   0x0000000000012239      0x616 ./psoc6sw-1.2/components/psoc6pdl/devices/psoc6/startup/system_psoc6_cm4.o
 .debug_macro   0x000000000001284f       0xd6 ./psoc6sw-1.2/components/psoc6pdl/devices/psoc6/startup/system_psoc6_cm4.o
 .debug_macro   0x0000000000012925      0x674 ./psoc6sw-1.2/components/psoc6pdl/devices/psoc6/startup/system_psoc6_cm4.o
 .debug_macro   0x0000000000012f99      0x294 ./psoc6sw-1.2/components/psoc6pdl/devices/psoc6/startup/system_psoc6_cm4.o
 .debug_macro   0x000000000001322d      0x937 ./psoc6sw-1.2/components/psoc6pdl/devices/psoc6/startup/system_psoc6_cm4.o
 .debug_macro   0x0000000000013b64      0x271 ./psoc6sw-1.2/components/psoc6pdl/devices/psoc6/startup/system_psoc6_cm4.o
 .debug_macro   0x0000000000013dd5     0x29fe ./psoc6sw-1.2/components/psoc6pdl/devices/psoc6/startup/system_psoc6_cm4.o
 .debug_macro   0x00000000000167d3     0x21b6 ./psoc6sw-1.2/components/psoc6pdl/devices/psoc6/startup/system_psoc6_cm4.o
 .debug_macro   0x0000000000018989      0x5a9 ./psoc6sw-1.2/components/psoc6pdl/devices/psoc6/startup/system_psoc6_cm4.o
 .debug_macro   0x0000000000018f32     0x1043 ./psoc6sw-1.2/components/psoc6pdl/devices/psoc6/startup/system_psoc6_cm4.o
 .debug_macro   0x0000000000019f75      0x52e ./psoc6sw-1.2/components/psoc6pdl/devices/psoc6/startup/system_psoc6_cm4.o
 .debug_macro   0x000000000001a4a3      0x10c ./psoc6sw-1.2/components/psoc6pdl/devices/psoc6/startup/system_psoc6_cm4.o
 .debug_macro   0x000000000001a5af      0xd82 ./psoc6sw-1.2/components/psoc6pdl/devices/psoc6/startup/system_psoc6_cm4.o
 .debug_macro   0x000000000001b331      0x16b ./psoc6sw-1.2/components/psoc6pdl/devices/psoc6/startup/system_psoc6_cm4.o
 .debug_macro   0x000000000001b49c     0x1432 ./psoc6sw-1.2/components/psoc6pdl/devices/psoc6/startup/system_psoc6_cm4.o
 .debug_macro   0x000000000001c8ce      0xd14 ./psoc6sw-1.2/components/psoc6pdl/devices/psoc6/startup/system_psoc6_cm4.o
 .debug_macro   0x000000000001d5e2      0xeeb ./psoc6sw-1.2/components/psoc6pdl/devices/psoc6/startup/system_psoc6_cm4.o
 .debug_macro   0x000000000001e4cd      0x3a7 ./psoc6sw-1.2/components/psoc6pdl/devices/psoc6/startup/system_psoc6_cm4.o
 .debug_macro   0x000000000001e874       0x5f ./psoc6sw-1.2/components/psoc6pdl/devices/psoc6/startup/system_psoc6_cm4.o
 .debug_macro   0x000000000001e8d3       0x43 ./psoc6sw-1.2/components/psoc6pdl/devices/psoc6/startup/system_psoc6_cm4.o
 .debug_macro   0x000000000001e916       0x22 ./psoc6sw-1.2/components/psoc6pdl/devices/psoc6/startup/system_psoc6_cm4.o
 .debug_macro   0x000000000001e938       0xcf ./psoc6sw-1.2/components/psoc6pdl/devices/psoc6/startup/system_psoc6_cm4.o
 .debug_macro   0x000000000001ea07       0x7b ./psoc6sw-1.2/components/psoc6pdl/devices/psoc6/startup/system_psoc6_cm4.o
 .debug_macro   0x000000000001ea82       0x65 ./psoc6sw-1.2/components/psoc6pdl/devices/psoc6/startup/system_psoc6_cm4.o
 .debug_macro   0x000000000001eae7      0x8c5 ./Source/blah.o
 .debug_macro   0x000000000001f3ac       0x9d ./Source/blah.o
 .debug_macro   0x000000000001f449      0x10b ./Source/blah.o
 .debug_macro   0x000000000001f554      0x72c ./Source/blah.o
 .debug_macro   0x000000000001fc80      0x26e ./Source/blah.o
 .debug_macro   0x000000000001feee       0x10 ./Source/blah.o
 .debug_macro   0x000000000001fefe       0x88 ./Source/blah.o
 .debug_macro   0x000000000001ff86      0x28b ./Source/blah.o
 .debug_macro   0x0000000000020211       0x58 ./Source/blah.o
 .debug_macro   0x0000000000020269       0x17 ./Source/blah.o
 .debug_macro   0x0000000000020280       0x35 ./Source/blah.o
 .debug_macro   0x00000000000202b5       0x9c ./Source/blah.o
 .debug_macro   0x0000000000020351       0x58 ./Source/blah.o
 .debug_macro   0x00000000000203a9       0x1f ./Source/blah.o
 .debug_macro   0x00000000000203c8       0x43 ./Source/blah.o
 .debug_macro   0x000000000002040b       0x20 ./Source/blah.o
 .debug_macro   0x000000000002042b      0x18e ./Source/blah.o
 .debug_macro   0x00000000000205b9      0x32a ./Source/blah.o
 .debug_macro   0x00000000000208e3       0x10 ./Source/blah.o
 .debug_macro   0x00000000000208f3       0x35 ./Source/blah.o
 .debug_macro   0x0000000000020928       0x16 ./Source/blah.o
 .debug_macro   0x000000000002093e       0x11 ./Source/blah.o
 .debug_macro   0x000000000002094f      0x169 ./Source/blah.o
 .debug_macro   0x0000000000020ab8      0x353 ./Source/blah.o
 .debug_macro   0x0000000000020e0b       0x43 ./Source/blah.o
 .debug_macro   0x0000000000020e4e       0xdd ./Source/blah.o
 .debug_macro   0x0000000000020f2b       0x6d ./Source/blah.o
 .debug_macro   0x0000000000020f98       0xac ./Source/blah.o
 .debug_macro   0x0000000000021044      0x138 ./Source/blah.o
 .debug_macro   0x000000000002117c       0x22 ./Source/blah.o
 .debug_macro   0x000000000002119e      0x2e3 ./Source/blah.o
 .debug_macro   0x0000000000021481      0x11c ./Source/blah.o
 .debug_macro   0x000000000002159d       0x81 ./Source/blah.o
 .debug_macro   0x000000000002161e       0x28 ./Source/blah.o
 .debug_macro   0x0000000000021646      0x100 ./Source/blah.o
 .debug_macro   0x0000000000021746       0x35 ./Source/blah.o
 .debug_macro   0x000000000002177b       0xb3 ./Source/blah.o
 .debug_macro   0x000000000002182e       0xf2 ./Source/blah.o
 .debug_macro   0x0000000000021920       0x4a ./Source/blah.o
 .debug_macro   0x000000000002196a      0x170 ./Source/blah.o
 .debug_macro   0x0000000000021ada      0x25e ./Source/blah.o
 .debug_macro   0x0000000000021d38      0x115 ./Source/blah.o
 .debug_macro   0x0000000000021e4d      0x281 ./Source/blah.o
 .debug_macro   0x00000000000220ce       0x89 ./Source/blah.o
 .debug_macro   0x0000000000022157      0x306 ./Source/blah.o
 .debug_macro   0x000000000002245d      0x10e ./Source/blah.o
 .debug_macro   0x000000000002256b      0x1a1 ./Source/blah.o
 .debug_macro   0x000000000002270c      0x12d ./Source/blah.o
 .debug_macro   0x0000000000022839       0x7b ./Source/blah.o
 .debug_macro   0x00000000000228b4      0x211 ./Source/blah.o
 .debug_macro   0x0000000000022ac5      0x3b3 ./Source/blah.o
 .debug_macro   0x0000000000022e78       0x26 ./Source/blah.o
 .debug_macro   0x0000000000022e9e      0x131 ./Source/blah.o
 .debug_macro   0x0000000000022fcf       0x7b ./Source/blah.o
 .debug_macro   0x000000000002304a       0xf6 ./Source/blah.o
 .debug_macro   0x0000000000023140       0x34 ./Source/blah.o
 .debug_macro   0x0000000000023174       0x89 ./Source/blah.o
 .debug_macro   0x00000000000231fd      0x112 ./Source/blah.o
 .debug_macro   0x000000000002330f      0x170 ./Source/blah.o
 .debug_macro   0x000000000002347f       0x22 ./Source/blah.o
 .debug_macro   0x00000000000234a1       0xa0 ./Source/blah.o
 .debug_macro   0x0000000000023541       0x2e ./Source/blah.o
 .debug_macro   0x000000000002356f      0x8c5 ./Source/main.o
 .debug_macro   0x0000000000023e34      0x39a ./GeneratedSource/cycfg.o
 .debug_macro   0x00000000000241ce       0x66 ./GeneratedSource/cycfg.o
 .debug_macro   0x0000000000024234      0x357 ./GeneratedSource/cycfg_pins.o
 .debug_macro   0x000000000002458b      0x416 ./GeneratedSource/cycfg_platform.o
 .debug_macro   0x00000000000249a1      0x3ae ./GeneratedSource/cycfg_platform.o
 .debug_macro   0x0000000000024d4f       0x2a ./GeneratedSource/cycfg_routing.o
 .debug_macro   0x0000000000024d79       0x1c ./GeneratedSource/cycfg_routing.o
 .debug_macro   0x0000000000024d95      0x18f /Users/hdm/cypress/vscode/cortex-debug-samples/blinky/psoc6pdl_Cortex-M4/Debug/libpsoc6pdl_Cortex-M4.a(cy_device.o)
 .debug_macro   0x0000000000024f24      0xa4e /Users/hdm/cypress/vscode/cortex-debug-samples/blinky/psoc6pdl_Cortex-M4/Debug/libpsoc6pdl_Cortex-M4.a(cy_device.o)
 .debug_macro   0x0000000000025972      0x56a /Users/hdm/cypress/vscode/cortex-debug-samples/blinky/psoc6pdl_Cortex-M4/Debug/libpsoc6pdl_Cortex-M4.a(cy_flash.o)
 .debug_macro   0x0000000000025edc       0x34 /Users/hdm/cypress/vscode/cortex-debug-samples/blinky/psoc6pdl_Cortex-M4/Debug/libpsoc6pdl_Cortex-M4.a(cy_flash.o)
 .debug_macro   0x0000000000025f10       0xc8 /Users/hdm/cypress/vscode/cortex-debug-samples/blinky/psoc6pdl_Cortex-M4/Debug/libpsoc6pdl_Cortex-M4.a(cy_flash.o)
 .debug_macro   0x0000000000025fd8       0xd6 /Users/hdm/cypress/vscode/cortex-debug-samples/blinky/psoc6pdl_Cortex-M4/Debug/libpsoc6pdl_Cortex-M4.a(cy_flash.o)
 .debug_macro   0x00000000000260ae      0x106 /Users/hdm/cypress/vscode/cortex-debug-samples/blinky/psoc6pdl_Cortex-M4/Debug/libpsoc6pdl_Cortex-M4.a(cy_flash.o)
 .debug_macro   0x00000000000261b4       0xf9 /Users/hdm/cypress/vscode/cortex-debug-samples/blinky/psoc6pdl_Cortex-M4/Debug/libpsoc6pdl_Cortex-M4.a(cy_flash.o)
 .debug_macro   0x00000000000262ad       0x5f /Users/hdm/cypress/vscode/cortex-debug-samples/blinky/psoc6pdl_Cortex-M4/Debug/libpsoc6pdl_Cortex-M4.a(cy_flash.o)
 .debug_macro   0x000000000002630c      0x367 /Users/hdm/cypress/vscode/cortex-debug-samples/blinky/psoc6pdl_Cortex-M4/Debug/libpsoc6pdl_Cortex-M4.a(cy_gpio.o)
 .debug_macro   0x0000000000026673      0x35a /Users/hdm/cypress/vscode/cortex-debug-samples/blinky/psoc6pdl_Cortex-M4/Debug/libpsoc6pdl_Cortex-M4.a(cy_ipc_drv.o)
 .debug_macro   0x00000000000269cd      0x37e /Users/hdm/cypress/vscode/cortex-debug-samples/blinky/psoc6pdl_Cortex-M4/Debug/libpsoc6pdl_Cortex-M4.a(cy_ipc_pipe.o)
 .debug_macro   0x0000000000026d4b      0x433 /Users/hdm/cypress/vscode/cortex-debug-samples/blinky/psoc6pdl_Cortex-M4/Debug/libpsoc6pdl_Cortex-M4.a(cy_ipc_sema.o)
 .debug_macro   0x000000000002717e      0x54b /Users/hdm/cypress/vscode/cortex-debug-samples/blinky/psoc6pdl_Cortex-M4/Debug/libpsoc6pdl_Cortex-M4.a(cy_sysclk.o)
 .debug_macro   0x00000000000276c9       0x16 /Users/hdm/cypress/vscode/cortex-debug-samples/blinky/psoc6pdl_Cortex-M4/Debug/libpsoc6pdl_Cortex-M4.a(cy_sysclk.o)
 .debug_macro   0x00000000000276df       0x16 /Users/hdm/cypress/vscode/cortex-debug-samples/blinky/psoc6pdl_Cortex-M4/Debug/libpsoc6pdl_Cortex-M4.a(cy_sysclk.o)
 .debug_macro   0x00000000000276f5       0x29 /Users/hdm/cypress/vscode/cortex-debug-samples/blinky/psoc6pdl_Cortex-M4/Debug/libpsoc6pdl_Cortex-M4.a(cy_sysclk.o)
 .debug_macro   0x000000000002771e      0x35b /Users/hdm/cypress/vscode/cortex-debug-samples/blinky/psoc6pdl_Cortex-M4/Debug/libpsoc6pdl_Cortex-M4.a(cy_sysint.o)
 .debug_macro   0x0000000000027a79      0x445 /Users/hdm/cypress/vscode/cortex-debug-samples/blinky/psoc6pdl_Cortex-M4/Debug/libpsoc6pdl_Cortex-M4.a(cy_syslib.o)
 .debug_macro   0x0000000000027ebe      0x53b /Users/hdm/cypress/vscode/cortex-debug-samples/blinky/psoc6pdl_Cortex-M4/Debug/libpsoc6pdl_Cortex-M4.a(cy_syspm.o)
 .debug_macro   0x00000000000283f9      0x366 /Users/hdm/cypress/vscode/cortex-debug-samples/blinky/psoc6pdl_Cortex-M4/Debug/libpsoc6pdl_Cortex-M4.a(cy_prot.o)

.debug_frame    0x0000000000000000     0x14bc
 .debug_frame   0x0000000000000000       0x88 ./psoc6sw-1.2/components/psoc6pdl/devices/psoc6/startup/system_psoc6_cm4.o
 .debug_frame   0x0000000000000088       0x28 ./Source/blah.o
 .debug_frame   0x00000000000000b0       0x28 ./Source/main.o
 .debug_frame   0x00000000000000d8       0x28 ./GeneratedSource/cycfg.o
 .debug_frame   0x0000000000000100       0x28 ./GeneratedSource/cycfg_pins.o
 .debug_frame   0x0000000000000128       0x38 ./GeneratedSource/cycfg_platform.o
 .debug_frame   0x0000000000000160       0x20 ./GeneratedSource/cycfg_routing.o